Archive member included to satisfy reference by file (symbol)

I:/cubeclt/cube/STM32CubeCLT_1.16.0/GNU-tools-for-STM32/bin/../lib/gcc/arm-none-eabi/12.3.1/../../../../arm-none-eabi/lib/thumb/v6-m/nofp\libc_nano.a(libc_a-exit.o)
                              I:/cubeclt/cube/STM32CubeCLT_1.16.0/GNU-tools-for-STM32/bin/../lib/gcc/arm-none-eabi/12.3.1/../../../../arm-none-eabi/lib/thumb/v6-m/nofp/crt0.o (exit)
I:/cubeclt/cube/STM32CubeCLT_1.16.0/GNU-tools-for-STM32/bin/../lib/gcc/arm-none-eabi/12.3.1/../../../../arm-none-eabi/lib/thumb/v6-m/nofp\libc_nano.a(libc_a-findfp.o)
                              I:/cubeclt/cube/STM32CubeCLT_1.16.0/GNU-tools-for-STM32/bin/../lib/gcc/arm-none-eabi/12.3.1/../../../../arm-none-eabi/lib/thumb/v6-m/nofp\libc_nano.a(libc_a-exit.o) (__stdio_exit_handler)
I:/cubeclt/cube/STM32CubeCLT_1.16.0/GNU-tools-for-STM32/bin/../lib/gcc/arm-none-eabi/12.3.1/../../../../arm-none-eabi/lib/thumb/v6-m/nofp\libc_nano.a(libc_a-fwalk.o)
                              I:/cubeclt/cube/STM32CubeCLT_1.16.0/GNU-tools-for-STM32/bin/../lib/gcc/arm-none-eabi/12.3.1/../../../../arm-none-eabi/lib/thumb/v6-m/nofp\libc_nano.a(libc_a-findfp.o) (_fwalk_sglue)
I:/cubeclt/cube/STM32CubeCLT_1.16.0/GNU-tools-for-STM32/bin/../lib/gcc/arm-none-eabi/12.3.1/../../../../arm-none-eabi/lib/thumb/v6-m/nofp\libc_nano.a(libc_a-stdio.o)
                              I:/cubeclt/cube/STM32CubeCLT_1.16.0/GNU-tools-for-STM32/bin/../lib/gcc/arm-none-eabi/12.3.1/../../../../arm-none-eabi/lib/thumb/v6-m/nofp\libc_nano.a(libc_a-findfp.o) (__sread)
I:/cubeclt/cube/STM32CubeCLT_1.16.0/GNU-tools-for-STM32/bin/../lib/gcc/arm-none-eabi/12.3.1/../../../../arm-none-eabi/lib/thumb/v6-m/nofp\libc_nano.a(libc_a-memset.o)
                              I:/cubeclt/cube/STM32CubeCLT_1.16.0/GNU-tools-for-STM32/bin/../lib/gcc/arm-none-eabi/12.3.1/../../../../arm-none-eabi/lib/thumb/v6-m/nofp/crt0.o (memset)
I:/cubeclt/cube/STM32CubeCLT_1.16.0/GNU-tools-for-STM32/bin/../lib/gcc/arm-none-eabi/12.3.1/../../../../arm-none-eabi/lib/thumb/v6-m/nofp\libc_nano.a(libc_a-closer.o)
                              I:/cubeclt/cube/STM32CubeCLT_1.16.0/GNU-tools-for-STM32/bin/../lib/gcc/arm-none-eabi/12.3.1/../../../../arm-none-eabi/lib/thumb/v6-m/nofp\libc_nano.a(libc_a-stdio.o) (_close_r)
I:/cubeclt/cube/STM32CubeCLT_1.16.0/GNU-tools-for-STM32/bin/../lib/gcc/arm-none-eabi/12.3.1/../../../../arm-none-eabi/lib/thumb/v6-m/nofp\libc_nano.a(libc_a-reent.o)
                              I:/cubeclt/cube/STM32CubeCLT_1.16.0/GNU-tools-for-STM32/bin/../lib/gcc/arm-none-eabi/12.3.1/../../../../arm-none-eabi/lib/thumb/v6-m/nofp\libc_nano.a(libc_a-closer.o) (errno)
I:/cubeclt/cube/STM32CubeCLT_1.16.0/GNU-tools-for-STM32/bin/../lib/gcc/arm-none-eabi/12.3.1/../../../../arm-none-eabi/lib/thumb/v6-m/nofp\libc_nano.a(libc_a-impure.o)
                              I:/cubeclt/cube/STM32CubeCLT_1.16.0/GNU-tools-for-STM32/bin/../lib/gcc/arm-none-eabi/12.3.1/../../../../arm-none-eabi/lib/thumb/v6-m/nofp\libc_nano.a(libc_a-reent.o) (_impure_ptr)
I:/cubeclt/cube/STM32CubeCLT_1.16.0/GNU-tools-for-STM32/bin/../lib/gcc/arm-none-eabi/12.3.1/../../../../arm-none-eabi/lib/thumb/v6-m/nofp\libc_nano.a(libc_a-lseekr.o)
                              I:/cubeclt/cube/STM32CubeCLT_1.16.0/GNU-tools-for-STM32/bin/../lib/gcc/arm-none-eabi/12.3.1/../../../../arm-none-eabi/lib/thumb/v6-m/nofp\libc_nano.a(libc_a-stdio.o) (_lseek_r)
I:/cubeclt/cube/STM32CubeCLT_1.16.0/GNU-tools-for-STM32/bin/../lib/gcc/arm-none-eabi/12.3.1/../../../../arm-none-eabi/lib/thumb/v6-m/nofp\libc_nano.a(libc_a-readr.o)
                              I:/cubeclt/cube/STM32CubeCLT_1.16.0/GNU-tools-for-STM32/bin/../lib/gcc/arm-none-eabi/12.3.1/../../../../arm-none-eabi/lib/thumb/v6-m/nofp\libc_nano.a(libc_a-stdio.o) (_read_r)
I:/cubeclt/cube/STM32CubeCLT_1.16.0/GNU-tools-for-STM32/bin/../lib/gcc/arm-none-eabi/12.3.1/../../../../arm-none-eabi/lib/thumb/v6-m/nofp\libc_nano.a(libc_a-writer.o)
                              I:/cubeclt/cube/STM32CubeCLT_1.16.0/GNU-tools-for-STM32/bin/../lib/gcc/arm-none-eabi/12.3.1/../../../../arm-none-eabi/lib/thumb/v6-m/nofp\libc_nano.a(libc_a-stdio.o) (_write_r)
I:/cubeclt/cube/STM32CubeCLT_1.16.0/GNU-tools-for-STM32/bin/../lib/gcc/arm-none-eabi/12.3.1/../../../../arm-none-eabi/lib/thumb/v6-m/nofp\libc_nano.a(libc_a-init.o)
                              I:/cubeclt/cube/STM32CubeCLT_1.16.0/GNU-tools-for-STM32/bin/../lib/gcc/arm-none-eabi/12.3.1/../../../../arm-none-eabi/lib/thumb/v6-m/nofp/crt0.o (__libc_init_array)
I:/cubeclt/cube/STM32CubeCLT_1.16.0/GNU-tools-for-STM32/bin/../lib/gcc/arm-none-eabi/12.3.1/../../../../arm-none-eabi/lib/thumb/v6-m/nofp\libc_nano.a(libc_a-lock.o)
                              I:/cubeclt/cube/STM32CubeCLT_1.16.0/GNU-tools-for-STM32/bin/../lib/gcc/arm-none-eabi/12.3.1/../../../../arm-none-eabi/lib/thumb/v6-m/nofp\libc_nano.a(libc_a-findfp.o) (__retarget_lock_init_recursive)
[...]
Memory Configuration

Name             Origin             Length             Attributes
RAM              0x20000000         0x00002000         xrw
FLASH            0x08000000         0x00008000         xr
*default*        0x00000000         0xffffffff

Linker script and memory map

LOAD I:/cubeclt/cube/STM32CubeCLT_1.16.0/GNU-tools-for-STM32/bin/../lib/gcc/arm-none-eabi/12.3.1/thumb/v6-m/nofp/crti.o
LOAD I:/cubeclt/cube/STM32CubeCLT_1.16.0/GNU-tools-for-STM32/bin/../lib/gcc/arm-none-eabi/12.3.1/thumb/v6-m/nofp/crtbegin.o
LOAD I:/cubeclt/cube/STM32CubeCLT_1.16.0/GNU-tools-for-STM32/bin/../lib/gcc/arm-none-eabi/12.3.1/../../../../arm-none-eabi/lib/thumb/v6-m/nofp/crt0.o
START GROUP
LOAD I:/cubeclt/cube/STM32CubeCLT_1.16.0/GNU-tools-for-STM32/bin/../lib/gcc/arm-none-eabi/12.3.1/../../../../arm-none-eabi/lib/thumb/v6-m/nofp\libc_nano.a
LOAD I:/cubeclt/cube/STM32CubeCLT_1.16.0/GNU-tools-for-STM32/bin/../lib/gcc/arm-none-eabi/12.3.1/../../../../arm-none-eabi/lib/thumb/v6-m/nofp\libm.a
END GROUP
LOAD CMakeFiles/sunBoard.dir/Core/Src/main.c.obj
LOAD CMakeFiles/sunBoard.dir/Core/Src/gpio.c.obj
LOAD CMakeFiles/sunBoard.dir/Core/Src/dma.c.obj
LOAD CMakeFiles/sunBoard.dir/Core/Src/i2c.c.obj
LOAD CMakeFiles/sunBoard.dir/Core/Src/tim.c.obj
LOAD CMakeFiles/sunBoard.dir/Core/Src/usart.c.obj
LOAD CMakeFiles/sunBoard.dir/Core/Src/stm32g0xx_it.c.obj
LOAD CMakeFiles/sunBoard.dir/Core/Src/stm32g0xx_hal_msp.c.obj
LOAD CMakeFiles/sunBoard.dir/Drivers/STM32G0xx_HAL_Driver/Src/stm32g0xx_hal_i2c.c.obj
LOAD CMakeFiles/sunBoard.dir/Drivers/STM32G0xx_HAL_Driver/Src/stm32g0xx_hal_i2c_ex.c.obj
LOAD CMakeFiles/sunBoard.dir/Drivers/STM32G0xx_HAL_Driver/Src/stm32g0xx_hal_rcc.c.obj
LOAD CMakeFiles/sunBoard.dir/Drivers/STM32G0xx_HAL_Driver/Src/stm32g0xx_hal_rcc_ex.c.obj
LOAD CMakeFiles/sunBoard.dir/Drivers/STM32G0xx_HAL_Driver/Src/stm32g0xx_ll_rcc.c.obj
LOAD CMakeFiles/sunBoard.dir/Drivers/STM32G0xx_HAL_Driver/Src/stm32g0xx_hal_flash.c.obj
LOAD CMakeFiles/sunBoard.dir/Drivers/STM32G0xx_HAL_Driver/Src/stm32g0xx_hal_flash_ex.c.obj
LOAD CMakeFiles/sunBoard.dir/Drivers/STM32G0xx_HAL_Driver/Src/stm32g0xx_hal_gpio.c.obj
LOAD CMakeFiles/sunBoard.dir/Drivers/STM32G0xx_HAL_Driver/Src/stm32g0xx_hal_dma.c.obj
LOAD CMakeFiles/sunBoard.dir/Drivers/STM32G0xx_HAL_Driver/Src/stm32g0xx_hal_dma_ex.c.obj
LOAD CMakeFiles/sunBoard.dir/Drivers/STM32G0xx_HAL_Driver/Src/stm32g0xx_hal_pwr.c.obj
LOAD CMakeFiles/sunBoard.dir/Drivers/STM32G0xx_HAL_Driver/Src/stm32g0xx_hal_pwr_ex.c.obj
LOAD CMakeFiles/sunBoard.dir/Drivers/STM32G0xx_HAL_Driver/Src/stm32g0xx_hal_cortex.c.obj
LOAD CMakeFiles/sunBoard.dir/Drivers/STM32G0xx_HAL_Driver/Src/stm32g0xx_hal.c.obj
LOAD CMakeFiles/sunBoard.dir/Drivers/STM32G0xx_HAL_Driver/Src/stm32g0xx_hal_exti.c.obj
LOAD CMakeFiles/sunBoard.dir/Drivers/STM32G0xx_HAL_Driver/Src/stm32g0xx_hal_tim.c.obj
LOAD CMakeFiles/sunBoard.dir/Drivers/STM32G0xx_HAL_Driver/Src/stm32g0xx_hal_tim_ex.c.obj
LOAD CMakeFiles/sunBoard.dir/Drivers/STM32G0xx_HAL_Driver/Src/stm32g0xx_hal_uart.c.obj
LOAD CMakeFiles/sunBoard.dir/Drivers/STM32G0xx_HAL_Driver/Src/stm32g0xx_hal_uart_ex.c.obj
LOAD CMakeFiles/sunBoard.dir/Core/Src/system_stm32g0xx.c.obj
LOAD CMakeFiles/sunBoard.dir/Core/Src/sysmem.c.obj
LOAD CMakeFiles/sunBoard.dir/Core/Src/syscalls.c.obj
LOAD CMakeFiles/sunBoard.dir/startup_stm32g030xx.s.obj
LOAD CMakeFiles/sunBoard.dir/User/src/PCF8563.c.obj
LOAD CMakeFiles/sunBoard.dir/User/src/TM1650.c.obj
LOAD CMakeFiles/sunBoard.dir/User/src/key.c.obj
LOAD CMakeFiles/sunBoard.dir/User/src/motor.c.obj
LOAD CMakeFiles/sunBoard.dir/User/src/myFlash.c.obj
START GROUP
LOAD I:/cubeclt/cube/STM32CubeCLT_1.16.0/GNU-tools-for-STM32/bin/../lib/gcc/arm-none-eabi/12.3.1/thumb/v6-m/nofp\libgcc.a
LOAD I:/cubeclt/cube/STM32CubeCLT_1.16.0/GNU-tools-for-STM32/bin/../lib/gcc/arm-none-eabi/12.3.1/../../../../arm-none-eabi/lib/thumb/v6-m/nofp\libg_nano.a
LOAD I:/cubeclt/cube/STM32CubeCLT_1.16.0/GNU-tools-for-STM32/bin/../lib/gcc/arm-none-eabi/12.3.1/../../../../arm-none-eabi/lib/thumb/v6-m/nofp\libc_nano.a
END GROUP
START GROUP
LOAD I:/cubeclt/cube/STM32CubeCLT_1.16.0/GNU-tools-for-STM32/bin/../lib/gcc/arm-none-eabi/12.3.1/thumb/v6-m/nofp\libgcc.a
LOAD I:/cubeclt/cube/STM32CubeCLT_1.16.0/GNU-tools-for-STM32/bin/../lib/gcc/arm-none-eabi/12.3.1/../../../../arm-none-eabi/lib/thumb/v6-m/nofp\libc_nano.a
END GROUP
LOAD I:/cubeclt/cube/STM32CubeCLT_1.16.0/GNU-tools-for-STM32/bin/../lib/gcc/arm-none-eabi/12.3.1/thumb/v6-m/nofp/crtend.o
LOAD I:/cubeclt/cube/STM32CubeCLT_1.16.0/GNU-tools-for-STM32/bin/../lib/gcc/arm-none-eabi/12.3.1/thumb/v6-m/nofp/crtn.o
                0x20002000                        _estack = (ORIGIN (RAM) + LENGTH (RAM))
                0x00000200                        _Min_Heap_Size = 0x200
                0x00000400                        _Min_Stack_Size = 0x400

.isr_vector     0x08000000       0xb8
                0x08000000                        . = ALIGN (0x4)
 *(.isr_vector)
 .isr_vector    0x08000000       0xb8 CMakeFiles/sunBoard.dir/startup_stm32g030xx.s.obj
                0x08000000                g_pfnVectors
                0x080000b8                        . = ALIGN (0x4)

.text           0x080000b8     0x6390
                0x080000b8                        . = ALIGN (0x4)
 *(.text)
 .text          0x080000b8       0x48 I:/cubeclt/cube/STM32CubeCLT_1.16.0/GNU-tools-for-STM32/bin/../lib/gcc/arm-none-eabi/12.3.1/thumb/v6-m/nofp/crtbegin.o
 .text          0x08000100      0x114 I:/cubeclt/cube/STM32CubeCLT_1.16.0/GNU-tools-for-STM32/bin/../lib/gcc/arm-none-eabi/12.3.1/thumb/v6-m/nofp\libgcc.a(_udivsi3.o)
                0x08000100                __aeabi_uidiv
                0x08000100                __udivsi3
                0x0800020c                __aeabi_uidivmod
 .text          0x08000214        0x4 I:/cubeclt/cube/STM32CubeCLT_1.16.0/GNU-tools-for-STM32/bin/../lib/gcc/arm-none-eabi/12.3.1/thumb/v6-m/nofp\libgcc.a(_dvmd_tls.o)
                0x08000214                __aeabi_idiv0
                0x08000214                __aeabi_ldiv0
 *(.text*)
 .text.memset   0x08000218       0x10 I:/cubeclt/cube/STM32CubeCLT_1.16.0/GNU-tools-for-STM32/bin/../lib/gcc/arm-none-eabi/12.3.1/../../../../arm-none-eabi/lib/thumb/v6-m/nofp\libc_nano.a(libc_a-memset.o)
                0x08000218                memset
 .text.__libc_init_array
                0x08000228       0x48 I:/cubeclt/cube/STM32CubeCLT_1.16.0/GNU-tools-for-STM32/bin/../lib/gcc/arm-none-eabi/12.3.1/../../../../arm-none-eabi/lib/thumb/v6-m/nofp\libc_nano.a(libc_a-init.o)
                0x08000228                __libc_init_array
 .text.__retarget_lock_acquire_recursive
                0x08000270        0x2 I:/cubeclt/cube/STM32CubeCLT_1.16.0/GNU-tools-for-STM32/bin/../lib/gcc/arm-none-eabi/12.3.1/../../../../arm-none-eabi/lib/thumb/v6-m/nofp\libc_nano.a(libc_a-lock.o)
                0x08000270                __retarget_lock_acquire_recursive
 .text.__retarget_lock_release_recursive
                0x08000272        0x2 I:/cubeclt/cube/STM32CubeCLT_1.16.0/GNU-tools-for-STM32/bin/../lib/gcc/arm-none-eabi/12.3.1/../../../../arm-none-eabi/lib/thumb/v6-m/nofp\libc_nano.a(libc_a-lock.o)
                0x08000272                __retarget_lock_release_recursive
 .text.sbrk_aligned
                0x08000274       0x44 I:/cubeclt/cube/STM32CubeCLT_1.16.0/GNU-tools-for-STM32/bin/../lib/gcc/arm-none-eabi/12.3.1/../../../../arm-none-eabi/lib/thumb/v6-m/nofp\libc_nano.a(libc_a-mallocr.o)
 .text._malloc_r
                0x080002b8      0x100 I:/cubeclt/cube/STM32CubeCLT_1.16.0/GNU-tools-for-STM32/bin/../lib/gcc/arm-none-eabi/12.3.1/../../../../arm-none-eabi/lib/thumb/v6-m/nofp\libc_nano.a(libc_a-mallocr.o)
                0x080002b8                _malloc_r
 .text.__malloc_lock
                0x080003b8       0x10 I:/cubeclt/cube/STM32CubeCLT_1.16.0/GNU-tools-for-STM32/bin/../lib/gcc/arm-none-eabi/12.3.1/../../../../arm-none-eabi/lib/thumb/v6-m/nofp\libc_nano.a(libc_a-mlock.o)
                0x080003b8                __malloc_lock
 .text.__malloc_unlock
                0x080003c8       0x10 I:/cubeclt/cube/STM32CubeCLT_1.16.0/GNU-tools-for-STM32/bin/../lib/gcc/arm-none-eabi/12.3.1/../../../../arm-none-eabi/lib/thumb/v6-m/nofp\libc_nano.a(libc_a-mlock.o)
                0x080003c8                __malloc_unlock
 .text._sbrk_r  0x080003d8       0x24 I:/cubeclt/cube/STM32CubeCLT_1.16.0/GNU-tools-for-STM32/bin/../lib/gcc/arm-none-eabi/12.3.1/../../../../arm-none-eabi/lib/thumb/v6-m/nofp\libc_nano.a(libc_a-sbrkr.o)
                0x080003d8                _sbrk_r
 .text.main     0x080003fc      0x16c CMakeFiles/sunBoard.dir/Core/Src/main.c.obj
                0x080003fc                main
 .text.SystemClock_Config
                0x08000568       0xb4 CMakeFiles/sunBoard.dir/Core/Src/main.c.obj
                0x08000568                SystemClock_Config
 .text.Error_Handler
                0x0800061c        0xc CMakeFiles/sunBoard.dir/Core/Src/main.c.obj
                0x0800061c                Error_Handler
 .text.MX_GPIO_Init
                0x08000628       0xd0 CMakeFiles/sunBoard.dir/Core/Src/gpio.c.obj
                0x08000628                MX_GPIO_Init
 .text.MX_DMA_Init
                0x080006f8       0x4c CMakeFiles/sunBoard.dir/Core/Src/dma.c.obj
                0x080006f8                MX_DMA_Init
 .text.MX_I2C1_Init
                0x08000744       0x80 CMakeFiles/sunBoard.dir/Core/Src/i2c.c.obj
                0x08000744                MX_I2C1_Init
 .text.MX_I2C2_Init
                0x080007c4       0x80 CMakeFiles/sunBoard.dir/Core/Src/i2c.c.obj
                0x080007c4                MX_I2C2_Init
 .text.HAL_I2C_MspInit
                0x08000844      0x138 CMakeFiles/sunBoard.dir/Core/Src/i2c.c.obj
                0x08000844                HAL_I2C_MspInit
 .text.MX_TIM1_Init
                0x0800097c       0xc4 CMakeFiles/sunBoard.dir/Core/Src/tim.c.obj
                0x0800097c                MX_TIM1_Init
 .text.MX_TIM3_Init
                0x08000a40       0xb8 CMakeFiles/sunBoard.dir/Core/Src/tim.c.obj
                0x08000a40                MX_TIM3_Init
 .text.MX_TIM14_Init
                0x08000af8       0x58 CMakeFiles/sunBoard.dir/Core/Src/tim.c.obj
                0x08000af8                MX_TIM14_Init
 .text.MX_TIM16_Init
                0x08000b50       0x5c CMakeFiles/sunBoard.dir/Core/Src/tim.c.obj
                0x08000b50                MX_TIM16_Init
 .text.MX_TIM17_Init
                0x08000bac       0x5c CMakeFiles/sunBoard.dir/Core/Src/tim.c.obj
                0x08000bac                MX_TIM17_Init
 .text.HAL_TIM_Base_MspInit
                0x08000c08      0x13c CMakeFiles/sunBoard.dir/Core/Src/tim.c.obj
                0x08000c08                HAL_TIM_Base_MspInit
 .text.HAL_TIM_PeriodElapsedCallback
                0x08000d44       0xc4 CMakeFiles/sunBoard.dir/Core/Src/tim.c.obj
                0x08000d44                HAL_TIM_PeriodElapsedCallback
 .text.MX_USART2_UART_Init
                0x08000e08       0x68 CMakeFiles/sunBoard.dir/Core/Src/usart.c.obj
                0x08000e08                MX_USART2_UART_Init
 .text.HAL_UART_MspInit
                0x08000e70      0x150 CMakeFiles/sunBoard.dir/Core/Src/usart.c.obj
                0x08000e70                HAL_UART_MspInit
 .text.MyUart_send
                0x08000fc0       0x32 CMakeFiles/sunBoard.dir/Core/Src/usart.c.obj
 *fill*         0x08000ff2        0x2 
 .text.MyUart_init
                0x08000ff4       0x40 CMakeFiles/sunBoard.dir/Core/Src/usart.c.obj
                0x08000ff4                MyUart_init
 .text.NMI_Handler
                0x08001034        0x8 CMakeFiles/sunBoard.dir/Core/Src/stm32g0xx_it.c.obj
                0x08001034                NMI_Handler
 .text.HardFault_Handler
                0x0800103c        0x8 CMakeFiles/sunBoard.dir/Core/Src/stm32g0xx_it.c.obj
                0x0800103c                HardFault_Handler
 .text.SVC_Handler
                0x08001044        0xa CMakeFiles/sunBoard.dir/Core/Src/stm32g0xx_it.c.obj
                0x08001044                SVC_Handler
 .text.PendSV_Handler
                0x0800104e        0xa CMakeFiles/sunBoard.dir/Core/Src/stm32g0xx_it.c.obj
                0x0800104e                PendSV_Handler
 .text.SysTick_Handler
                0x08001058        0xe CMakeFiles/sunBoard.dir/Core/Src/stm32g0xx_it.c.obj
                0x08001058                SysTick_Handler
 *fill*         0x08001066        0x2 
 .text.DMA1_Channel1_IRQHandler
                0x08001068       0x18 CMakeFiles/sunBoard.dir/Core/Src/stm32g0xx_it.c.obj
                0x08001068                DMA1_Channel1_IRQHandler
 .text.DMA1_Channel2_3_IRQHandler
                0x08001080       0x18 CMakeFiles/sunBoard.dir/Core/Src/stm32g0xx_it.c.obj
                0x08001080                DMA1_Channel2_3_IRQHandler
 .text.TIM1_BRK_UP_TRG_COM_IRQHandler
                0x08001098       0x18 CMakeFiles/sunBoard.dir/Core/Src/stm32g0xx_it.c.obj
                0x08001098                TIM1_BRK_UP_TRG_COM_IRQHandler
 .text.TIM3_IRQHandler
                0x080010b0       0x18 CMakeFiles/sunBoard.dir/Core/Src/stm32g0xx_it.c.obj
                0x080010b0                TIM3_IRQHandler
 .text.TIM14_IRQHandler
                0x080010c8       0x18 CMakeFiles/sunBoard.dir/Core/Src/stm32g0xx_it.c.obj
                0x080010c8                TIM14_IRQHandler
 .text.TIM16_IRQHandler
                0x080010e0       0x18 CMakeFiles/sunBoard.dir/Core/Src/stm32g0xx_it.c.obj
                0x080010e0                TIM16_IRQHandler
 .text.TIM17_IRQHandler
                0x080010f8       0x18 CMakeFiles/sunBoard.dir/Core/Src/stm32g0xx_it.c.obj
                0x080010f8                TIM17_IRQHandler
 .text.HAL_MspInit
                0x08001110       0x48 CMakeFiles/sunBoard.dir/Core/Src/stm32g0xx_hal_msp.c.obj
                0x08001110                HAL_MspInit
 .text.HAL_I2C_Init
                0x08001158      0x14c CMakeFiles/sunBoard.dir/Drivers/STM32G0xx_HAL_Driver/Src/stm32g0xx_hal_i2c.c.obj
                0x08001158                HAL_I2C_Init
 .text.HAL_I2C_Master_Transmit
                0x080012a4      0x254 CMakeFiles/sunBoard.dir/Drivers/STM32G0xx_HAL_Driver/Src/stm32g0xx_hal_i2c.c.obj
                0x080012a4                HAL_I2C_Master_Transmit
 .text.HAL_I2C_Mem_Write
                0x080014f8      0x25c CMakeFiles/sunBoard.dir/Drivers/STM32G0xx_HAL_Driver/Src/stm32g0xx_hal_i2c.c.obj
                0x080014f8                HAL_I2C_Mem_Write
 .text.HAL_I2C_Mem_Read
                0x08001754      0x268 CMakeFiles/sunBoard.dir/Drivers/STM32G0xx_HAL_Driver/Src/stm32g0xx_hal_i2c.c.obj
                0x08001754                HAL_I2C_Mem_Read
 .text.I2C_RequestMemoryWrite
                0x080019bc       0xc8 CMakeFiles/sunBoard.dir/Drivers/STM32G0xx_HAL_Driver/Src/stm32g0xx_hal_i2c.c.obj
 .text.I2C_RequestMemoryRead
                0x08001a84       0xc4 CMakeFiles/sunBoard.dir/Drivers/STM32G0xx_HAL_Driver/Src/stm32g0xx_hal_i2c.c.obj
 .text.I2C_Flush_TXDR
                0x08001b48       0x44 CMakeFiles/sunBoard.dir/Drivers/STM32G0xx_HAL_Driver/Src/stm32g0xx_hal_i2c.c.obj
 .text.I2C_WaitOnFlagUntilTimeout
                0x08001b8c       0xb0 CMakeFiles/sunBoard.dir/Drivers/STM32G0xx_HAL_Driver/Src/stm32g0xx_hal_i2c.c.obj
 .text.I2C_WaitOnTXISFlagUntilTimeout
                0x08001c3c       0x8c CMakeFiles/sunBoard.dir/Drivers/STM32G0xx_HAL_Driver/Src/stm32g0xx_hal_i2c.c.obj
 .text.I2C_WaitOnSTOPFlagUntilTimeout
                0x08001cc8       0x86 CMakeFiles/sunBoard.dir/Drivers/STM32G0xx_HAL_Driver/Src/stm32g0xx_hal_i2c.c.obj
 *fill*         0x08001d4e        0x2 
 .text.I2C_IsErrorOccurred
                0x08001d50      0x1f0 CMakeFiles/sunBoard.dir/Drivers/STM32G0xx_HAL_Driver/Src/stm32g0xx_hal_i2c.c.obj
 .text.I2C_TransferConfig
                0x08001f40       0x74 CMakeFiles/sunBoard.dir/Drivers/STM32G0xx_HAL_Driver/Src/stm32g0xx_hal_i2c.c.obj
 .text.HAL_I2CEx_ConfigAnalogFilter
                0x08001fb4       0x98 CMakeFiles/sunBoard.dir/Drivers/STM32G0xx_HAL_Driver/Src/stm32g0xx_hal_i2c_ex.c.obj
                0x08001fb4                HAL_I2CEx_ConfigAnalogFilter
 .text.HAL_I2CEx_ConfigDigitalFilter
                0x0800204c       0x98 CMakeFiles/sunBoard.dir/Drivers/STM32G0xx_HAL_Driver/Src/stm32g0xx_hal_i2c_ex.c.obj
                0x0800204c                HAL_I2CEx_ConfigDigitalFilter
 .text.LL_RCC_GetAPB1Prescaler
                0x080020e4       0x18 CMakeFiles/sunBoard.dir/Drivers/STM32G0xx_HAL_Driver/Src/stm32g0xx_hal_rcc.c.obj
 .text.HAL_RCC_OscConfig
                0x080020fc      0x620 CMakeFiles/sunBoard.dir/Drivers/STM32G0xx_HAL_Driver/Src/stm32g0xx_hal_rcc.c.obj
                0x080020fc                HAL_RCC_OscConfig
 .text.HAL_RCC_ClockConfig
                0x0800271c      0x210 CMakeFiles/sunBoard.dir/Drivers/STM32G0xx_HAL_Driver/Src/stm32g0xx_hal_rcc.c.obj
                0x0800271c                HAL_RCC_ClockConfig
 .text.HAL_RCC_GetSysClockFreq
                0x0800292c      0x104 CMakeFiles/sunBoard.dir/Drivers/STM32G0xx_HAL_Driver/Src/stm32g0xx_hal_rcc.c.obj
                0x0800292c                HAL_RCC_GetSysClockFreq
 .text.HAL_RCC_GetHCLKFreq
                0x08002a30       0x14 CMakeFiles/sunBoard.dir/Drivers/STM32G0xx_HAL_Driver/Src/stm32g0xx_hal_rcc.c.obj
                0x08002a30                HAL_RCC_GetHCLKFreq
 .text.HAL_RCC_GetPCLK1Freq
                0x08002a44       0x2c CMakeFiles/sunBoard.dir/Drivers/STM32G0xx_HAL_Driver/Src/stm32g0xx_hal_rcc.c.obj
                0x08002a44                HAL_RCC_GetPCLK1Freq
 .text.HAL_RCCEx_PeriphCLKConfig
                0x08002a70      0x24c CMakeFiles/sunBoard.dir/Drivers/STM32G0xx_HAL_Driver/Src/stm32g0xx_hal_rcc_ex.c.obj
                0x08002a70                HAL_RCCEx_PeriphCLKConfig
 .text.HAL_GPIO_Init
                0x08002cbc      0x2c8 CMakeFiles/sunBoard.dir/Drivers/STM32G0xx_HAL_Driver/Src/stm32g0xx_hal_gpio.c.obj
                0x08002cbc                HAL_GPIO_Init
 .text.HAL_GPIO_ReadPin
                0x08002f84       0x3a CMakeFiles/sunBoard.dir/Drivers/STM32G0xx_HAL_Driver/Src/stm32g0xx_hal_gpio.c.obj
                0x08002f84                HAL_GPIO_ReadPin
 .text.HAL_GPIO_WritePin
                0x08002fbe       0x3a CMakeFiles/sunBoard.dir/Drivers/STM32G0xx_HAL_Driver/Src/stm32g0xx_hal_gpio.c.obj
                0x08002fbe                HAL_GPIO_WritePin
 .text.HAL_DMA_Init
                0x08002ff8      0x114 CMakeFiles/sunBoard.dir/Drivers/STM32G0xx_HAL_Driver/Src/stm32g0xx_hal_dma.c.obj
                0x08002ff8                HAL_DMA_Init
 .text.HAL_DMA_IRQHandler
                0x0800310c      0x164 CMakeFiles/sunBoard.dir/Drivers/STM32G0xx_HAL_Driver/Src/stm32g0xx_hal_dma.c.obj
                0x0800310c                HAL_DMA_IRQHandler
 .text.DMA_CalcDMAMUXChannelBaseAndMask
                0x08003270       0x58 CMakeFiles/sunBoard.dir/Drivers/STM32G0xx_HAL_Driver/Src/stm32g0xx_hal_dma.c.obj
 .text.DMA_CalcDMAMUXRequestGenBaseAndMask
                0x080032c8       0x48 CMakeFiles/sunBoard.dir/Drivers/STM32G0xx_HAL_Driver/Src/stm32g0xx_hal_dma.c.obj
 .text.HAL_PWREx_ControlVoltageScaling
                0x08003310       0x80 CMakeFiles/sunBoard.dir/Drivers/STM32G0xx_HAL_Driver/Src/stm32g0xx_hal_pwr_ex.c.obj
                0x08003310                HAL_PWREx_ControlVoltageScaling
 .text.__NVIC_EnableIRQ
                0x08003390       0x34 CMakeFiles/sunBoard.dir/Drivers/STM32G0xx_HAL_Driver/Src/stm32g0xx_hal_cortex.c.obj
 .text.__NVIC_SetPriority
                0x080033c4       0xdc CMakeFiles/sunBoard.dir/Drivers/STM32G0xx_HAL_Driver/Src/stm32g0xx_hal_cortex.c.obj
 .text.__NVIC_SystemReset
                0x080034a0       0x24 CMakeFiles/sunBoard.dir/Drivers/STM32G0xx_HAL_Driver/Src/stm32g0xx_hal_cortex.c.obj
 .text.SysTick_Config
                0x080034c4       0x48 CMakeFiles/sunBoard.dir/Drivers/STM32G0xx_HAL_Driver/Src/stm32g0xx_hal_cortex.c.obj
 .text.HAL_NVIC_SetPriority
                0x0800350c       0x2a CMakeFiles/sunBoard.dir/Drivers/STM32G0xx_HAL_Driver/Src/stm32g0xx_hal_cortex.c.obj
                0x0800350c                HAL_NVIC_SetPriority
 .text.HAL_NVIC_EnableIRQ
                0x08003536       0x20 CMakeFiles/sunBoard.dir/Drivers/STM32G0xx_HAL_Driver/Src/stm32g0xx_hal_cortex.c.obj
                0x08003536                HAL_NVIC_EnableIRQ
 .text.HAL_NVIC_SystemReset
                0x08003556        0x8 CMakeFiles/sunBoard.dir/Drivers/STM32G0xx_HAL_Driver/Src/stm32g0xx_hal_cortex.c.obj
                0x08003556                HAL_NVIC_SystemReset
 .text.HAL_SYSTICK_Config
                0x0800355e       0x1a CMakeFiles/sunBoard.dir/Drivers/STM32G0xx_HAL_Driver/Src/stm32g0xx_hal_cortex.c.obj
                0x0800355e                HAL_SYSTICK_Config
 .text.HAL_Init
                0x08003578       0x40 CMakeFiles/sunBoard.dir/Drivers/STM32G0xx_HAL_Driver/Src/stm32g0xx_hal.c.obj
                0x08003578                HAL_Init
 .text.HAL_InitTick
                0x080035b8       0x94 CMakeFiles/sunBoard.dir/Drivers/STM32G0xx_HAL_Driver/Src/stm32g0xx_hal.c.obj
                0x080035b8                HAL_InitTick
 .text.HAL_IncTick
                0x0800364c       0x24 CMakeFiles/sunBoard.dir/Drivers/STM32G0xx_HAL_Driver/Src/stm32g0xx_hal.c.obj
                0x0800364c                HAL_IncTick
 .text.HAL_GetTick
                0x08003670       0x14 CMakeFiles/sunBoard.dir/Drivers/STM32G0xx_HAL_Driver/Src/stm32g0xx_hal.c.obj
                0x08003670                HAL_GetTick
 .text.HAL_Delay
                0x08003684       0x48 CMakeFiles/sunBoard.dir/Drivers/STM32G0xx_HAL_Driver/Src/stm32g0xx_hal.c.obj
                0x08003684                HAL_Delay
 .text.HAL_TIM_Base_Init
                0x080036cc       0xb0 CMakeFiles/sunBoard.dir/Drivers/STM32G0xx_HAL_Driver/Src/stm32g0xx_hal_tim.c.obj
                0x080036cc                HAL_TIM_Base_Init
 .text.HAL_TIM_Base_Start_IT
                0x0800377c       0x9c CMakeFiles/sunBoard.dir/Drivers/STM32G0xx_HAL_Driver/Src/stm32g0xx_hal_tim.c.obj
                0x0800377c                HAL_TIM_Base_Start_IT
 .text.HAL_TIM_Base_Stop_IT
                0x08003818       0x5c CMakeFiles/sunBoard.dir/Drivers/STM32G0xx_HAL_Driver/Src/stm32g0xx_hal_tim.c.obj
                0x08003818                HAL_TIM_Base_Stop_IT
 .text.HAL_TIM_IRQHandler
                0x08003874      0x210 CMakeFiles/sunBoard.dir/Drivers/STM32G0xx_HAL_Driver/Src/stm32g0xx_hal_tim.c.obj
                0x08003874                HAL_TIM_IRQHandler
 .text.HAL_TIM_ConfigClockSource
                0x08003a84      0x1ac CMakeFiles/sunBoard.dir/Drivers/STM32G0xx_HAL_Driver/Src/stm32g0xx_hal_tim.c.obj
                0x08003a84                HAL_TIM_ConfigClockSource
 .text.HAL_TIM_OC_DelayElapsedCallback
                0x08003c30       0x10 CMakeFiles/sunBoard.dir/Drivers/STM32G0xx_HAL_Driver/Src/stm32g0xx_hal_tim.c.obj
                0x08003c30                HAL_TIM_OC_DelayElapsedCallback
 .text.HAL_TIM_IC_CaptureCallback
                0x08003c40       0x10 CMakeFiles/sunBoard.dir/Drivers/STM32G0xx_HAL_Driver/Src/stm32g0xx_hal_tim.c.obj
                0x08003c40                HAL_TIM_IC_CaptureCallback
 .text.HAL_TIM_PWM_PulseFinishedCallback
                0x08003c50       0x10 CMakeFiles/sunBoard.dir/Drivers/STM32G0xx_HAL_Driver/Src/stm32g0xx_hal_tim.c.obj
                0x08003c50                HAL_TIM_PWM_PulseFinishedCallback
 .text.HAL_TIM_TriggerCallback
                0x08003c60       0x10 CMakeFiles/sunBoard.dir/Drivers/STM32G0xx_HAL_Driver/Src/stm32g0xx_hal_tim.c.obj
                0x08003c60                HAL_TIM_TriggerCallback
 .text.TIM_Base_SetConfig
                0x08003c70       0xf4 CMakeFiles/sunBoard.dir/Drivers/STM32G0xx_HAL_Driver/Src/stm32g0xx_hal_tim.c.obj
                0x08003c70                TIM_Base_SetConfig
 .text.TIM_TI1_ConfigInputStage
                0x08003d64       0x5c CMakeFiles/sunBoard.dir/Drivers/STM32G0xx_HAL_Driver/Src/stm32g0xx_hal_tim.c.obj
 .text.TIM_TI2_ConfigInputStage
                0x08003dc0       0x64 CMakeFiles/sunBoard.dir/Drivers/STM32G0xx_HAL_Driver/Src/stm32g0xx_hal_tim.c.obj
 .text.TIM_ITRx_SetConfig
                0x08003e24       0x38 CMakeFiles/sunBoard.dir/Drivers/STM32G0xx_HAL_Driver/Src/stm32g0xx_hal_tim.c.obj
 .text.TIM_ETR_SetConfig
                0x08003e5c       0x40 CMakeFiles/sunBoard.dir/Drivers/STM32G0xx_HAL_Driver/Src/stm32g0xx_hal_tim.c.obj
                0x08003e5c                TIM_ETR_SetConfig
 .text.HAL_TIMEx_MasterConfigSynchronization
                0x08003e9c       0xc4 CMakeFiles/sunBoard.dir/Drivers/STM32G0xx_HAL_Driver/Src/stm32g0xx_hal_tim_ex.c.obj
                0x08003e9c                HAL_TIMEx_MasterConfigSynchronization
 .text.HAL_TIMEx_CommutCallback
                0x08003f60       0x10 CMakeFiles/sunBoard.dir/Drivers/STM32G0xx_HAL_Driver/Src/stm32g0xx_hal_tim_ex.c.obj
                0x08003f60                HAL_TIMEx_CommutCallback
 .text.HAL_TIMEx_BreakCallback
                0x08003f70       0x10 CMakeFiles/sunBoard.dir/Drivers/STM32G0xx_HAL_Driver/Src/stm32g0xx_hal_tim_ex.c.obj
                0x08003f70                HAL_TIMEx_BreakCallback
 .text.HAL_TIMEx_Break2Callback
                0x08003f80       0x10 CMakeFiles/sunBoard.dir/Drivers/STM32G0xx_HAL_Driver/Src/stm32g0xx_hal_tim_ex.c.obj
                0x08003f80                HAL_TIMEx_Break2Callback
 .text.HAL_UART_Init
                0x08003f90       0xac CMakeFiles/sunBoard.dir/Drivers/STM32G0xx_HAL_Driver/Src/stm32g0xx_hal_uart.c.obj
                0x08003f90                HAL_UART_Init
 .text.HAL_UART_Transmit
                0x0800403c      0x148 CMakeFiles/sunBoard.dir/Drivers/STM32G0xx_HAL_Driver/Src/stm32g0xx_hal_uart.c.obj
                0x0800403c                HAL_UART_Transmit
 .text.UART_SetConfig
                0x08004184      0x2d4 CMakeFiles/sunBoard.dir/Drivers/STM32G0xx_HAL_Driver/Src/stm32g0xx_hal_uart.c.obj
                0x08004184                UART_SetConfig
 .text.UART_AdvFeatureConfig
                0x08004458      0x168 CMakeFiles/sunBoard.dir/Drivers/STM32G0xx_HAL_Driver/Src/stm32g0xx_hal_uart.c.obj
                0x08004458                UART_AdvFeatureConfig
 .text.UART_CheckIdleState
                0x080045c0      0x154 CMakeFiles/sunBoard.dir/Drivers/STM32G0xx_HAL_Driver/Src/stm32g0xx_hal_uart.c.obj
                0x080045c0                UART_CheckIdleState
 .text.UART_WaitOnFlagUntilTimeout
                0x08004714       0xde CMakeFiles/sunBoard.dir/Drivers/STM32G0xx_HAL_Driver/Src/stm32g0xx_hal_uart.c.obj
                0x08004714                UART_WaitOnFlagUntilTimeout
 *fill*         0x080047f2        0x2 
 .text.UART_EndRxTransfer
                0x080047f4       0xcc CMakeFiles/sunBoard.dir/Drivers/STM32G0xx_HAL_Driver/Src/stm32g0xx_hal_uart.c.obj
 .text.SystemInit
                0x080048c0        0xa CMakeFiles/sunBoard.dir/Core/Src/system_stm32g0xx.c.obj
                0x080048c0                SystemInit
 *fill*         0x080048ca        0x2 
 .text._sbrk    0x080048cc       0x6c CMakeFiles/sunBoard.dir/Core/Src/sysmem.c.obj
                0x080048cc                _sbrk
 .text.Reset_Handler
                0x08004938       0x50 CMakeFiles/sunBoard.dir/startup_stm32g030xx.s.obj
                0x08004938                Reset_Handler
 .text.Default_Handler
                0x08004988        0x2 CMakeFiles/sunBoard.dir/startup_stm32g030xx.s.obj
                0x08004988                TIM1_CC_IRQHandler
                0x08004988                I2C1_IRQHandler
                0x08004988                RTC_TAMP_IRQHandler
                0x08004988                SPI1_IRQHandler
                0x08004988                DMA1_Ch4_5_DMAMUX1_OVR_IRQHandler
                0x08004988                EXTI2_3_IRQHandler
                0x08004988                ADC1_IRQHandler
                0x08004988                I2C2_IRQHandler
                0x08004988                EXTI4_15_IRQHandler
                0x08004988                RCC_IRQHandler
                0x08004988                Default_Handler
                0x08004988                EXTI0_1_IRQHandler
                0x08004988                SPI2_IRQHandler
                0x08004988                WWDG_IRQHandler
                0x08004988                USART2_IRQHandler
                0x08004988                FLASH_IRQHandler
                0x08004988                USART1_IRQHandler
 .text.BCD_To_Dec
                0x0800498a       0x3a CMakeFiles/sunBoard.dir/User/src/PCF8563.c.obj
 .text.Dec_To_BCD
                0x080049c4       0x3c CMakeFiles/sunBoard.dir/User/src/PCF8563.c.obj
 .text.PCF8563_Write
                0x08004a00       0x58 CMakeFiles/sunBoard.dir/User/src/PCF8563.c.obj
 .text.PCF8563_set_time
                0x08004a58       0xec CMakeFiles/sunBoard.dir/User/src/PCF8563.c.obj
                0x08004a58                PCF8563_set_time
 .text.PCF8563_read_time
                0x08004b44       0x3c CMakeFiles/sunBoard.dir/User/src/PCF8563.c.obj
 .text.time_updata
                0x08004b80      0x17c CMakeFiles/sunBoard.dir/User/src/PCF8563.c.obj
 .text.PCF8563_init
                0x08004cfc       0xe4 CMakeFiles/sunBoard.dir/User/src/PCF8563.c.obj
 .text.newPCF8563
                0x08004de0       0x2a CMakeFiles/sunBoard.dir/User/src/PCF8563.c.obj
                0x08004de0                newPCF8563
 *fill*         0x08004e0a        0x2 
 .text.TM1650_write_param
                0x08004e0c       0x3c CMakeFiles/sunBoard.dir/User/src/TM1650.c.obj
 .text.TM1650_display_pos
                0x08004e48       0x4c CMakeFiles/sunBoard.dir/User/src/TM1650.c.obj
                0x08004e48                TM1650_display_pos
 .text.TM1650_clear
                0x08004e94       0x88 CMakeFiles/sunBoard.dir/User/src/TM1650.c.obj
                0x08004e94                TM1650_clear
 .text.displayOnOff
                0x08004f1c       0x7c CMakeFiles/sunBoard.dir/User/src/TM1650.c.obj
 .text.cursorOnOff
                0x08004f98       0x66 CMakeFiles/sunBoard.dir/User/src/TM1650.c.obj
 .text.cursorMove
                0x08004ffe       0x8c CMakeFiles/sunBoard.dir/User/src/TM1650.c.obj
 *fill*         0x0800508a        0x2 
 .text.writeCursor
                0x0800508c       0x8c CMakeFiles/sunBoard.dir/User/src/TM1650.c.obj
 .text.cursor_value_set
                0x08005118      0x154 CMakeFiles/sunBoard.dir/User/src/TM1650.c.obj
 .text.TM1650_show_time
                0x0800526c       0xe2 CMakeFiles/sunBoard.dir/User/src/TM1650.c.obj
 .text.cursor_flash_ctrl
                0x0800534e       0x56 CMakeFiles/sunBoard.dir/User/src/TM1650.c.obj
                0x0800534e                cursor_flash_ctrl
 .text.TM1650_init
                0x080053a4      0x114 CMakeFiles/sunBoard.dir/User/src/TM1650.c.obj
 .text.newTM1650
                0x080054b8       0x36 CMakeFiles/sunBoard.dir/User/src/TM1650.c.obj
                0x080054b8                newTM1650
 .text.keyRespnse
                0x080054ee       0x64 CMakeFiles/sunBoard.dir/User/src/key.c.obj
 *fill*         0x08005552        0x2 
 .text.singleClickedCallback
                0x08005554       0xe4 CMakeFiles/sunBoard.dir/User/src/key.c.obj
 .text.longPressCallback
                0x08005638      0x23c CMakeFiles/sunBoard.dir/User/src/key.c.obj
 .text.doubleClickCallback
                0x08005874       0xa0 CMakeFiles/sunBoard.dir/User/src/key.c.obj
 .text.longlongPressCallback
                0x08005914       0xa0 CMakeFiles/sunBoard.dir/User/src/key.c.obj
 .text.keystatus
                0x080059b4       0x5c CMakeFiles/sunBoard.dir/User/src/key.c.obj
                0x080059b4                keystatus
 .text.keyActionScan
                0x08005a10      0x108 CMakeFiles/sunBoard.dir/User/src/key.c.obj
                0x08005a10                keyActionScan
 .text.keyDoubleClickCheck
                0x08005b18       0x2a CMakeFiles/sunBoard.dir/User/src/key.c.obj
                0x08005b18                keyDoubleClickCheck
 *fill*         0x08005b42        0x2 
 .text.keyInit  0x08005b44       0x74 CMakeFiles/sunBoard.dir/User/src/key.c.obj
 .text.newKey   0x08005bb8       0x38 CMakeFiles/sunBoard.dir/User/src/key.c.obj
                0x08005bb8                newKey
 .text.set_current_angle
                0x08005bf0       0x3e CMakeFiles/sunBoard.dir/User/src/motor.c.obj
 .text.set_target_angle
                0x08005c2e       0x4e CMakeFiles/sunBoard.dir/User/src/motor.c.obj
 .text.set_total_angle
                0x08005c7c       0x2e CMakeFiles/sunBoard.dir/User/src/motor.c.obj
 .text.get_current_angle
                0x08005caa       0x34 CMakeFiles/sunBoard.dir/User/src/motor.c.obj
 .text.motor_left_correct
                0x08005cde       0x3c CMakeFiles/sunBoard.dir/User/src/motor.c.obj
 .text.motor_right_correct
                0x08005d1a       0x3c CMakeFiles/sunBoard.dir/User/src/motor.c.obj
 .text.motor_stop
                0x08005d56       0x36 CMakeFiles/sunBoard.dir/User/src/motor.c.obj
 .text.motor_reset
                0x08005d8c       0x48 CMakeFiles/sunBoard.dir/User/src/motor.c.obj
 .text.motor_status_led_ctrl
                0x08005dd4       0x2c CMakeFiles/sunBoard.dir/User/src/motor.c.obj
 .text.motor_wave_control
                0x08005e00      0x4f8 CMakeFiles/sunBoard.dir/User/src/motor.c.obj
 .text.Motor_Ctrl_init
                0x080062f8       0xec CMakeFiles/sunBoard.dir/User/src/motor.c.obj
 .text.newMotorCtrl
                0x080063e4       0x2a CMakeFiles/sunBoard.dir/User/src/motor.c.obj
                0x080063e4                newMotorCtrl
 *fill*         0x0800640e        0x2 
 .text.malloc   0x08006410       0x14 I:/cubeclt/cube/STM32CubeCLT_1.16.0/GNU-tools-for-STM32/bin/../lib/gcc/arm-none-eabi/12.3.1/../../../../arm-none-eabi/lib/thumb/v6-m/nofp\libg_nano.a(libc_a-malloc.o)
                0x08006410                malloc
 .text.__errno  0x08006424        0xc I:/cubeclt/cube/STM32CubeCLT_1.16.0/GNU-tools-for-STM32/bin/../lib/gcc/arm-none-eabi/12.3.1/../../../../arm-none-eabi/lib/thumb/v6-m/nofp\libg_nano.a(libc_a-errno.o)
                0x08006424                __errno
 *(.glue_7)
 .glue_7        0x08006430        0x0 linker stubs
 *(.glue_7t)
 .glue_7t       0x08006430        0x0 linker stubs
 *(.eh_frame)
 .eh_frame      0x08006430        0x0 I:/cubeclt/cube/STM32CubeCLT_1.16.0/GNU-tools-for-STM32/bin/../lib/gcc/arm-none-eabi/12.3.1/thumb/v6-m/nofp/crtbegin.o
 *(.init)
 .init          0x08006430        0x4 I:/cubeclt/cube/STM32CubeCLT_1.16.0/GNU-tools-for-STM32/bin/../lib/gcc/arm-none-eabi/12.3.1/thumb/v6-m/nofp/crti.o
                0x08006430                _init
 .init          0x08006434        0x8 I:/cubeclt/cube/STM32CubeCLT_1.16.0/GNU-tools-for-STM32/bin/../lib/gcc/arm-none-eabi/12.3.1/thumb/v6-m/nofp/crtn.o
 *(.fini)
 .fini          0x0800643c        0x4 I:/cubeclt/cube/STM32CubeCLT_1.16.0/GNU-tools-for-STM32/bin/../lib/gcc/arm-none-eabi/12.3.1/thumb/v6-m/nofp/crti.o
                0x0800643c                _fini
 .fini          0x08006440        0x8 I:/cubeclt/cube/STM32CubeCLT_1.16.0/GNU-tools-for-STM32/bin/../lib/gcc/arm-none-eabi/12.3.1/thumb/v6-m/nofp/crtn.o
                0x08006448                        . = ALIGN (0x4)
                0x08006448                        _etext = .

.vfp11_veneer   0x08006448        0x0
 .vfp11_veneer  0x08006448        0x0 linker stubs

.v4_bx          0x08006448        0x0
 .v4_bx         0x08006448        0x0 linker stubs

.iplt           0x08006448        0x0
 .iplt          0x08006448        0x0 I:/cubeclt/cube/STM32CubeCLT_1.16.0/GNU-tools-for-STM32/bin/../lib/gcc/arm-none-eabi/12.3.1/thumb/v6-m/nofp/crtbegin.o

.rodata         0x08006448       0xb8
                0x08006448                        . = ALIGN (0x4)
 *(.rodata)
 *(.rodata*)
 .rodata.UARTPrescTable
                0x08006448       0x18 CMakeFiles/sunBoard.dir/Drivers/STM32G0xx_HAL_Driver/Src/stm32g0xx_hal_uart.c.obj
                0x08006448                UARTPrescTable
 .rodata.AHBPrescTable
                0x08006460       0x40 CMakeFiles/sunBoard.dir/Core/Src/system_stm32g0xx.c.obj
                0x08006460                AHBPrescTable
 .rodata.APBPrescTable
                0x080064a0       0x20 CMakeFiles/sunBoard.dir/Core/Src/system_stm32g0xx.c.obj
                0x080064a0                APBPrescTable
 .rodata.motor_wave_control
                0x080064c0       0x40 CMakeFiles/sunBoard.dir/User/src/motor.c.obj
                0x08006500                        . = ALIGN (0x4)

.rel.dyn        0x08006500        0x0
 .rel.iplt      0x08006500        0x0 I:/cubeclt/cube/STM32CubeCLT_1.16.0/GNU-tools-for-STM32/bin/../lib/gcc/arm-none-eabi/12.3.1/thumb/v6-m/nofp/crtbegin.o

.ARM.extab
 *(.ARM.extab* .gnu.linkonce.armextab.*)

.ARM            0x08006500        0x0
                0x08006500                        __exidx_start = .
 *(.ARM.exidx*)
                0x08006500                        __exidx_end = .

.preinit_array  0x08006500        0x0
                0x08006500                        PROVIDE (__preinit_array_start = .)
 *(.preinit_array*)
                0x08006500                        PROVIDE (__preinit_array_end = .)

.init_array     0x08006500        0x4
                0x08006500                        PROVIDE (__init_array_start = .)
 *(SORT_BY_NAME(.init_array.*))
 *(.init_array*)
 .init_array    0x08006500        0x4 I:/cubeclt/cube/STM32CubeCLT_1.16.0/GNU-tools-for-STM32/bin/../lib/gcc/arm-none-eabi/12.3.1/thumb/v6-m/nofp/crtbegin.o
                0x08006504                        PROVIDE (__init_array_end = .)

.fini_array     0x08006504        0x4
                [!provide]                        PROVIDE (__fini_array_start = .)
 *(SORT_BY_NAME(.fini_array.*))
 *(.fini_array*)
 .fini_array    0x08006504        0x4 I:/cubeclt/cube/STM32CubeCLT_1.16.0/GNU-tools-for-STM32/bin/../lib/gcc/arm-none-eabi/12.3.1/thumb/v6-m/nofp/crtbegin.o
                [!provide]                        PROVIDE (__fini_array_end = .)
                0x08006508                        _sidata = LOADADDR (.data)

.data           0x20000000       0x68 load address 0x08006508
                0x20000000                        . = ALIGN (0x4)
                0x20000000                        _sdata = .
 *(.data)
 *(.data*)
 .data._impure_ptr
                0x20000000        0x4 I:/cubeclt/cube/STM32CubeCLT_1.16.0/GNU-tools-for-STM32/bin/../lib/gcc/arm-none-eabi/12.3.1/../../../../arm-none-eabi/lib/thumb/v6-m/nofp\libc_nano.a(libc_a-impure.o)
                0x20000000                _impure_ptr
 .data._impure_data
                0x20000004       0x4c I:/cubeclt/cube/STM32CubeCLT_1.16.0/GNU-tools-for-STM32/bin/../lib/gcc/arm-none-eabi/12.3.1/../../../../arm-none-eabi/lib/thumb/v6-m/nofp\libc_nano.a(libc_a-impure.o)
                0x20000004                _impure_data
 .data.uwTickPrio
                0x20000050        0x4 CMakeFiles/sunBoard.dir/Drivers/STM32G0xx_HAL_Driver/Src/stm32g0xx_hal.c.obj
                0x20000050                uwTickPrio
 .data.uwTickFreq
                0x20000054        0x1 CMakeFiles/sunBoard.dir/Drivers/STM32G0xx_HAL_Driver/Src/stm32g0xx_hal.c.obj
                0x20000054                uwTickFreq
 *fill*         0x20000055        0x3 
 .data.SystemCoreClock
                0x20000058        0x4 CMakeFiles/sunBoard.dir/Core/Src/system_stm32g0xx.c.obj
                0x20000058                SystemCoreClock
 .data.LedCode  0x2000005c        0xa CMakeFiles/sunBoard.dir/User/src/TM1650.c.obj
                0x20000068                        . = ALIGN (0x4)
 *fill*         0x20000066        0x2 
                0x20000068                        _edata = .

.igot.plt       0x20000068        0x0 load address 0x08006570
 .igot.plt      0x20000068        0x0 I:/cubeclt/cube/STM32CubeCLT_1.16.0/GNU-tools-for-STM32/bin/../lib/gcc/arm-none-eabi/12.3.1/thumb/v6-m/nofp/crtbegin.o
                0x20000068                        . = ALIGN (0x4)

.bss            0x20000068      0x57c load address 0x08006570
                0x20000068                        _sbss = .
                0x20000068                        __bss_start__ = _sbss
 *(.bss)
 .bss           0x20000068       0x1c I:/cubeclt/cube/STM32CubeCLT_1.16.0/GNU-tools-for-STM32/bin/../lib/gcc/arm-none-eabi/12.3.1/thumb/v6-m/nofp/crtbegin.o
 *(.bss*)
 .bss.__sf      0x20000084      0x138 I:/cubeclt/cube/STM32CubeCLT_1.16.0/GNU-tools-for-STM32/bin/../lib/gcc/arm-none-eabi/12.3.1/../../../../arm-none-eabi/lib/thumb/v6-m/nofp\libc_nano.a(libc_a-findfp.o)
                0x20000084                __sf
 .bss.errno     0x200001bc        0x4 I:/cubeclt/cube/STM32CubeCLT_1.16.0/GNU-tools-for-STM32/bin/../lib/gcc/arm-none-eabi/12.3.1/../../../../arm-none-eabi/lib/thumb/v6-m/nofp\libc_nano.a(libc_a-reent.o)
                0x200001bc                errno
 .bss.__lock___malloc_recursive_mutex
                0x200001c0        0x1 I:/cubeclt/cube/STM32CubeCLT_1.16.0/GNU-tools-for-STM32/bin/../lib/gcc/arm-none-eabi/12.3.1/../../../../arm-none-eabi/lib/thumb/v6-m/nofp\libc_nano.a(libc_a-lock.o)
                0x200001c0                __lock___malloc_recursive_mutex
 *fill*         0x200001c1        0x3 
 .bss.__malloc_sbrk_start
                0x200001c4        0x4 I:/cubeclt/cube/STM32CubeCLT_1.16.0/GNU-tools-for-STM32/bin/../lib/gcc/arm-none-eabi/12.3.1/../../../../arm-none-eabi/lib/thumb/v6-m/nofp\libc_nano.a(libc_a-mallocr.o)
                0x200001c4                __malloc_sbrk_start
 .bss.__malloc_free_list
                0x200001c8        0x4 I:/cubeclt/cube/STM32CubeCLT_1.16.0/GNU-tools-for-STM32/bin/../lib/gcc/arm-none-eabi/12.3.1/../../../../arm-none-eabi/lib/thumb/v6-m/nofp\libc_nano.a(libc_a-mallocr.o)
                0x200001c8                __malloc_free_list
 .bss.key0      0x200001cc        0x4 CMakeFiles/sunBoard.dir/Core/Src/main.c.obj
                0x200001cc                key0
 .bss.key1      0x200001d0        0x4 CMakeFiles/sunBoard.dir/Core/Src/main.c.obj
                0x200001d0                key1
 .bss.key2      0x200001d4        0x4 CMakeFiles/sunBoard.dir/Core/Src/main.c.obj
                0x200001d4                key2
 .bss.TM1650    0x200001d8        0x4 CMakeFiles/sunBoard.dir/Core/Src/main.c.obj
                0x200001d8                TM1650
 .bss.Pcf8563_ctrl
                0x200001dc        0x4 CMakeFiles/sunBoard.dir/Core/Src/main.c.obj
                0x200001dc                Pcf8563_ctrl
 .bss.Motor_Ctrl
                0x200001e0        0x4 CMakeFiles/sunBoard.dir/Core/Src/main.c.obj
                0x200001e0                Motor_Ctrl
 .bss.hi2c1     0x200001e4       0x54 CMakeFiles/sunBoard.dir/Core/Src/i2c.c.obj
                0x200001e4                hi2c1
 .bss.hi2c2     0x20000238       0x54 CMakeFiles/sunBoard.dir/Core/Src/i2c.c.obj
                0x20000238                hi2c2
 .bss.htim1     0x2000028c       0x4c CMakeFiles/sunBoard.dir/Core/Src/tim.c.obj
                0x2000028c                htim1
 .bss.htim3     0x200002d8       0x4c CMakeFiles/sunBoard.dir/Core/Src/tim.c.obj
                0x200002d8                htim3
 .bss.htim14    0x20000324       0x4c CMakeFiles/sunBoard.dir/Core/Src/tim.c.obj
                0x20000324                htim14
 .bss.htim16    0x20000370       0x4c CMakeFiles/sunBoard.dir/Core/Src/tim.c.obj
                0x20000370                htim16
 .bss.htim17    0x200003bc       0x4c CMakeFiles/sunBoard.dir/Core/Src/tim.c.obj
                0x200003bc                htim17
 .bss.myuart    0x20000408       0x18 CMakeFiles/sunBoard.dir/Core/Src/usart.c.obj
                0x20000408                myuart
 .bss.send_buffer
                0x20000420       0x32 CMakeFiles/sunBoard.dir/Core/Src/usart.c.obj
 *fill*         0x20000452        0x2 
 .bss.receive_buffer
                0x20000454       0x32 CMakeFiles/sunBoard.dir/Core/Src/usart.c.obj
 *fill*         0x20000486        0x2 
 .bss.huart2    0x20000488       0x94 CMakeFiles/sunBoard.dir/Core/Src/usart.c.obj
                0x20000488                huart2
 .bss.hdma_usart2_tx
                0x2000051c       0x5c CMakeFiles/sunBoard.dir/Core/Src/usart.c.obj
                0x2000051c                hdma_usart2_tx
 .bss.hdma_usart2_rx
                0x20000578       0x5c CMakeFiles/sunBoard.dir/Core/Src/usart.c.obj
                0x20000578                hdma_usart2_rx
 .bss.uwTick    0x200005d4        0x4 CMakeFiles/sunBoard.dir/Drivers/STM32G0xx_HAL_Driver/Src/stm32g0xx_hal.c.obj
                0x200005d4                uwTick
 .bss.__sbrk_heap_end
                0x200005d8        0x4 CMakeFiles/sunBoard.dir/Core/Src/sysmem.c.obj
 .bss.last_hour.1
                0x200005dc        0x1 CMakeFiles/sunBoard.dir/User/src/PCF8563.c.obj
 .bss.current_hour.0
                0x200005dd        0x1 CMakeFiles/sunBoard.dir/User/src/PCF8563.c.obj
 *fill*         0x200005de        0x2 
 .bss.write_buffer
                0x200005e0        0x4 CMakeFiles/sunBoard.dir/User/src/TM1650.c.obj
 *(COMMON)
                0x200005e4                        . = ALIGN (0x4)
                0x200005e4                        _ebss = .
                0x200005e4                        __bss_end__ = _ebss

._user_heap_stack
                0x200005e4      0x604 load address 0x08006570
                0x200005e8                        . = ALIGN (0x8)
 *fill*         0x200005e4        0x4 
                [!provide]                        PROVIDE (end = .)
                0x200005e8                        PROVIDE (_end = .)
                0x200007e8                        . = (. + _Min_Heap_Size)
 *fill*         0x200005e8      0x200 
                0x20000be8                        . = (. + _Min_Stack_Size)
 *fill*         0x200007e8      0x400 
                0x20000be8                        . = ALIGN (0x8)

/DISCARD/
 libc.a(*)
 libm.a(*)
 libgcc.a(*)

.ARM.attributes
                0x00000000       0x28
 *(.ARM.attributes)
 .ARM.attributes
                0x00000000       0x1e I:/cubeclt/cube/STM32CubeCLT_1.16.0/GNU-tools-for-STM32/bin/../lib/gcc/arm-none-eabi/12.3.1/thumb/v6-m/nofp/crti.o
 .ARM.attributes
                0x0000001e       0x2c I:/cubeclt/cube/STM32CubeCLT_1.16.0/GNU-tools-for-STM32/bin/../lib/gcc/arm-none-eabi/12.3.1/thumb/v6-m/nofp/crtbegin.o
 .ARM.attributes
                0x0000004a       0x2c I:/cubeclt/cube/STM32CubeCLT_1.16.0/GNU-tools-for-STM32/bin/../lib/gcc/arm-none-eabi/12.3.1/../../../../arm-none-eabi/lib/thumb/v6-m/nofp\libc_nano.a(libc_a-findfp.o)
 .ARM.attributes
                0x00000076       0x2c I:/cubeclt/cube/STM32CubeCLT_1.16.0/GNU-tools-for-STM32/bin/../lib/gcc/arm-none-eabi/12.3.1/../../../../arm-none-eabi/lib/thumb/v6-m/nofp\libc_nano.a(libc_a-memset.o)
 .ARM.attributes
                0x000000a2       0x2c I:/cubeclt/cube/STM32CubeCLT_1.16.0/GNU-tools-for-STM32/bin/../lib/gcc/arm-none-eabi/12.3.1/../../../../arm-none-eabi/lib/thumb/v6-m/nofp\libc_nano.a(libc_a-reent.o)
 .ARM.attributes
                0x000000ce       0x2c I:/cubeclt/cube/STM32CubeCLT_1.16.0/GNU-tools-for-STM32/bin/../lib/gcc/arm-none-eabi/12.3.1/../../../../arm-none-eabi/lib/thumb/v6-m/nofp\libc_nano.a(libc_a-impure.o)
 .ARM.attributes
                0x000000fa       0x2c I:/cubeclt/cube/STM32CubeCLT_1.16.0/GNU-tools-for-STM32/bin/../lib/gcc/arm-none-eabi/12.3.1/../../../../arm-none-eabi/lib/thumb/v6-m/nofp\libc_nano.a(libc_a-init.o)
 .ARM.attributes
                0x00000126       0x2c I:/cubeclt/cube/STM32CubeCLT_1.16.0/GNU-tools-for-STM32/bin/../lib/gcc/arm-none-eabi/12.3.1/../../../../arm-none-eabi/lib/thumb/v6-m/nofp\libc_nano.a(libc_a-lock.o)
 .ARM.attributes
                0x00000152       0x2c I:/cubeclt/cube/STM32CubeCLT_1.16.0/GNU-tools-for-STM32/bin/../lib/gcc/arm-none-eabi/12.3.1/../../../../arm-none-eabi/lib/thumb/v6-m/nofp\libc_nano.a(libc_a-mallocr.o)
 .ARM.attributes
                0x0000017e       0x2c I:/cubeclt/cube/STM32CubeCLT_1.16.0/GNU-tools-for-STM32/bin/../lib/gcc/arm-none-eabi/12.3.1/../../../../arm-none-eabi/lib/thumb/v6-m/nofp\libc_nano.a(libc_a-mlock.o)
 .ARM.attributes
                0x000001aa       0x2c I:/cubeclt/cube/STM32CubeCLT_1.16.0/GNU-tools-for-STM32/bin/../lib/gcc/arm-none-eabi/12.3.1/../../../../arm-none-eabi/lib/thumb/v6-m/nofp\libc_nano.a(libc_a-sbrkr.o)
 .ARM.attributes
                0x000001d6       0x2c CMakeFiles/sunBoard.dir/Core/Src/main.c.obj
 .ARM.attributes
                0x00000202       0x2c CMakeFiles/sunBoard.dir/Core/Src/gpio.c.obj
 .ARM.attributes
                0x0000022e       0x2c CMakeFiles/sunBoard.dir/Core/Src/dma.c.obj
 .ARM.attributes
                0x0000025a       0x2c CMakeFiles/sunBoard.dir/Core/Src/i2c.c.obj
 .ARM.attributes
                0x00000286       0x2c CMakeFiles/sunBoard.dir/Core/Src/tim.c.obj
 .ARM.attributes
                0x000002b2       0x2c CMakeFiles/sunBoard.dir/Core/Src/usart.c.obj
 .ARM.attributes
                0x000002de       0x2c CMakeFiles/sunBoard.dir/Core/Src/stm32g0xx_it.c.obj
 .ARM.attributes
                0x0000030a       0x2c CMakeFiles/sunBoard.dir/Core/Src/stm32g0xx_hal_msp.c.obj
 .ARM.attributes
                0x00000336       0x2c CMakeFiles/sunBoard.dir/Drivers/STM32G0xx_HAL_Driver/Src/stm32g0xx_hal_i2c.c.obj
 .ARM.attributes
                0x00000362       0x2c CMakeFiles/sunBoard.dir/Drivers/STM32G0xx_HAL_Driver/Src/stm32g0xx_hal_i2c_ex.c.obj
 .ARM.attributes
                0x0000038e       0x2c CMakeFiles/sunBoard.dir/Drivers/STM32G0xx_HAL_Driver/Src/stm32g0xx_hal_rcc.c.obj
 .ARM.attributes
                0x000003ba       0x2c CMakeFiles/sunBoard.dir/Drivers/STM32G0xx_HAL_Driver/Src/stm32g0xx_hal_rcc_ex.c.obj
 .ARM.attributes
                0x000003e6       0x2c CMakeFiles/sunBoard.dir/Drivers/STM32G0xx_HAL_Driver/Src/stm32g0xx_hal_gpio.c.obj
 .ARM.attributes
                0x00000412       0x2c CMakeFiles/sunBoard.dir/Drivers/STM32G0xx_HAL_Driver/Src/stm32g0xx_hal_dma.c.obj
 .ARM.attributes
                0x0000043e       0x2c CMakeFiles/sunBoard.dir/Drivers/STM32G0xx_HAL_Driver/Src/stm32g0xx_hal_pwr_ex.c.obj
 .ARM.attributes
                0x0000046a       0x2c CMakeFiles/sunBoard.dir/Drivers/STM32G0xx_HAL_Driver/Src/stm32g0xx_hal_cortex.c.obj
 .ARM.attributes
                0x00000496       0x2c CMakeFiles/sunBoard.dir/Drivers/STM32G0xx_HAL_Driver/Src/stm32g0xx_hal.c.obj
 .ARM.attributes
                0x000004c2       0x2c CMakeFiles/sunBoard.dir/Drivers/STM32G0xx_HAL_Driver/Src/stm32g0xx_hal_tim.c.obj
 .ARM.attributes
                0x000004ee       0x2c CMakeFiles/sunBoard.dir/Drivers/STM32G0xx_HAL_Driver/Src/stm32g0xx_hal_tim_ex.c.obj
 .ARM.attributes
                0x0000051a       0x2c CMakeFiles/sunBoard.dir/Drivers/STM32G0xx_HAL_Driver/Src/stm32g0xx_hal_uart.c.obj
 .ARM.attributes
                0x00000546       0x2c CMakeFiles/sunBoard.dir/Core/Src/system_stm32g0xx.c.obj
 .ARM.attributes
                0x00000572       0x2c CMakeFiles/sunBoard.dir/Core/Src/sysmem.c.obj
 .ARM.attributes
                0x0000059e       0x22 CMakeFiles/sunBoard.dir/startup_stm32g030xx.s.obj
 .ARM.attributes
                0x000005c0       0x2c CMakeFiles/sunBoard.dir/User/src/PCF8563.c.obj
 .ARM.attributes
                0x000005ec       0x2c CMakeFiles/sunBoard.dir/User/src/TM1650.c.obj
 .ARM.attributes
                0x00000618       0x2c CMakeFiles/sunBoard.dir/User/src/key.c.obj
 .ARM.attributes
                0x00000644       0x2c CMakeFiles/sunBoard.dir/User/src/motor.c.obj
 .ARM.attributes
                0x00000670       0x1e I:/cubeclt/cube/STM32CubeCLT_1.16.0/GNU-tools-for-STM32/bin/../lib/gcc/arm-none-eabi/12.3.1/thumb/v6-m/nofp\libgcc.a(_udivsi3.o)
 .ARM.attributes
                0x0000068e       0x1e I:/cubeclt/cube/STM32CubeCLT_1.16.0/GNU-tools-for-STM32/bin/../lib/gcc/arm-none-eabi/12.3.1/thumb/v6-m/nofp\libgcc.a(_dvmd_tls.o)
 .ARM.attributes
                0x000006ac       0x2c I:/cubeclt/cube/STM32CubeCLT_1.16.0/GNU-tools-for-STM32/bin/../lib/gcc/arm-none-eabi/12.3.1/../../../../arm-none-eabi/lib/thumb/v6-m/nofp\libg_nano.a(libc_a-malloc.o)
 .ARM.attributes
                0x000006d8       0x2c I:/cubeclt/cube/STM32CubeCLT_1.16.0/GNU-tools-for-STM32/bin/../lib/gcc/arm-none-eabi/12.3.1/../../../../arm-none-eabi/lib/thumb/v6-m/nofp\libg_nano.a(libc_a-errno.o)
 .ARM.attributes
                0x00000704       0x1e I:/cubeclt/cube/STM32CubeCLT_1.16.0/GNU-tools-for-STM32/bin/../lib/gcc/arm-none-eabi/12.3.1/thumb/v6-m/nofp/crtn.o
OUTPUT(sunBoard.elf elf32-littlearm)
LOAD linker stubs
LOAD I:/cubeclt/cube/STM32CubeCLT_1.16.0/GNU-tools-for-STM32/bin/../lib/gcc/arm-none-eabi/12.3.1/../../../../arm-none-eabi/lib/thumb/v6-m/nofp\libc.a
LOAD I:/cubeclt/cube/STM32CubeCLT_1.16.0/GNU-tools-for-STM32/bin/../lib/gcc/arm-none-eabi/12.3.1/../../../../arm-none-eabi/lib/thumb/v6-m/nofp\libm.a
LOAD I:/cubeclt/cube/STM32CubeCLT_1.16.0/GNU-tools-for-STM32/bin/../lib/gcc/arm-none-eabi/12.3.1/thumb/v6-m/nofp\libgcc.a

.debug_frame    0x00000000     0x46e8
 .debug_frame   0x00000000      0x138 I:/cubeclt/cube/STM32CubeCLT_1.16.0/GNU-tools-for-STM32/bin/../lib/gcc/arm-none-eabi/12.3.1/../../../../arm-none-eabi/lib/thumb/v6-m/nofp\libc_nano.a(libc_a-findfp.o)
 .debug_frame   0x00000138       0x20 I:/cubeclt/cube/STM32CubeCLT_1.16.0/GNU-tools-for-STM32/bin/../lib/gcc/arm-none-eabi/12.3.1/../../../../arm-none-eabi/lib/thumb/v6-m/nofp\libc_nano.a(libc_a-memset.o)
 .debug_frame   0x00000158       0x2c I:/cubeclt/cube/STM32CubeCLT_1.16.0/GNU-tools-for-STM32/bin/../lib/gcc/arm-none-eabi/12.3.1/../../../../arm-none-eabi/lib/thumb/v6-m/nofp\libc_nano.a(libc_a-reent.o)
 .debug_frame   0x00000184       0x2c I:/cubeclt/cube/STM32CubeCLT_1.16.0/GNU-tools-for-STM32/bin/../lib/gcc/arm-none-eabi/12.3.1/../../../../arm-none-eabi/lib/thumb/v6-m/nofp\libc_nano.a(libc_a-init.o)
 .debug_frame   0x000001b0       0xb0 I:/cubeclt/cube/STM32CubeCLT_1.16.0/GNU-tools-for-STM32/bin/../lib/gcc/arm-none-eabi/12.3.1/../../../../arm-none-eabi/lib/thumb/v6-m/nofp\libc_nano.a(libc_a-lock.o)
 .debug_frame   0x00000260       0x50 I:/cubeclt/cube/STM32CubeCLT_1.16.0/GNU-tools-for-STM32/bin/../lib/gcc/arm-none-eabi/12.3.1/../../../../arm-none-eabi/lib/thumb/v6-m/nofp\libc_nano.a(libc_a-mallocr.o)
 .debug_frame   0x000002b0       0x40 I:/cubeclt/cube/STM32CubeCLT_1.16.0/GNU-tools-for-STM32/bin/../lib/gcc/arm-none-eabi/12.3.1/../../../../arm-none-eabi/lib/thumb/v6-m/nofp\libc_nano.a(libc_a-mlock.o)
 .debug_frame   0x000002f0       0x2c I:/cubeclt/cube/STM32CubeCLT_1.16.0/GNU-tools-for-STM32/bin/../lib/gcc/arm-none-eabi/12.3.1/../../../../arm-none-eabi/lib/thumb/v6-m/nofp\libc_nano.a(libc_a-sbrkr.o)
 .debug_frame   0x0000031c       0x6c CMakeFiles/sunBoard.dir/Core/Src/main.c.obj
 .debug_frame   0x00000388       0x30 CMakeFiles/sunBoard.dir/Core/Src/gpio.c.obj
 .debug_frame   0x000003b8       0x30 CMakeFiles/sunBoard.dir/Core/Src/dma.c.obj
 .debug_frame   0x000003e8       0x88 CMakeFiles/sunBoard.dir/Core/Src/i2c.c.obj
 .debug_frame   0x00000470      0x104 CMakeFiles/sunBoard.dir/Core/Src/tim.c.obj
 .debug_frame   0x00000574       0xac CMakeFiles/sunBoard.dir/Core/Src/usart.c.obj
 .debug_frame   0x00000620      0x160 CMakeFiles/sunBoard.dir/Core/Src/stm32g0xx_it.c.obj
 .debug_frame   0x00000780       0x30 CMakeFiles/sunBoard.dir/Core/Src/stm32g0xx_hal_msp.c.obj
 .debug_frame   0x000007b0      0xa68 CMakeFiles/sunBoard.dir/Drivers/STM32G0xx_HAL_Driver/Src/stm32g0xx_hal_i2c.c.obj
 .debug_frame   0x00001218       0xd0 CMakeFiles/sunBoard.dir/Drivers/STM32G0xx_HAL_Driver/Src/stm32g0xx_hal_i2c_ex.c.obj
 .debug_frame   0x000012e8      0x214 CMakeFiles/sunBoard.dir/Drivers/STM32G0xx_HAL_Driver/Src/stm32g0xx_hal_rcc.c.obj
 .debug_frame   0x000014fc       0xb0 CMakeFiles/sunBoard.dir/Drivers/STM32G0xx_HAL_Driver/Src/stm32g0xx_hal_rcc_ex.c.obj
 .debug_frame   0x000015ac      0x130 CMakeFiles/sunBoard.dir/Drivers/STM32G0xx_HAL_Driver/Src/stm32g0xx_hal_gpio.c.obj
 .debug_frame   0x000016dc      0x1f0 CMakeFiles/sunBoard.dir/Drivers/STM32G0xx_HAL_Driver/Src/stm32g0xx_hal_dma.c.obj
 .debug_frame   0x000018cc      0x1f4 CMakeFiles/sunBoard.dir/Drivers/STM32G0xx_HAL_Driver/Src/stm32g0xx_hal_pwr_ex.c.obj
 .debug_frame   0x00001ac0      0x33c CMakeFiles/sunBoard.dir/Drivers/STM32G0xx_HAL_Driver/Src/stm32g0xx_hal_cortex.c.obj
 .debug_frame   0x00001dfc      0x360 CMakeFiles/sunBoard.dir/Drivers/STM32G0xx_HAL_Driver/Src/stm32g0xx_hal.c.obj
 .debug_frame   0x0000215c      0xf40 CMakeFiles/sunBoard.dir/Drivers/STM32G0xx_HAL_Driver/Src/stm32g0xx_hal_tim.c.obj
 .debug_frame   0x0000309c      0x620 CMakeFiles/sunBoard.dir/Drivers/STM32G0xx_HAL_Driver/Src/stm32g0xx_hal_tim_ex.c.obj
 .debug_frame   0x000036bc      0x8d4 CMakeFiles/sunBoard.dir/Drivers/STM32G0xx_HAL_Driver/Src/stm32g0xx_hal_uart.c.obj
 .debug_frame   0x00003f90       0x4c CMakeFiles/sunBoard.dir/Core/Src/system_stm32g0xx.c.obj
 .debug_frame   0x00003fdc       0x30 CMakeFiles/sunBoard.dir/Core/Src/sysmem.c.obj
 .debug_frame   0x0000400c      0x168 CMakeFiles/sunBoard.dir/User/src/PCF8563.c.obj
 .debug_frame   0x00004174      0x1b0 CMakeFiles/sunBoard.dir/User/src/TM1650.c.obj
 .debug_frame   0x00004324      0x194 CMakeFiles/sunBoard.dir/User/src/key.c.obj
 .debug_frame   0x000044b8      0x1b0 CMakeFiles/sunBoard.dir/User/src/motor.c.obj
 .debug_frame   0x00004668       0x20 I:/cubeclt/cube/STM32CubeCLT_1.16.0/GNU-tools-for-STM32/bin/../lib/gcc/arm-none-eabi/12.3.1/thumb/v6-m/nofp\libgcc.a(_udivsi3.o)
 .debug_frame   0x00004688       0x40 I:/cubeclt/cube/STM32CubeCLT_1.16.0/GNU-tools-for-STM32/bin/../lib/gcc/arm-none-eabi/12.3.1/../../../../arm-none-eabi/lib/thumb/v6-m/nofp\libg_nano.a(libc_a-malloc.o)
 .debug_frame   0x000046c8       0x20 I:/cubeclt/cube/STM32CubeCLT_1.16.0/GNU-tools-for-STM32/bin/../lib/gcc/arm-none-eabi/12.3.1/../../../../arm-none-eabi/lib/thumb/v6-m/nofp\libg_nano.a(libc_a-errno.o)

.debug_info     0x00000000    0x194e2
 .debug_info    0x00000000     0x159b CMakeFiles/sunBoard.dir/Core/Src/main.c.obj
 .debug_info    0x0000159b      0x3e1 CMakeFiles/sunBoard.dir/Core/Src/gpio.c.obj
 .debug_info    0x0000197c      0x33c CMakeFiles/sunBoard.dir/Core/Src/dma.c.obj
 .debug_info    0x00001cb8      0xb3c CMakeFiles/sunBoard.dir/Core/Src/i2c.c.obj
 .debug_info    0x000027f4     0x13ed CMakeFiles/sunBoard.dir/Core/Src/tim.c.obj
 .debug_info    0x00003be1      0xd0c CMakeFiles/sunBoard.dir/Core/Src/usart.c.obj
 .debug_info    0x000048ed      0x889 CMakeFiles/sunBoard.dir/Core/Src/stm32g0xx_it.c.obj
 .debug_info    0x00005176      0x26c CMakeFiles/sunBoard.dir/Core/Src/stm32g0xx_hal_msp.c.obj
 .debug_info    0x000053e2     0x21bc CMakeFiles/sunBoard.dir/Drivers/STM32G0xx_HAL_Driver/Src/stm32g0xx_hal_i2c.c.obj
 .debug_info    0x0000759e      0x9d9 CMakeFiles/sunBoard.dir/Drivers/STM32G0xx_HAL_Driver/Src/stm32g0xx_hal_i2c_ex.c.obj
 .debug_info    0x00007f77      0xad0 CMakeFiles/sunBoard.dir/Drivers/STM32G0xx_HAL_Driver/Src/stm32g0xx_hal_rcc.c.obj
 .debug_info    0x00008a47      0x72b CMakeFiles/sunBoard.dir/Drivers/STM32G0xx_HAL_Driver/Src/stm32g0xx_hal_rcc_ex.c.obj
 .debug_info    0x00009172      0x59d CMakeFiles/sunBoard.dir/Drivers/STM32G0xx_HAL_Driver/Src/stm32g0xx_hal_gpio.c.obj
 .debug_info    0x0000970f      0x86b CMakeFiles/sunBoard.dir/Drivers/STM32G0xx_HAL_Driver/Src/stm32g0xx_hal_dma.c.obj
 .debug_info    0x00009f7a      0x496 CMakeFiles/sunBoard.dir/Drivers/STM32G0xx_HAL_Driver/Src/stm32g0xx_hal_pwr_ex.c.obj
 .debug_info    0x0000a410      0x8a9 CMakeFiles/sunBoard.dir/Drivers/STM32G0xx_HAL_Driver/Src/stm32g0xx_hal_cortex.c.obj
 .debug_info    0x0000acb9      0x8f0 CMakeFiles/sunBoard.dir/Drivers/STM32G0xx_HAL_Driver/Src/stm32g0xx_hal.c.obj
 .debug_info    0x0000b5a9     0x2ba7 CMakeFiles/sunBoard.dir/Drivers/STM32G0xx_HAL_Driver/Src/stm32g0xx_hal_tim.c.obj
 .debug_info    0x0000e150     0x18b8 CMakeFiles/sunBoard.dir/Drivers/STM32G0xx_HAL_Driver/Src/stm32g0xx_hal_tim_ex.c.obj
 .debug_info    0x0000fa08     0x483c CMakeFiles/sunBoard.dir/Drivers/STM32G0xx_HAL_Driver/Src/stm32g0xx_hal_uart.c.obj
 .debug_info    0x00014244      0x316 CMakeFiles/sunBoard.dir/Core/Src/system_stm32g0xx.c.obj
 .debug_info    0x0001455a      0x168 CMakeFiles/sunBoard.dir/Core/Src/sysmem.c.obj
 .debug_info    0x000146c2       0x30 CMakeFiles/sunBoard.dir/startup_stm32g030xx.s.obj
 .debug_info    0x000146f2      0xf9d CMakeFiles/sunBoard.dir/User/src/PCF8563.c.obj
 .debug_info    0x0001568f      0xfda CMakeFiles/sunBoard.dir/User/src/TM1650.c.obj
 .debug_info    0x00016669     0x124f CMakeFiles/sunBoard.dir/User/src/key.c.obj
 .debug_info    0x000178b8      0xd9b CMakeFiles/sunBoard.dir/User/src/motor.c.obj
 .debug_info    0x00018653      0x794 I:/cubeclt/cube/STM32CubeCLT_1.16.0/GNU-tools-for-STM32/bin/../lib/gcc/arm-none-eabi/12.3.1/../../../../arm-none-eabi/lib/thumb/v6-m/nofp\libg_nano.a(libc_a-malloc.o)
 .debug_info    0x00018de7      0x6fb I:/cubeclt/cube/STM32CubeCLT_1.16.0/GNU-tools-for-STM32/bin/../lib/gcc/arm-none-eabi/12.3.1/../../../../arm-none-eabi/lib/thumb/v6-m/nofp\libg_nano.a(libc_a-errno.o)

.debug_abbrev   0x00000000     0x3ad4
 .debug_abbrev  0x00000000      0x27e CMakeFiles/sunBoard.dir/Core/Src/main.c.obj
 .debug_abbrev  0x0000027e      0x158 CMakeFiles/sunBoard.dir/Core/Src/gpio.c.obj
 .debug_abbrev  0x000003d6      0x115 CMakeFiles/sunBoard.dir/Core/Src/dma.c.obj
 .debug_abbrev  0x000004eb      0x222 CMakeFiles/sunBoard.dir/Core/Src/i2c.c.obj
 .debug_abbrev  0x0000070d      0x278 CMakeFiles/sunBoard.dir/Core/Src/tim.c.obj
 .debug_abbrev  0x00000985      0x270 CMakeFiles/sunBoard.dir/Core/Src/usart.c.obj
 .debug_abbrev  0x00000bf5      0x1bf CMakeFiles/sunBoard.dir/Core/Src/stm32g0xx_it.c.obj
 .debug_abbrev  0x00000db4       0xdd CMakeFiles/sunBoard.dir/Core/Src/stm32g0xx_hal_msp.c.obj
 .debug_abbrev  0x00000e91      0x291 CMakeFiles/sunBoard.dir/Drivers/STM32G0xx_HAL_Driver/Src/stm32g0xx_hal_i2c.c.obj
 .debug_abbrev  0x00001122      0x1ea CMakeFiles/sunBoard.dir/Drivers/STM32G0xx_HAL_Driver/Src/stm32g0xx_hal_i2c_ex.c.obj
 .debug_abbrev  0x0000130c      0x2a9 CMakeFiles/sunBoard.dir/Drivers/STM32G0xx_HAL_Driver/Src/stm32g0xx_hal_rcc.c.obj
 .debug_abbrev  0x000015b5      0x229 CMakeFiles/sunBoard.dir/Drivers/STM32G0xx_HAL_Driver/Src/stm32g0xx_hal_rcc_ex.c.obj
 .debug_abbrev  0x000017de      0x1c3 CMakeFiles/sunBoard.dir/Drivers/STM32G0xx_HAL_Driver/Src/stm32g0xx_hal_gpio.c.obj
 .debug_abbrev  0x000019a1      0x1e1 CMakeFiles/sunBoard.dir/Drivers/STM32G0xx_HAL_Driver/Src/stm32g0xx_hal_dma.c.obj
 .debug_abbrev  0x00001b82      0x1d7 CMakeFiles/sunBoard.dir/Drivers/STM32G0xx_HAL_Driver/Src/stm32g0xx_hal_pwr_ex.c.obj
 .debug_abbrev  0x00001d59      0x2ab CMakeFiles/sunBoard.dir/Drivers/STM32G0xx_HAL_Driver/Src/stm32g0xx_hal_cortex.c.obj
 .debug_abbrev  0x00002004      0x2b4 CMakeFiles/sunBoard.dir/Drivers/STM32G0xx_HAL_Driver/Src/stm32g0xx_hal.c.obj
 .debug_abbrev  0x000022b8      0x29b CMakeFiles/sunBoard.dir/Drivers/STM32G0xx_HAL_Driver/Src/stm32g0xx_hal_tim.c.obj
 .debug_abbrev  0x00002553      0x2ab CMakeFiles/sunBoard.dir/Drivers/STM32G0xx_HAL_Driver/Src/stm32g0xx_hal_tim_ex.c.obj
 .debug_abbrev  0x000027fe      0x326 CMakeFiles/sunBoard.dir/Drivers/STM32G0xx_HAL_Driver/Src/stm32g0xx_hal_uart.c.obj
 .debug_abbrev  0x00002b24      0x119 CMakeFiles/sunBoard.dir/Core/Src/system_stm32g0xx.c.obj
 .debug_abbrev  0x00002c3d       0xbc CMakeFiles/sunBoard.dir/Core/Src/sysmem.c.obj
 .debug_abbrev  0x00002cf9       0x24 CMakeFiles/sunBoard.dir/startup_stm32g030xx.s.obj
 .debug_abbrev  0x00002d1d      0x252 CMakeFiles/sunBoard.dir/User/src/PCF8563.c.obj
 .debug_abbrev  0x00002f6f      0x29f CMakeFiles/sunBoard.dir/User/src/TM1650.c.obj
 .debug_abbrev  0x0000320e      0x2db CMakeFiles/sunBoard.dir/User/src/key.c.obj
 .debug_abbrev  0x000034e9      0x2c1 CMakeFiles/sunBoard.dir/User/src/motor.c.obj
 .debug_abbrev  0x000037aa      0x1cc I:/cubeclt/cube/STM32CubeCLT_1.16.0/GNU-tools-for-STM32/bin/../lib/gcc/arm-none-eabi/12.3.1/../../../../arm-none-eabi/lib/thumb/v6-m/nofp\libg_nano.a(libc_a-malloc.o)
 .debug_abbrev  0x00003976      0x15e I:/cubeclt/cube/STM32CubeCLT_1.16.0/GNU-tools-for-STM32/bin/../lib/gcc/arm-none-eabi/12.3.1/../../../../arm-none-eabi/lib/thumb/v6-m/nofp\libg_nano.a(libc_a-errno.o)

.debug_aranges  0x00000000     0x1368
 .debug_aranges
                0x00000000       0x30 CMakeFiles/sunBoard.dir/Core/Src/main.c.obj
 .debug_aranges
                0x00000030       0x20 CMakeFiles/sunBoard.dir/Core/Src/gpio.c.obj
 .debug_aranges
                0x00000050       0x20 CMakeFiles/sunBoard.dir/Core/Src/dma.c.obj
 .debug_aranges
                0x00000070       0x38 CMakeFiles/sunBoard.dir/Core/Src/i2c.c.obj
 .debug_aranges
                0x000000a8       0x58 CMakeFiles/sunBoard.dir/Core/Src/tim.c.obj
 .debug_aranges
                0x00000100       0x40 CMakeFiles/sunBoard.dir/Core/Src/usart.c.obj
 .debug_aranges
                0x00000140       0x78 CMakeFiles/sunBoard.dir/Core/Src/stm32g0xx_it.c.obj
 .debug_aranges
                0x000001b8       0x20 CMakeFiles/sunBoard.dir/Core/Src/stm32g0xx_hal_msp.c.obj
 .debug_aranges
                0x000001d8      0x2a0 CMakeFiles/sunBoard.dir/Drivers/STM32G0xx_HAL_Driver/Src/stm32g0xx_hal_i2c.c.obj
 .debug_aranges
                0x00000478       0x48 CMakeFiles/sunBoard.dir/Drivers/STM32G0xx_HAL_Driver/Src/stm32g0xx_hal_i2c_ex.c.obj
 .debug_aranges
                0x000004c0       0xa0 CMakeFiles/sunBoard.dir/Drivers/STM32G0xx_HAL_Driver/Src/stm32g0xx_hal_rcc.c.obj
 .debug_aranges
                0x00000560       0x40 CMakeFiles/sunBoard.dir/Drivers/STM32G0xx_HAL_Driver/Src/stm32g0xx_hal_rcc_ex.c.obj
 .debug_aranges
                0x000005a0       0x60 CMakeFiles/sunBoard.dir/Drivers/STM32G0xx_HAL_Driver/Src/stm32g0xx_hal_gpio.c.obj
 .debug_aranges
                0x00000600       0x90 CMakeFiles/sunBoard.dir/Drivers/STM32G0xx_HAL_Driver/Src/stm32g0xx_hal_dma.c.obj
 .debug_aranges
                0x00000690       0x98 CMakeFiles/sunBoard.dir/Drivers/STM32G0xx_HAL_Driver/Src/stm32g0xx_hal_pwr_ex.c.obj
 .debug_aranges
                0x00000728       0xe8 CMakeFiles/sunBoard.dir/Drivers/STM32G0xx_HAL_Driver/Src/stm32g0xx_hal_cortex.c.obj
 .debug_aranges
                0x00000810      0x100 CMakeFiles/sunBoard.dir/Drivers/STM32G0xx_HAL_Driver/Src/stm32g0xx_hal.c.obj
 .debug_aranges
                0x00000910      0x3e0 CMakeFiles/sunBoard.dir/Drivers/STM32G0xx_HAL_Driver/Src/stm32g0xx_hal_tim.c.obj
 .debug_aranges
                0x00000cf0      0x198 CMakeFiles/sunBoard.dir/Drivers/STM32G0xx_HAL_Driver/Src/stm32g0xx_hal_tim_ex.c.obj
 .debug_aranges
                0x00000e88      0x248 CMakeFiles/sunBoard.dir/Drivers/STM32G0xx_HAL_Driver/Src/stm32g0xx_hal_uart.c.obj
 .debug_aranges
                0x000010d0       0x28 CMakeFiles/sunBoard.dir/Core/Src/system_stm32g0xx.c.obj
 .debug_aranges
                0x000010f8       0x20 CMakeFiles/sunBoard.dir/Core/Src/sysmem.c.obj
 .debug_aranges
                0x00001118       0x28 CMakeFiles/sunBoard.dir/startup_stm32g030xx.s.obj
 .debug_aranges
                0x00001140       0x68 CMakeFiles/sunBoard.dir/User/src/PCF8563.c.obj
 .debug_aranges
                0x000011a8       0x80 CMakeFiles/sunBoard.dir/User/src/TM1650.c.obj
 .debug_aranges
                0x00001228       0x78 CMakeFiles/sunBoard.dir/User/src/key.c.obj
 .debug_aranges
                0x000012a0       0x80 CMakeFiles/sunBoard.dir/User/src/motor.c.obj
 .debug_aranges
                0x00001320       0x28 I:/cubeclt/cube/STM32CubeCLT_1.16.0/GNU-tools-for-STM32/bin/../lib/gcc/arm-none-eabi/12.3.1/../../../../arm-none-eabi/lib/thumb/v6-m/nofp\libg_nano.a(libc_a-malloc.o)
 .debug_aranges
                0x00001348       0x20 I:/cubeclt/cube/STM32CubeCLT_1.16.0/GNU-tools-for-STM32/bin/../lib/gcc/arm-none-eabi/12.3.1/../../../../arm-none-eabi/lib/thumb/v6-m/nofp\libg_nano.a(libc_a-errno.o)

.debug_rnglists
                0x00000000      0xf25
 .debug_rnglists
                0x00000000       0x21 CMakeFiles/sunBoard.dir/Core/Src/main.c.obj
 .debug_rnglists
                0x00000021       0x14 CMakeFiles/sunBoard.dir/Core/Src/gpio.c.obj
 .debug_rnglists
                0x00000035       0x13 CMakeFiles/sunBoard.dir/Core/Src/dma.c.obj
 .debug_rnglists
                0x00000048       0x29 CMakeFiles/sunBoard.dir/Core/Src/i2c.c.obj
 .debug_rnglists
                0x00000071       0x42 CMakeFiles/sunBoard.dir/Core/Src/tim.c.obj
 .debug_rnglists
                0x000000b3       0x2c CMakeFiles/sunBoard.dir/Core/Src/usart.c.obj
 .debug_rnglists
                0x000000df       0x55 CMakeFiles/sunBoard.dir/Core/Src/stm32g0xx_it.c.obj
 .debug_rnglists
                0x00000134       0x13 CMakeFiles/sunBoard.dir/Core/Src/stm32g0xx_hal_msp.c.obj
 .debug_rnglists
                0x00000147      0x229 CMakeFiles/sunBoard.dir/Drivers/STM32G0xx_HAL_Driver/Src/stm32g0xx_hal_i2c.c.obj
 .debug_rnglists
                0x00000370       0x35 CMakeFiles/sunBoard.dir/Drivers/STM32G0xx_HAL_Driver/Src/stm32g0xx_hal_i2c_ex.c.obj
 .debug_rnglists
                0x000003a5       0x79 CMakeFiles/sunBoard.dir/Drivers/STM32G0xx_HAL_Driver/Src/stm32g0xx_hal_rcc.c.obj
 .debug_rnglists
                0x0000041e       0x2f CMakeFiles/sunBoard.dir/Drivers/STM32G0xx_HAL_Driver/Src/stm32g0xx_hal_rcc_ex.c.obj
 .debug_rnglists
                0x0000044d       0x45 CMakeFiles/sunBoard.dir/Drivers/STM32G0xx_HAL_Driver/Src/stm32g0xx_hal_gpio.c.obj
 .debug_rnglists
                0x00000492       0x72 CMakeFiles/sunBoard.dir/Drivers/STM32G0xx_HAL_Driver/Src/stm32g0xx_hal_dma.c.obj
 .debug_rnglists
                0x00000504       0x72 CMakeFiles/sunBoard.dir/Drivers/STM32G0xx_HAL_Driver/Src/stm32g0xx_hal_pwr_ex.c.obj
 .debug_rnglists
                0x00000576       0xaa CMakeFiles/sunBoard.dir/Drivers/STM32G0xx_HAL_Driver/Src/stm32g0xx_hal_cortex.c.obj
 .debug_rnglists
                0x00000620       0xbc CMakeFiles/sunBoard.dir/Drivers/STM32G0xx_HAL_Driver/Src/stm32g0xx_hal.c.obj
 .debug_rnglists
                0x000006dc      0x32a CMakeFiles/sunBoard.dir/Drivers/STM32G0xx_HAL_Driver/Src/stm32g0xx_hal_tim.c.obj
 .debug_rnglists
                0x00000a06      0x14e CMakeFiles/sunBoard.dir/Drivers/STM32G0xx_HAL_Driver/Src/stm32g0xx_hal_tim_ex.c.obj
 .debug_rnglists
                0x00000b54      0x1fb CMakeFiles/sunBoard.dir/Drivers/STM32G0xx_HAL_Driver/Src/stm32g0xx_hal_uart.c.obj
 .debug_rnglists
                0x00000d4f       0x1a CMakeFiles/sunBoard.dir/Core/Src/system_stm32g0xx.c.obj
 .debug_rnglists
                0x00000d69       0x13 CMakeFiles/sunBoard.dir/Core/Src/sysmem.c.obj
 .debug_rnglists
                0x00000d7c       0x19 CMakeFiles/sunBoard.dir/startup_stm32g030xx.s.obj
 .debug_rnglists
                0x00000d95       0x4c CMakeFiles/sunBoard.dir/User/src/PCF8563.c.obj
 .debug_rnglists
                0x00000de1       0x61 CMakeFiles/sunBoard.dir/User/src/TM1650.c.obj
 .debug_rnglists
                0x00000e42       0x5a CMakeFiles/sunBoard.dir/User/src/key.c.obj
 .debug_rnglists
                0x00000e9c       0x5d CMakeFiles/sunBoard.dir/User/src/motor.c.obj
 .debug_rnglists
                0x00000ef9       0x19 I:/cubeclt/cube/STM32CubeCLT_1.16.0/GNU-tools-for-STM32/bin/../lib/gcc/arm-none-eabi/12.3.1/../../../../arm-none-eabi/lib/thumb/v6-m/nofp\libg_nano.a(libc_a-malloc.o)
 .debug_rnglists
                0x00000f12       0x13 I:/cubeclt/cube/STM32CubeCLT_1.16.0/GNU-tools-for-STM32/bin/../lib/gcc/arm-none-eabi/12.3.1/../../../../arm-none-eabi/lib/thumb/v6-m/nofp\libg_nano.a(libc_a-errno.o)

.debug_macro    0x00000000    0x187c6
 .debug_macro   0x00000000      0x3c9 CMakeFiles/sunBoard.dir/Core/Src/main.c.obj
 .debug_macro   0x000003c9      0xa8a CMakeFiles/sunBoard.dir/Core/Src/main.c.obj
 .debug_macro   0x00000e53      0x123 CMakeFiles/sunBoard.dir/Core/Src/main.c.obj
 .debug_macro   0x00000f76       0x2e CMakeFiles/sunBoard.dir/Core/Src/main.c.obj
 .debug_macro   0x00000fa4       0x28 CMakeFiles/sunBoard.dir/Core/Src/main.c.obj
 .debug_macro   0x00000fcc       0x22 CMakeFiles/sunBoard.dir/Core/Src/main.c.obj
 .debug_macro   0x00000fee       0x8e CMakeFiles/sunBoard.dir/Core/Src/main.c.obj
 .debug_macro   0x0000107c       0x51 CMakeFiles/sunBoard.dir/Core/Src/main.c.obj
 .debug_macro   0x000010cd      0x103 CMakeFiles/sunBoard.dir/Core/Src/main.c.obj
 .debug_macro   0x000011d0       0x6a CMakeFiles/sunBoard.dir/Core/Src/main.c.obj
 .debug_macro   0x0000123a      0x1df CMakeFiles/sunBoard.dir/Core/Src/main.c.obj
 .debug_macro   0x00001419       0x1c CMakeFiles/sunBoard.dir/Core/Src/main.c.obj
 .debug_macro   0x00001435       0x22 CMakeFiles/sunBoard.dir/Core/Src/main.c.obj
 .debug_macro   0x00001457       0xd1 CMakeFiles/sunBoard.dir/Core/Src/main.c.obj
 .debug_macro   0x00001528      0x4da CMakeFiles/sunBoard.dir/Core/Src/main.c.obj
 .debug_macro   0x00001a02      0x11f CMakeFiles/sunBoard.dir/Core/Src/main.c.obj
 .debug_macro   0x00001b21     0xa0e8 CMakeFiles/sunBoard.dir/Core/Src/main.c.obj
 .debug_macro   0x0000bc09       0x66 CMakeFiles/sunBoard.dir/Core/Src/main.c.obj
 .debug_macro   0x0000bc6f     0x350e CMakeFiles/sunBoard.dir/Core/Src/main.c.obj
 .debug_macro   0x0000f17d      0x189 CMakeFiles/sunBoard.dir/Core/Src/main.c.obj
 .debug_macro   0x0000f306       0x5c CMakeFiles/sunBoard.dir/Core/Src/main.c.obj
 .debug_macro   0x0000f362      0x462 CMakeFiles/sunBoard.dir/Core/Src/main.c.obj
 .debug_macro   0x0000f7c4      0xe1a CMakeFiles/sunBoard.dir/Core/Src/main.c.obj
 .debug_macro   0x000105de      0x106 CMakeFiles/sunBoard.dir/Core/Src/main.c.obj
 .debug_macro   0x000106e4      0x1cf CMakeFiles/sunBoard.dir/Core/Src/main.c.obj
 .debug_macro   0x000108b3       0xff CMakeFiles/sunBoard.dir/Core/Src/main.c.obj
 .debug_macro   0x000109b2      0x33c CMakeFiles/sunBoard.dir/Core/Src/main.c.obj
 .debug_macro   0x00010cee      0x202 CMakeFiles/sunBoard.dir/Core/Src/main.c.obj
 .debug_macro   0x00010ef0      0x2c7 CMakeFiles/sunBoard.dir/Core/Src/main.c.obj
 .debug_macro   0x000111b7      0x198 CMakeFiles/sunBoard.dir/Core/Src/main.c.obj
 .debug_macro   0x0001134f       0x43 CMakeFiles/sunBoard.dir/Core/Src/main.c.obj
 .debug_macro   0x00011392      0x1f1 CMakeFiles/sunBoard.dir/Core/Src/main.c.obj
 .debug_macro   0x00011583      0x1d6 CMakeFiles/sunBoard.dir/Core/Src/main.c.obj
 .debug_macro   0x00011759      0x2a3 CMakeFiles/sunBoard.dir/Core/Src/main.c.obj
 .debug_macro   0x000119fc       0x28 CMakeFiles/sunBoard.dir/Core/Src/main.c.obj
 .debug_macro   0x00011a24       0xcf CMakeFiles/sunBoard.dir/Core/Src/main.c.obj
 .debug_macro   0x00011af3      0x22c CMakeFiles/sunBoard.dir/Core/Src/main.c.obj
 .debug_macro   0x00011d1f       0x67 CMakeFiles/sunBoard.dir/Core/Src/main.c.obj
 .debug_macro   0x00011d86       0xa5 CMakeFiles/sunBoard.dir/Core/Src/main.c.obj
 .debug_macro   0x00011e2b       0xff CMakeFiles/sunBoard.dir/Core/Src/main.c.obj
 .debug_macro   0x00011f2a      0x10d CMakeFiles/sunBoard.dir/Core/Src/main.c.obj
 .debug_macro   0x00012037      0xac2 CMakeFiles/sunBoard.dir/Core/Src/main.c.obj
 .debug_macro   0x00012af9       0xfa CMakeFiles/sunBoard.dir/Core/Src/main.c.obj
 .debug_macro   0x00012bf3      0x693 CMakeFiles/sunBoard.dir/Core/Src/main.c.obj
 .debug_macro   0x00013286       0xa6 CMakeFiles/sunBoard.dir/Core/Src/main.c.obj
 .debug_macro   0x0001332c      0x412 CMakeFiles/sunBoard.dir/Core/Src/main.c.obj
 .debug_macro   0x0001373e       0x74 CMakeFiles/sunBoard.dir/Core/Src/main.c.obj
 .debug_macro   0x000137b2       0x24 CMakeFiles/sunBoard.dir/Core/Src/main.c.obj
 .debug_macro   0x000137d6       0x3c CMakeFiles/sunBoard.dir/Core/Src/main.c.obj
 .debug_macro   0x00013812       0x34 CMakeFiles/sunBoard.dir/Core/Src/main.c.obj
 .debug_macro   0x00013846       0x16 CMakeFiles/sunBoard.dir/Core/Src/main.c.obj
 .debug_macro   0x0001385c       0x35 CMakeFiles/sunBoard.dir/Core/Src/main.c.obj
 .debug_macro   0x00013891      0x369 CMakeFiles/sunBoard.dir/Core/Src/main.c.obj
 .debug_macro   0x00013bfa       0x10 CMakeFiles/sunBoard.dir/Core/Src/main.c.obj
 .debug_macro   0x00013c0a       0x16 CMakeFiles/sunBoard.dir/Core/Src/main.c.obj
 .debug_macro   0x00013c20       0x43 CMakeFiles/sunBoard.dir/Core/Src/main.c.obj
 .debug_macro   0x00013c63       0x34 CMakeFiles/sunBoard.dir/Core/Src/main.c.obj
 .debug_macro   0x00013c97       0x10 CMakeFiles/sunBoard.dir/Core/Src/main.c.obj
 .debug_macro   0x00013ca7       0x58 CMakeFiles/sunBoard.dir/Core/Src/main.c.obj
 .debug_macro   0x00013cff      0x1de CMakeFiles/sunBoard.dir/Core/Src/main.c.obj
 .debug_macro   0x00013edd       0x16 CMakeFiles/sunBoard.dir/Core/Src/main.c.obj
 .debug_macro   0x00013ef3       0x16 CMakeFiles/sunBoard.dir/Core/Src/main.c.obj
 .debug_macro   0x00013f09      0x170 CMakeFiles/sunBoard.dir/Core/Src/main.c.obj
 .debug_macro   0x00014079       0x16 CMakeFiles/sunBoard.dir/Core/Src/main.c.obj
 .debug_macro   0x0001408f       0x16 CMakeFiles/sunBoard.dir/Core/Src/main.c.obj
 .debug_macro   0x000140a5       0x29 CMakeFiles/sunBoard.dir/Core/Src/main.c.obj
 .debug_macro   0x000140ce       0x22 CMakeFiles/sunBoard.dir/Core/Src/main.c.obj
 .debug_macro   0x000140f0       0x64 CMakeFiles/sunBoard.dir/Core/Src/main.c.obj
 .debug_macro   0x00014154       0x76 CMakeFiles/sunBoard.dir/Core/Src/main.c.obj
 .debug_macro   0x000141ca       0x22 CMakeFiles/sunBoard.dir/Core/Src/main.c.obj
 .debug_macro   0x000141ec       0x46 CMakeFiles/sunBoard.dir/Core/Src/main.c.obj
 .debug_macro   0x00014232       0x16 CMakeFiles/sunBoard.dir/Core/Src/main.c.obj
 .debug_macro   0x00014248       0x20 CMakeFiles/sunBoard.dir/Core/Src/main.c.obj
 .debug_macro   0x00014268       0x52 CMakeFiles/sunBoard.dir/Core/Src/main.c.obj
 .debug_macro   0x000142ba      0x317 CMakeFiles/sunBoard.dir/Core/Src/gpio.c.obj
 .debug_macro   0x000145d1      0x317 CMakeFiles/sunBoard.dir/Core/Src/dma.c.obj
 .debug_macro   0x000148e8      0x317 CMakeFiles/sunBoard.dir/Core/Src/i2c.c.obj
 .debug_macro   0x00014bff      0x3a3 CMakeFiles/sunBoard.dir/Core/Src/tim.c.obj
 .debug_macro   0x00014fa2      0x34d CMakeFiles/sunBoard.dir/Core/Src/usart.c.obj
 .debug_macro   0x000152ef      0x317 CMakeFiles/sunBoard.dir/Core/Src/stm32g0xx_it.c.obj
 .debug_macro   0x00015606      0x30d CMakeFiles/sunBoard.dir/Core/Src/stm32g0xx_hal_msp.c.obj
 .debug_macro   0x00015913      0x2c4 CMakeFiles/sunBoard.dir/Drivers/STM32G0xx_HAL_Driver/Src/stm32g0xx_hal_i2c.c.obj
 .debug_macro   0x00015bd7      0x1f8 CMakeFiles/sunBoard.dir/Drivers/STM32G0xx_HAL_Driver/Src/stm32g0xx_hal_i2c_ex.c.obj
 .debug_macro   0x00015dcf      0x23a CMakeFiles/sunBoard.dir/Drivers/STM32G0xx_HAL_Driver/Src/stm32g0xx_hal_rcc.c.obj
 .debug_macro   0x00016009      0x210 CMakeFiles/sunBoard.dir/Drivers/STM32G0xx_HAL_Driver/Src/stm32g0xx_hal_rcc_ex.c.obj
 .debug_macro   0x00016219      0x1ff CMakeFiles/sunBoard.dir/Drivers/STM32G0xx_HAL_Driver/Src/stm32g0xx_hal_gpio.c.obj
 .debug_macro   0x00016418      0x1f8 CMakeFiles/sunBoard.dir/Drivers/STM32G0xx_HAL_Driver/Src/stm32g0xx_hal_dma.c.obj
 .debug_macro   0x00016610      0x20a CMakeFiles/sunBoard.dir/Drivers/STM32G0xx_HAL_Driver/Src/stm32g0xx_hal_pwr_ex.c.obj
 .debug_macro   0x0001681a      0x1f8 CMakeFiles/sunBoard.dir/Drivers/STM32G0xx_HAL_Driver/Src/stm32g0xx_hal_cortex.c.obj
 .debug_macro   0x00016a12      0x216 CMakeFiles/sunBoard.dir/Drivers/STM32G0xx_HAL_Driver/Src/stm32g0xx_hal.c.obj
 .debug_macro   0x00016c28      0x200 CMakeFiles/sunBoard.dir/Drivers/STM32G0xx_HAL_Driver/Src/stm32g0xx_hal_tim.c.obj
 .debug_macro   0x00016e28      0x1fe CMakeFiles/sunBoard.dir/Drivers/STM32G0xx_HAL_Driver/Src/stm32g0xx_hal_tim_ex.c.obj
 .debug_macro   0x00017026      0x223 CMakeFiles/sunBoard.dir/Drivers/STM32G0xx_HAL_Driver/Src/stm32g0xx_hal_uart.c.obj
 .debug_macro   0x00017249      0x1f8 CMakeFiles/sunBoard.dir/Core/Src/system_stm32g0xx.c.obj
 .debug_macro   0x00017441       0xec CMakeFiles/sunBoard.dir/Core/Src/sysmem.c.obj
 .debug_macro   0x0001752d       0x10 CMakeFiles/sunBoard.dir/Core/Src/sysmem.c.obj
 .debug_macro   0x0001753d       0x6e CMakeFiles/sunBoard.dir/Core/Src/sysmem.c.obj
 .debug_macro   0x000175ab       0x94 CMakeFiles/sunBoard.dir/Core/Src/sysmem.c.obj
 .debug_macro   0x0001763f       0x57 CMakeFiles/sunBoard.dir/Core/Src/sysmem.c.obj
 .debug_macro   0x00017696      0x23c CMakeFiles/sunBoard.dir/Core/Src/sysmem.c.obj
 .debug_macro   0x000178d2      0x3a7 CMakeFiles/sunBoard.dir/User/src/PCF8563.c.obj
 .debug_macro   0x00017c79      0x3a7 CMakeFiles/sunBoard.dir/User/src/TM1650.c.obj
 .debug_macro   0x00018020      0x3ad CMakeFiles/sunBoard.dir/User/src/key.c.obj
 .debug_macro   0x000183cd       0x4c CMakeFiles/sunBoard.dir/User/src/key.c.obj
 .debug_macro   0x00018419      0x3ad CMakeFiles/sunBoard.dir/User/src/motor.c.obj

.debug_line     0x00000000    0x1a8d0
 .debug_line    0x00000000      0x9d0 CMakeFiles/sunBoard.dir/Core/Src/main.c.obj
 .debug_line    0x000009d0      0x81a CMakeFiles/sunBoard.dir/Core/Src/gpio.c.obj
 .debug_line    0x000011ea      0x7f6 CMakeFiles/sunBoard.dir/Core/Src/dma.c.obj
 .debug_line    0x000019e0      0x908 CMakeFiles/sunBoard.dir/Core/Src/i2c.c.obj
 .debug_line    0x000022e8      0xad6 CMakeFiles/sunBoard.dir/Core/Src/tim.c.obj
 .debug_line    0x00002dbe      0x926 CMakeFiles/sunBoard.dir/Core/Src/usart.c.obj
 .debug_line    0x000036e4      0x905 CMakeFiles/sunBoard.dir/Core/Src/stm32g0xx_it.c.obj
 .debug_line    0x00003fe9      0x7f9 CMakeFiles/sunBoard.dir/Core/Src/stm32g0xx_hal_msp.c.obj
 .debug_line    0x000047e2     0x3a29 CMakeFiles/sunBoard.dir/Drivers/STM32G0xx_HAL_Driver/Src/stm32g0xx_hal_i2c.c.obj
 .debug_line    0x0000820b      0x95c CMakeFiles/sunBoard.dir/Drivers/STM32G0xx_HAL_Driver/Src/stm32g0xx_hal_i2c_ex.c.obj
 .debug_line    0x00008b67      0xefa CMakeFiles/sunBoard.dir/Drivers/STM32G0xx_HAL_Driver/Src/stm32g0xx_hal_rcc.c.obj
 .debug_line    0x00009a61      0xabe CMakeFiles/sunBoard.dir/Drivers/STM32G0xx_HAL_Driver/Src/stm32g0xx_hal_rcc_ex.c.obj
 .debug_line    0x0000a51f      0xb70 CMakeFiles/sunBoard.dir/Drivers/STM32G0xx_HAL_Driver/Src/stm32g0xx_hal_gpio.c.obj
 .debug_line    0x0000b08f      0xd8e CMakeFiles/sunBoard.dir/Drivers/STM32G0xx_HAL_Driver/Src/stm32g0xx_hal_dma.c.obj
 .debug_line    0x0000be1d      0x982 CMakeFiles/sunBoard.dir/Drivers/STM32G0xx_HAL_Driver/Src/stm32g0xx_hal_pwr_ex.c.obj
 .debug_line    0x0000c79f      0xb8c CMakeFiles/sunBoard.dir/Drivers/STM32G0xx_HAL_Driver/Src/stm32g0xx_hal_cortex.c.obj
 .debug_line    0x0000d32b      0xa6c CMakeFiles/sunBoard.dir/Drivers/STM32G0xx_HAL_Driver/Src/stm32g0xx_hal.c.obj
 .debug_line    0x0000dd97     0x3bb9 CMakeFiles/sunBoard.dir/Drivers/STM32G0xx_HAL_Driver/Src/stm32g0xx_hal_tim.c.obj
 .debug_line    0x00011950     0x1be0 CMakeFiles/sunBoard.dir/Drivers/STM32G0xx_HAL_Driver/Src/stm32g0xx_hal_tim_ex.c.obj
 .debug_line    0x00013530     0x34b1 CMakeFiles/sunBoard.dir/Drivers/STM32G0xx_HAL_Driver/Src/stm32g0xx_hal_uart.c.obj
 .debug_line    0x000169e1      0x7b1 CMakeFiles/sunBoard.dir/Core/Src/system_stm32g0xx.c.obj
 .debug_line    0x00017192      0x359 CMakeFiles/sunBoard.dir/Core/Src/sysmem.c.obj
 .debug_line    0x000174eb       0x7b CMakeFiles/sunBoard.dir/startup_stm32g030xx.s.obj
 .debug_line    0x00017566      0xb57 CMakeFiles/sunBoard.dir/User/src/PCF8563.c.obj
 .debug_line    0x000180bd      0xc5c CMakeFiles/sunBoard.dir/User/src/TM1650.c.obj
 .debug_line    0x00018d19      0xccd CMakeFiles/sunBoard.dir/User/src/key.c.obj
 .debug_line    0x000199e6      0xb4c CMakeFiles/sunBoard.dir/User/src/motor.c.obj
 .debug_line    0x0001a532      0x210 I:/cubeclt/cube/STM32CubeCLT_1.16.0/GNU-tools-for-STM32/bin/../lib/gcc/arm-none-eabi/12.3.1/../../../../arm-none-eabi/lib/thumb/v6-m/nofp\libg_nano.a(libc_a-malloc.o)
 .debug_line    0x0001a742      0x18e I:/cubeclt/cube/STM32CubeCLT_1.16.0/GNU-tools-for-STM32/bin/../lib/gcc/arm-none-eabi/12.3.1/../../../../arm-none-eabi/lib/thumb/v6-m/nofp\libg_nano.a(libc_a-errno.o)

.debug_str      0x00000000    0x8e2b1
 .debug_str     0x00000000    0x88a93 CMakeFiles/sunBoard.dir/Core/Src/main.c.obj
                              0x890d8 (size before relaxing)
 .debug_str     0x00088a93      0x16e CMakeFiles/sunBoard.dir/Core/Src/gpio.c.obj
                              0x87bd7 (size before relaxing)
 .debug_str     0x00088c01      0x1c7 CMakeFiles/sunBoard.dir/Core/Src/dma.c.obj
                              0x87cb6 (size before relaxing)
 .debug_str     0x00088dc8      0x347 CMakeFiles/sunBoard.dir/Core/Src/i2c.c.obj
                              0x8826d (size before relaxing)
 .debug_str     0x0008910f      0x1fb CMakeFiles/sunBoard.dir/Core/Src/tim.c.obj
                              0x89041 (size before relaxing)
 .debug_str     0x0008930a       0xda CMakeFiles/sunBoard.dir/Core/Src/usart.c.obj
                              0x882da (size before relaxing)
 .debug_str     0x000893e4      0x152 CMakeFiles/sunBoard.dir/Core/Src/stm32g0xx_it.c.obj
                              0x88178 (size before relaxing)
 .debug_str     0x00089536       0x40 CMakeFiles/sunBoard.dir/Core/Src/stm32g0xx_hal_msp.c.obj
                              0x87b0c (size before relaxing)
 .debug_str     0x00089576      0xe21 CMakeFiles/sunBoard.dir/Drivers/STM32G0xx_HAL_Driver/Src/stm32g0xx_hal_i2c.c.obj
                              0x85afe (size before relaxing)
 .debug_str     0x0008a397       0xf2 CMakeFiles/sunBoard.dir/Drivers/STM32G0xx_HAL_Driver/Src/stm32g0xx_hal_i2c_ex.c.obj
                              0x84d7a (size before relaxing)
 .debug_str     0x0008a489      0x59a CMakeFiles/sunBoard.dir/Drivers/STM32G0xx_HAL_Driver/Src/stm32g0xx_hal_rcc.c.obj
                              0x84e5f (size before relaxing)
 .debug_str     0x0008aa23      0x199 CMakeFiles/sunBoard.dir/Drivers/STM32G0xx_HAL_Driver/Src/stm32g0xx_hal_rcc_ex.c.obj
                              0x84a77 (size before relaxing)
 .debug_str     0x0008abbc      0x151 CMakeFiles/sunBoard.dir/Drivers/STM32G0xx_HAL_Driver/Src/stm32g0xx_hal_gpio.c.obj
                              0x84870 (size before relaxing)
 .debug_str     0x0008ad0d      0x264 CMakeFiles/sunBoard.dir/Drivers/STM32G0xx_HAL_Driver/Src/stm32g0xx_hal_dma.c.obj
                              0x84bd5 (size before relaxing)
 .debug_str     0x0008af71      0x1ed CMakeFiles/sunBoard.dir/Drivers/STM32G0xx_HAL_Driver/Src/stm32g0xx_hal_pwr_ex.c.obj
                              0x8498f (size before relaxing)
 .debug_str     0x0008b15e      0x2ca CMakeFiles/sunBoard.dir/Drivers/STM32G0xx_HAL_Driver/Src/stm32g0xx_hal_cortex.c.obj
                              0x84b8d (size before relaxing)
 .debug_str     0x0008b428      0x3d1 CMakeFiles/sunBoard.dir/Drivers/STM32G0xx_HAL_Driver/Src/stm32g0xx_hal.c.obj
                              0x84dc6 (size before relaxing)
 .debug_str     0x0008b7f9      0xe01 CMakeFiles/sunBoard.dir/Drivers/STM32G0xx_HAL_Driver/Src/stm32g0xx_hal_tim.c.obj
                              0x85c7d (size before relaxing)
 .debug_str     0x0008c5fa      0x60d CMakeFiles/sunBoard.dir/Drivers/STM32G0xx_HAL_Driver/Src/stm32g0xx_hal_tim_ex.c.obj
                              0x8560b (size before relaxing)
 .debug_str     0x0008cc07      0x9b6 CMakeFiles/sunBoard.dir/Drivers/STM32G0xx_HAL_Driver/Src/stm32g0xx_hal_uart.c.obj
                              0x85706 (size before relaxing)
 .debug_str     0x0008d5bd       0x54 CMakeFiles/sunBoard.dir/Core/Src/system_stm32g0xx.c.obj
                              0x8473b (size before relaxing)
 .debug_str     0x0008d611      0x4f0 CMakeFiles/sunBoard.dir/Core/Src/sysmem.c.obj
                               0x59b7 (size before relaxing)
 .debug_str     0x0008db01       0x49 CMakeFiles/sunBoard.dir/startup_stm32g030xx.s.obj
                                 0x6c (size before relaxing)
 .debug_str     0x0008db4a       0xf8 CMakeFiles/sunBoard.dir/User/src/PCF8563.c.obj
                              0x88b2d (size before relaxing)
 .debug_str     0x0008dc42       0xae CMakeFiles/sunBoard.dir/User/src/TM1650.c.obj
                              0x88ba0 (size before relaxing)
 .debug_str     0x0008dcf0       0x6a CMakeFiles/sunBoard.dir/User/src/key.c.obj
                              0x88cbd (size before relaxing)
 .debug_str     0x0008dd5a       0x93 CMakeFiles/sunBoard.dir/User/src/motor.c.obj
                              0x8893b (size before relaxing)
 .debug_str     0x0008dded      0x46c I:/cubeclt/cube/STM32CubeCLT_1.16.0/GNU-tools-for-STM32/bin/../lib/gcc/arm-none-eabi/12.3.1/../../../../arm-none-eabi/lib/thumb/v6-m/nofp\libg_nano.a(libc_a-malloc.o)
                                0x54f (size before relaxing)
 .debug_str     0x0008e259       0x58 I:/cubeclt/cube/STM32CubeCLT_1.16.0/GNU-tools-for-STM32/bin/../lib/gcc/arm-none-eabi/12.3.1/../../../../arm-none-eabi/lib/thumb/v6-m/nofp\libg_nano.a(libc_a-errno.o)
                                0x524 (size before relaxing)

.comment        0x00000000       0x43
 .comment       0x00000000       0x43 CMakeFiles/sunBoard.dir/Core/Src/main.c.obj
                                 0x44 (size before relaxing)
 .comment       0x00000043       0x44 CMakeFiles/sunBoard.dir/Core/Src/gpio.c.obj
 .comment       0x00000043       0x44 CMakeFiles/sunBoard.dir/Core/Src/dma.c.obj
 .comment       0x00000043       0x44 CMakeFiles/sunBoard.dir/Core/Src/i2c.c.obj
 .comment       0x00000043       0x44 CMakeFiles/sunBoard.dir/Core/Src/tim.c.obj
 .comment       0x00000043       0x44 CMakeFiles/sunBoard.dir/Core/Src/usart.c.obj
 .comment       0x00000043       0x44 CMakeFiles/sunBoard.dir/Core/Src/stm32g0xx_it.c.obj
 .comment       0x00000043       0x44 CMakeFiles/sunBoard.dir/Core/Src/stm32g0xx_hal_msp.c.obj
 .comment       0x00000043       0x44 CMakeFiles/sunBoard.dir/Drivers/STM32G0xx_HAL_Driver/Src/stm32g0xx_hal_i2c.c.obj
 .comment       0x00000043       0x44 CMakeFiles/sunBoard.dir/Drivers/STM32G0xx_HAL_Driver/Src/stm32g0xx_hal_i2c_ex.c.obj
 .comment       0x00000043       0x44 CMakeFiles/sunBoard.dir/Drivers/STM32G0xx_HAL_Driver/Src/stm32g0xx_hal_rcc.c.obj
 .comment       0x00000043       0x44 CMakeFiles/sunBoard.dir/Drivers/STM32G0xx_HAL_Driver/Src/stm32g0xx_hal_rcc_ex.c.obj
 .comment       0x00000043       0x44 CMakeFiles/sunBoard.dir/Drivers/STM32G0xx_HAL_Driver/Src/stm32g0xx_hal_gpio.c.obj
 .comment       0x00000043       0x44 CMakeFiles/sunBoard.dir/Drivers/STM32G0xx_HAL_Driver/Src/stm32g0xx_hal_dma.c.obj
 .comment       0x00000043       0x44 CMakeFiles/sunBoard.dir/Drivers/STM32G0xx_HAL_Driver/Src/stm32g0xx_hal_pwr_ex.c.obj
 .comment       0x00000043       0x44 CMakeFiles/sunBoard.dir/Drivers/STM32G0xx_HAL_Driver/Src/stm32g0xx_hal_cortex.c.obj
 .comment       0x00000043       0x44 CMakeFiles/sunBoard.dir/Drivers/STM32G0xx_HAL_Driver/Src/stm32g0xx_hal.c.obj
 .comment       0x00000043       0x44 CMakeFiles/sunBoard.dir/Drivers/STM32G0xx_HAL_Driver/Src/stm32g0xx_hal_tim.c.obj
 .comment       0x00000043       0x44 CMakeFiles/sunBoard.dir/Drivers/STM32G0xx_HAL_Driver/Src/stm32g0xx_hal_tim_ex.c.obj
 .comment       0x00000043       0x44 CMakeFiles/sunBoard.dir/Drivers/STM32G0xx_HAL_Driver/Src/stm32g0xx_hal_uart.c.obj
 .comment       0x00000043       0x44 CMakeFiles/sunBoard.dir/Core/Src/system_stm32g0xx.c.obj
 .comment       0x00000043       0x44 CMakeFiles/sunBoard.dir/Core/Src/sysmem.c.obj
 .comment       0x00000043       0x44 CMakeFiles/sunBoard.dir/User/src/PCF8563.c.obj
 .comment       0x00000043       0x44 CMakeFiles/sunBoard.dir/User/src/TM1650.c.obj
 .comment       0x00000043       0x44 CMakeFiles/sunBoard.dir/User/src/key.c.obj
 .comment       0x00000043       0x44 CMakeFiles/sunBoard.dir/User/src/motor.c.obj
 .comment       0x00000043       0x44 I:/cubeclt/cube/STM32CubeCLT_1.16.0/GNU-tools-for-STM32/bin/../lib/gcc/arm-none-eabi/12.3.1/../../../../arm-none-eabi/lib/thumb/v6-m/nofp\libg_nano.a(libc_a-malloc.o)
 .comment       0x00000043       0x44 I:/cubeclt/cube/STM32CubeCLT_1.16.0/GNU-tools-for-STM32/bin/../lib/gcc/arm-none-eabi/12.3.1/../../../../arm-none-eabi/lib/thumb/v6-m/nofp\libg_nano.a(libc_a-errno.o)

.debug_line_str
                0x00000000       0x50
 .debug_line_str
                0x00000000       0x50 CMakeFiles/sunBoard.dir/startup_stm32g030xx.s.obj

.debug_loclists
                0x00000000       0x48
 .debug_loclists
                0x00000000       0x48 I:/cubeclt/cube/STM32CubeCLT_1.16.0/GNU-tools-for-STM32/bin/../lib/gcc/arm-none-eabi/12.3.1/../../../../arm-none-eabi/lib/thumb/v6-m/nofp\libg_nano.a(libc_a-malloc.o)
