Archive member included to satisfy reference by file (symbol)

I:/cubeclt/cube/STM32CubeCLT_1.16.0/GNU-tools-for-STM32/bin/../lib/gcc/arm-none-eabi/12.3.1/../../../../arm-none-eabi/lib/thumb/v6-m/nofp\libc_nano.a(libc_a-exit.o)
                              I:/cubeclt/cube/STM32CubeCLT_1.16.0/GNU-tools-for-STM32/bin/../lib/gcc/arm-none-eabi/12.3.1/../../../../arm-none-eabi/lib/thumb/v6-m/nofp/crt0.o (exit)
I:/cubeclt/cube/STM32CubeCLT_1.16.0/GNU-tools-for-STM32/bin/../lib/gcc/arm-none-eabi/12.3.1/../../../../arm-none-eabi/lib/thumb/v6-m/nofp\libc_nano.a(libc_a-findfp.o)
                              I:/cubeclt/cube/STM32CubeCLT_1.16.0/GNU-tools-for-STM32/bin/../lib/gcc/arm-none-eabi/12.3.1/../../../../arm-none-eabi/lib/thumb/v6-m/nofp\libc_nano.a(libc_a-exit.o) (__stdio_exit_handler)
I:/cubeclt/cube/STM32CubeCLT_1.16.0/GNU-tools-for-STM32/bin/../lib/gcc/arm-none-eabi/12.3.1/../../../../arm-none-eabi/lib/thumb/v6-m/nofp\libc_nano.a(libc_a-fwalk.o)
                              I:/cubeclt/cube/STM32CubeCLT_1.16.0/GNU-tools-for-STM32/bin/../lib/gcc/arm-none-eabi/12.3.1/../../../../arm-none-eabi/lib/thumb/v6-m/nofp\libc_nano.a(libc_a-findfp.o) (_fwalk_sglue)
I:/cubeclt/cube/STM32CubeCLT_1.16.0/GNU-tools-for-STM32/bin/../lib/gcc/arm-none-eabi/12.3.1/../../../../arm-none-eabi/lib/thumb/v6-m/nofp\libc_nano.a(libc_a-stdio.o)
                              I:/cubeclt/cube/STM32CubeCLT_1.16.0/GNU-tools-for-STM32/bin/../lib/gcc/arm-none-eabi/12.3.1/../../../../arm-none-eabi/lib/thumb/v6-m/nofp\libc_nano.a(libc_a-findfp.o) (__sread)
I:/cubeclt/cube/STM32CubeCLT_1.16.0/GNU-tools-for-STM32/bin/../lib/gcc/arm-none-eabi/12.3.1/../../../../arm-none-eabi/lib/thumb/v6-m/nofp\libc_nano.a(libc_a-memset.o)
                              I:/cubeclt/cube/STM32CubeCLT_1.16.0/GNU-tools-for-STM32/bin/../lib/gcc/arm-none-eabi/12.3.1/../../../../arm-none-eabi/lib/thumb/v6-m/nofp/crt0.o (memset)
I:/cubeclt/cube/STM32CubeCLT_1.16.0/GNU-tools-for-STM32/bin/../lib/gcc/arm-none-eabi/12.3.1/../../../../arm-none-eabi/lib/thumb/v6-m/nofp\libc_nano.a(libc_a-closer.o)
                              I:/cubeclt/cube/STM32CubeCLT_1.16.0/GNU-tools-for-STM32/bin/../lib/gcc/arm-none-eabi/12.3.1/../../../../arm-none-eabi/lib/thumb/v6-m/nofp\libc_nano.a(libc_a-stdio.o) (_close_r)
I:/cubeclt/cube/STM32CubeCLT_1.16.0/GNU-tools-for-STM32/bin/../lib/gcc/arm-none-eabi/12.3.1/../../../../arm-none-eabi/lib/thumb/v6-m/nofp\libc_nano.a(libc_a-reent.o)
                              I:/cubeclt/cube/STM32CubeCLT_1.16.0/GNU-tools-for-STM32/bin/../lib/gcc/arm-none-eabi/12.3.1/../../../../arm-none-eabi/lib/thumb/v6-m/nofp\libc_nano.a(libc_a-closer.o) (errno)
I:/cubeclt/cube/STM32CubeCLT_1.16.0/GNU-tools-for-STM32/bin/../lib/gcc/arm-none-eabi/12.3.1/../../../../arm-none-eabi/lib/thumb/v6-m/nofp\libc_nano.a(libc_a-impure.o)
                              I:/cubeclt/cube/STM32CubeCLT_1.16.0/GNU-tools-for-STM32/bin/../lib/gcc/arm-none-eabi/12.3.1/../../../../arm-none-eabi/lib/thumb/v6-m/nofp\libc_nano.a(libc_a-reent.o) (_impure_ptr)
I:/cubeclt/cube/STM32CubeCLT_1.16.0/GNU-tools-for-STM32/bin/../lib/gcc/arm-none-eabi/12.3.1/../../../../arm-none-eabi/lib/thumb/v6-m/nofp\libc_nano.a(libc_a-lseekr.o)
                              I:/cubeclt/cube/STM32CubeCLT_1.16.0/GNU-tools-for-STM32/bin/../lib/gcc/arm-none-eabi/12.3.1/../../../../arm-none-eabi/lib/thumb/v6-m/nofp\libc_nano.a(libc_a-stdio.o) (_lseek_r)
I:/cubeclt/cube/STM32CubeCLT_1.16.0/GNU-tools-for-STM32/bin/../lib/gcc/arm-none-eabi/12.3.1/../../../../arm-none-eabi/lib/thumb/v6-m/nofp\libc_nano.a(libc_a-readr.o)
                              I:/cubeclt/cube/STM32CubeCLT_1.16.0/GNU-tools-for-STM32/bin/../lib/gcc/arm-none-eabi/12.3.1/../../../../arm-none-eabi/lib/thumb/v6-m/nofp\libc_nano.a(libc_a-stdio.o) (_read_r)
I:/cubeclt/cube/STM32CubeCLT_1.16.0/GNU-tools-for-STM32/bin/../lib/gcc/arm-none-eabi/12.3.1/../../../../arm-none-eabi/lib/thumb/v6-m/nofp\libc_nano.a(libc_a-writer.o)
                              I:/cubeclt/cube/STM32CubeCLT_1.16.0/GNU-tools-for-STM32/bin/../lib/gcc/arm-none-eabi/12.3.1/../../../../arm-none-eabi/lib/thumb/v6-m/nofp\libc_nano.a(libc_a-stdio.o) (_write_r)
I:/cubeclt/cube/STM32CubeCLT_1.16.0/GNU-tools-for-STM32/bin/../lib/gcc/arm-none-eabi/12.3.1/../../../../arm-none-eabi/lib/thumb/v6-m/nofp\libc_nano.a(libc_a-init.o)
                              I:/cubeclt/cube/STM32CubeCLT_1.16.0/GNU-tools-for-STM32/bin/../lib/gcc/arm-none-eabi/12.3.1/../../../../arm-none-eabi/lib/thumb/v6-m/nofp/crt0.o (__libc_init_array)
I:/cubeclt/cube/STM32CubeCLT_1.16.0/GNU-tools-for-STM32/bin/../lib/gcc/arm-none-eabi/12.3.1/../../../../arm-none-eabi/lib/thumb/v6-m/nofp\libc_nano.a(libc_a-lock.o)
                              I:/cubeclt/cube/STM32CubeCLT_1.16.0/GNU-tools-for-STM32/bin/../lib/gcc/arm-none-eabi/12.3.1/../../../../arm-none-eabi/lib/thumb/v6-m/nofp\libc_nano.a(libc_a-findfp.o) (__retarget_lock_init_recursive)
[...]
Memory Configuration

Name             Origin             Length             Attributes
RAM              0x20000000         0x00002000         xrw
FLASH            0x08000000         0x00008000         xr
*default*        0x00000000         0xffffffff

Linker script and memory map

LOAD I:/cubeclt/cube/STM32CubeCLT_1.16.0/GNU-tools-for-STM32/bin/../lib/gcc/arm-none-eabi/12.3.1/thumb/v6-m/nofp/crti.o
LOAD I:/cubeclt/cube/STM32CubeCLT_1.16.0/GNU-tools-for-STM32/bin/../lib/gcc/arm-none-eabi/12.3.1/thumb/v6-m/nofp/crtbegin.o
LOAD I:/cubeclt/cube/STM32CubeCLT_1.16.0/GNU-tools-for-STM32/bin/../lib/gcc/arm-none-eabi/12.3.1/../../../../arm-none-eabi/lib/thumb/v6-m/nofp/crt0.o
START GROUP
LOAD I:/cubeclt/cube/STM32CubeCLT_1.16.0/GNU-tools-for-STM32/bin/../lib/gcc/arm-none-eabi/12.3.1/../../../../arm-none-eabi/lib/thumb/v6-m/nofp\libc_nano.a
LOAD I:/cubeclt/cube/STM32CubeCLT_1.16.0/GNU-tools-for-STM32/bin/../lib/gcc/arm-none-eabi/12.3.1/../../../../arm-none-eabi/lib/thumb/v6-m/nofp\libm.a
END GROUP
LOAD CMakeFiles/sunBoard.dir/Core/Src/main.c.obj
LOAD CMakeFiles/sunBoard.dir/Core/Src/gpio.c.obj
LOAD CMakeFiles/sunBoard.dir/Core/Src/dma.c.obj
LOAD CMakeFiles/sunBoard.dir/Core/Src/i2c.c.obj
LOAD CMakeFiles/sunBoard.dir/Core/Src/tim.c.obj
LOAD CMakeFiles/sunBoard.dir/Core/Src/usart.c.obj
LOAD CMakeFiles/sunBoard.dir/Core/Src/stm32g0xx_it.c.obj
LOAD CMakeFiles/sunBoard.dir/Core/Src/stm32g0xx_hal_msp.c.obj
LOAD CMakeFiles/sunBoard.dir/Drivers/STM32G0xx_HAL_Driver/Src/stm32g0xx_hal_i2c.c.obj
LOAD CMakeFiles/sunBoard.dir/Drivers/STM32G0xx_HAL_Driver/Src/stm32g0xx_hal_i2c_ex.c.obj
LOAD CMakeFiles/sunBoard.dir/Drivers/STM32G0xx_HAL_Driver/Src/stm32g0xx_hal_rcc.c.obj
LOAD CMakeFiles/sunBoard.dir/Drivers/STM32G0xx_HAL_Driver/Src/stm32g0xx_hal_rcc_ex.c.obj
LOAD CMakeFiles/sunBoard.dir/Drivers/STM32G0xx_HAL_Driver/Src/stm32g0xx_ll_rcc.c.obj
LOAD CMakeFiles/sunBoard.dir/Drivers/STM32G0xx_HAL_Driver/Src/stm32g0xx_hal_flash.c.obj
LOAD CMakeFiles/sunBoard.dir/Drivers/STM32G0xx_HAL_Driver/Src/stm32g0xx_hal_flash_ex.c.obj
LOAD CMakeFiles/sunBoard.dir/Drivers/STM32G0xx_HAL_Driver/Src/stm32g0xx_hal_gpio.c.obj
LOAD CMakeFiles/sunBoard.dir/Drivers/STM32G0xx_HAL_Driver/Src/stm32g0xx_hal_dma.c.obj
LOAD CMakeFiles/sunBoard.dir/Drivers/STM32G0xx_HAL_Driver/Src/stm32g0xx_hal_dma_ex.c.obj
LOAD CMakeFiles/sunBoard.dir/Drivers/STM32G0xx_HAL_Driver/Src/stm32g0xx_hal_pwr.c.obj
LOAD CMakeFiles/sunBoard.dir/Drivers/STM32G0xx_HAL_Driver/Src/stm32g0xx_hal_pwr_ex.c.obj
LOAD CMakeFiles/sunBoard.dir/Drivers/STM32G0xx_HAL_Driver/Src/stm32g0xx_hal_cortex.c.obj
LOAD CMakeFiles/sunBoard.dir/Drivers/STM32G0xx_HAL_Driver/Src/stm32g0xx_hal.c.obj
LOAD CMakeFiles/sunBoard.dir/Drivers/STM32G0xx_HAL_Driver/Src/stm32g0xx_hal_exti.c.obj
LOAD CMakeFiles/sunBoard.dir/Drivers/STM32G0xx_HAL_Driver/Src/stm32g0xx_hal_tim.c.obj
LOAD CMakeFiles/sunBoard.dir/Drivers/STM32G0xx_HAL_Driver/Src/stm32g0xx_hal_tim_ex.c.obj
LOAD CMakeFiles/sunBoard.dir/Drivers/STM32G0xx_HAL_Driver/Src/stm32g0xx_hal_uart.c.obj
LOAD CMakeFiles/sunBoard.dir/Drivers/STM32G0xx_HAL_Driver/Src/stm32g0xx_hal_uart_ex.c.obj
LOAD CMakeFiles/sunBoard.dir/Core/Src/system_stm32g0xx.c.obj
LOAD CMakeFiles/sunBoard.dir/Core/Src/sysmem.c.obj
LOAD CMakeFiles/sunBoard.dir/Core/Src/syscalls.c.obj
LOAD CMakeFiles/sunBoard.dir/startup_stm32g030xx.s.obj
LOAD CMakeFiles/sunBoard.dir/User/src/PCF8563.c.obj
LOAD CMakeFiles/sunBoard.dir/User/src/TM1650.c.obj
LOAD CMakeFiles/sunBoard.dir/User/src/key.c.obj
LOAD CMakeFiles/sunBoard.dir/User/src/motor.c.obj
LOAD CMakeFiles/sunBoard.dir/User/src/myFlash.c.obj
START GROUP
LOAD I:/cubeclt/cube/STM32CubeCLT_1.16.0/GNU-tools-for-STM32/bin/../lib/gcc/arm-none-eabi/12.3.1/thumb/v6-m/nofp\libgcc.a
LOAD I:/cubeclt/cube/STM32CubeCLT_1.16.0/GNU-tools-for-STM32/bin/../lib/gcc/arm-none-eabi/12.3.1/../../../../arm-none-eabi/lib/thumb/v6-m/nofp\libg_nano.a
LOAD I:/cubeclt/cube/STM32CubeCLT_1.16.0/GNU-tools-for-STM32/bin/../lib/gcc/arm-none-eabi/12.3.1/../../../../arm-none-eabi/lib/thumb/v6-m/nofp\libc_nano.a
END GROUP
START GROUP
LOAD I:/cubeclt/cube/STM32CubeCLT_1.16.0/GNU-tools-for-STM32/bin/../lib/gcc/arm-none-eabi/12.3.1/thumb/v6-m/nofp\libgcc.a
LOAD I:/cubeclt/cube/STM32CubeCLT_1.16.0/GNU-tools-for-STM32/bin/../lib/gcc/arm-none-eabi/12.3.1/../../../../arm-none-eabi/lib/thumb/v6-m/nofp\libc_nano.a
END GROUP
LOAD I:/cubeclt/cube/STM32CubeCLT_1.16.0/GNU-tools-for-STM32/bin/../lib/gcc/arm-none-eabi/12.3.1/thumb/v6-m/nofp/crtend.o
LOAD I:/cubeclt/cube/STM32CubeCLT_1.16.0/GNU-tools-for-STM32/bin/../lib/gcc/arm-none-eabi/12.3.1/thumb/v6-m/nofp/crtn.o
                0x20002000                        _estack = (ORIGIN (RAM) + LENGTH (RAM))
                0x00000200                        _Min_Heap_Size = 0x200
                0x00000400                        _Min_Stack_Size = 0x400

.isr_vector     0x08000000       0xb8
                0x08000000                        . = ALIGN (0x4)
 *(.isr_vector)
 .isr_vector    0x08000000       0xb8 CMakeFiles/sunBoard.dir/startup_stm32g030xx.s.obj
                0x08000000                g_pfnVectors
                0x080000b8                        . = ALIGN (0x4)

.text           0x080000b8     0x6d4c
                0x080000b8                        . = ALIGN (0x4)
 *(.text)
 .text          0x080000b8       0x48 I:/cubeclt/cube/STM32CubeCLT_1.16.0/GNU-tools-for-STM32/bin/../lib/gcc/arm-none-eabi/12.3.1/thumb/v6-m/nofp/crtbegin.o
 .text          0x08000100      0x114 I:/cubeclt/cube/STM32CubeCLT_1.16.0/GNU-tools-for-STM32/bin/../lib/gcc/arm-none-eabi/12.3.1/thumb/v6-m/nofp\libgcc.a(_udivsi3.o)
                0x08000100                __aeabi_uidiv
                0x08000100                __udivsi3
                0x0800020c                __aeabi_uidivmod
 .text          0x08000214        0x4 I:/cubeclt/cube/STM32CubeCLT_1.16.0/GNU-tools-for-STM32/bin/../lib/gcc/arm-none-eabi/12.3.1/thumb/v6-m/nofp\libgcc.a(_dvmd_tls.o)
                0x08000214                __aeabi_idiv0
                0x08000214                __aeabi_ldiv0
 .text          0x08000218       0x14 I:/cubeclt/cube/STM32CubeCLT_1.16.0/GNU-tools-for-STM32/bin/../lib/gcc/arm-none-eabi/12.3.1/thumb/v6-m/nofp\libgcc.a(_thumb1_case_shi.o)
                0x08000218                __gnu_thumb1_case_shi
 *(.text*)
 .text.memset   0x0800022c       0x10 I:/cubeclt/cube/STM32CubeCLT_1.16.0/GNU-tools-for-STM32/bin/../lib/gcc/arm-none-eabi/12.3.1/../../../../arm-none-eabi/lib/thumb/v6-m/nofp\libc_nano.a(libc_a-memset.o)
                0x0800022c                memset
 .text.__libc_init_array
                0x0800023c       0x48 I:/cubeclt/cube/STM32CubeCLT_1.16.0/GNU-tools-for-STM32/bin/../lib/gcc/arm-none-eabi/12.3.1/../../../../arm-none-eabi/lib/thumb/v6-m/nofp\libc_nano.a(libc_a-init.o)
                0x0800023c                __libc_init_array
 .text.__retarget_lock_acquire_recursive
                0x08000284        0x2 I:/cubeclt/cube/STM32CubeCLT_1.16.0/GNU-tools-for-STM32/bin/../lib/gcc/arm-none-eabi/12.3.1/../../../../arm-none-eabi/lib/thumb/v6-m/nofp\libc_nano.a(libc_a-lock.o)
                0x08000284                __retarget_lock_acquire_recursive
 .text.__retarget_lock_release_recursive
                0x08000286        0x2 I:/cubeclt/cube/STM32CubeCLT_1.16.0/GNU-tools-for-STM32/bin/../lib/gcc/arm-none-eabi/12.3.1/../../../../arm-none-eabi/lib/thumb/v6-m/nofp\libc_nano.a(libc_a-lock.o)
                0x08000286                __retarget_lock_release_recursive
 .text._free_r  0x08000288       0x94 I:/cubeclt/cube/STM32CubeCLT_1.16.0/GNU-tools-for-STM32/bin/../lib/gcc/arm-none-eabi/12.3.1/../../../../arm-none-eabi/lib/thumb/v6-m/nofp\libc_nano.a(libc_a-freer.o)
                0x08000288                _free_r
 .text.sbrk_aligned
                0x0800031c       0x44 I:/cubeclt/cube/STM32CubeCLT_1.16.0/GNU-tools-for-STM32/bin/../lib/gcc/arm-none-eabi/12.3.1/../../../../arm-none-eabi/lib/thumb/v6-m/nofp\libc_nano.a(libc_a-mallocr.o)
 .text._malloc_r
                0x08000360      0x100 I:/cubeclt/cube/STM32CubeCLT_1.16.0/GNU-tools-for-STM32/bin/../lib/gcc/arm-none-eabi/12.3.1/../../../../arm-none-eabi/lib/thumb/v6-m/nofp\libc_nano.a(libc_a-mallocr.o)
                0x08000360                _malloc_r
 .text.__malloc_lock
                0x08000460       0x10 I:/cubeclt/cube/STM32CubeCLT_1.16.0/GNU-tools-for-STM32/bin/../lib/gcc/arm-none-eabi/12.3.1/../../../../arm-none-eabi/lib/thumb/v6-m/nofp\libc_nano.a(libc_a-mlock.o)
                0x08000460                __malloc_lock
 .text.__malloc_unlock
                0x08000470       0x10 I:/cubeclt/cube/STM32CubeCLT_1.16.0/GNU-tools-for-STM32/bin/../lib/gcc/arm-none-eabi/12.3.1/../../../../arm-none-eabi/lib/thumb/v6-m/nofp\libc_nano.a(libc_a-mlock.o)
                0x08000470                __malloc_unlock
 .text._sbrk_r  0x08000480       0x24 I:/cubeclt/cube/STM32CubeCLT_1.16.0/GNU-tools-for-STM32/bin/../lib/gcc/arm-none-eabi/12.3.1/../../../../arm-none-eabi/lib/thumb/v6-m/nofp\libc_nano.a(libc_a-sbrkr.o)
                0x08000480                _sbrk_r
 .text.main     0x080004a4      0x17c CMakeFiles/sunBoard.dir/Core/Src/main.c.obj
                0x080004a4                main
 .text.SystemClock_Config
                0x08000620       0xb4 CMakeFiles/sunBoard.dir/Core/Src/main.c.obj
                0x08000620                SystemClock_Config
 .text.Error_Handler
                0x080006d4        0xc CMakeFiles/sunBoard.dir/Core/Src/main.c.obj
                0x080006d4                Error_Handler
 .text.MX_GPIO_Init
                0x080006e0       0xd0 CMakeFiles/sunBoard.dir/Core/Src/gpio.c.obj
                0x080006e0                MX_GPIO_Init
 .text.MX_DMA_Init
                0x080007b0       0x4c CMakeFiles/sunBoard.dir/Core/Src/dma.c.obj
                0x080007b0                MX_DMA_Init
 .text.MX_I2C1_Init
                0x080007fc       0x80 CMakeFiles/sunBoard.dir/Core/Src/i2c.c.obj
                0x080007fc                MX_I2C1_Init
 .text.MX_I2C2_Init
                0x0800087c       0x80 CMakeFiles/sunBoard.dir/Core/Src/i2c.c.obj
                0x0800087c                MX_I2C2_Init
 .text.HAL_I2C_MspInit
                0x080008fc      0x138 CMakeFiles/sunBoard.dir/Core/Src/i2c.c.obj
                0x080008fc                HAL_I2C_MspInit
 .text.MX_TIM1_Init
                0x08000a34       0xbc CMakeFiles/sunBoard.dir/Core/Src/tim.c.obj
                0x08000a34                MX_TIM1_Init
 .text.MX_TIM3_Init
                0x08000af0       0xb8 CMakeFiles/sunBoard.dir/Core/Src/tim.c.obj
                0x08000af0                MX_TIM3_Init
 .text.MX_TIM14_Init
                0x08000ba8       0x58 CMakeFiles/sunBoard.dir/Core/Src/tim.c.obj
                0x08000ba8                MX_TIM14_Init
 .text.MX_TIM16_Init
                0x08000c00       0x5c CMakeFiles/sunBoard.dir/Core/Src/tim.c.obj
                0x08000c00                MX_TIM16_Init
 .text.MX_TIM17_Init
                0x08000c5c       0x5c CMakeFiles/sunBoard.dir/Core/Src/tim.c.obj
                0x08000c5c                MX_TIM17_Init
 .text.HAL_TIM_Base_MspInit
                0x08000cb8      0x13c CMakeFiles/sunBoard.dir/Core/Src/tim.c.obj
                0x08000cb8                HAL_TIM_Base_MspInit
 .text.HAL_TIM_PeriodElapsedCallback
                0x08000df4       0xb0 CMakeFiles/sunBoard.dir/Core/Src/tim.c.obj
                0x08000df4                HAL_TIM_PeriodElapsedCallback
 .text.MX_USART2_UART_Init
                0x08000ea4       0x68 CMakeFiles/sunBoard.dir/Core/Src/usart.c.obj
                0x08000ea4                MX_USART2_UART_Init
 .text.HAL_UART_MspInit
                0x08000f0c      0x150 CMakeFiles/sunBoard.dir/Core/Src/usart.c.obj
                0x08000f0c                HAL_UART_MspInit
 .text.MyUart_send
                0x0800105c       0x32 CMakeFiles/sunBoard.dir/Core/Src/usart.c.obj
 *fill*         0x0800108e        0x2 
 .text.MyUart_init
                0x08001090       0x40 CMakeFiles/sunBoard.dir/Core/Src/usart.c.obj
                0x08001090                MyUart_init
 .text.NMI_Handler
                0x080010d0        0x8 CMakeFiles/sunBoard.dir/Core/Src/stm32g0xx_it.c.obj
                0x080010d0                NMI_Handler
 .text.HardFault_Handler
                0x080010d8        0x8 CMakeFiles/sunBoard.dir/Core/Src/stm32g0xx_it.c.obj
                0x080010d8                HardFault_Handler
 .text.SVC_Handler
                0x080010e0        0xa CMakeFiles/sunBoard.dir/Core/Src/stm32g0xx_it.c.obj
                0x080010e0                SVC_Handler
 .text.PendSV_Handler
                0x080010ea        0xa CMakeFiles/sunBoard.dir/Core/Src/stm32g0xx_it.c.obj
                0x080010ea                PendSV_Handler
 .text.SysTick_Handler
                0x080010f4        0xe CMakeFiles/sunBoard.dir/Core/Src/stm32g0xx_it.c.obj
                0x080010f4                SysTick_Handler
 *fill*         0x08001102        0x2 
 .text.DMA1_Channel1_IRQHandler
                0x08001104       0x18 CMakeFiles/sunBoard.dir/Core/Src/stm32g0xx_it.c.obj
                0x08001104                DMA1_Channel1_IRQHandler
 .text.DMA1_Channel2_3_IRQHandler
                0x0800111c       0x18 CMakeFiles/sunBoard.dir/Core/Src/stm32g0xx_it.c.obj
                0x0800111c                DMA1_Channel2_3_IRQHandler
 .text.TIM1_BRK_UP_TRG_COM_IRQHandler
                0x08001134       0x18 CMakeFiles/sunBoard.dir/Core/Src/stm32g0xx_it.c.obj
                0x08001134                TIM1_BRK_UP_TRG_COM_IRQHandler
 .text.TIM3_IRQHandler
                0x0800114c       0x18 CMakeFiles/sunBoard.dir/Core/Src/stm32g0xx_it.c.obj
                0x0800114c                TIM3_IRQHandler
 .text.TIM14_IRQHandler
                0x08001164       0x18 CMakeFiles/sunBoard.dir/Core/Src/stm32g0xx_it.c.obj
                0x08001164                TIM14_IRQHandler
 .text.TIM16_IRQHandler
                0x0800117c       0x18 CMakeFiles/sunBoard.dir/Core/Src/stm32g0xx_it.c.obj
                0x0800117c                TIM16_IRQHandler
 .text.TIM17_IRQHandler
                0x08001194       0x18 CMakeFiles/sunBoard.dir/Core/Src/stm32g0xx_it.c.obj
                0x08001194                TIM17_IRQHandler
 .text.HAL_MspInit
                0x080011ac       0x48 CMakeFiles/sunBoard.dir/Core/Src/stm32g0xx_hal_msp.c.obj
                0x080011ac                HAL_MspInit
 .text.HAL_I2C_Init
                0x080011f4      0x14c CMakeFiles/sunBoard.dir/Drivers/STM32G0xx_HAL_Driver/Src/stm32g0xx_hal_i2c.c.obj
                0x080011f4                HAL_I2C_Init
 .text.HAL_I2C_Master_Transmit
                0x08001340      0x254 CMakeFiles/sunBoard.dir/Drivers/STM32G0xx_HAL_Driver/Src/stm32g0xx_hal_i2c.c.obj
                0x08001340                HAL_I2C_Master_Transmit
 .text.HAL_I2C_Mem_Write
                0x08001594      0x25c CMakeFiles/sunBoard.dir/Drivers/STM32G0xx_HAL_Driver/Src/stm32g0xx_hal_i2c.c.obj
                0x08001594                HAL_I2C_Mem_Write
 .text.HAL_I2C_Mem_Read
                0x080017f0      0x268 CMakeFiles/sunBoard.dir/Drivers/STM32G0xx_HAL_Driver/Src/stm32g0xx_hal_i2c.c.obj
                0x080017f0                HAL_I2C_Mem_Read
 .text.I2C_RequestMemoryWrite
                0x08001a58       0xc8 CMakeFiles/sunBoard.dir/Drivers/STM32G0xx_HAL_Driver/Src/stm32g0xx_hal_i2c.c.obj
 .text.I2C_RequestMemoryRead
                0x08001b20       0xc4 CMakeFiles/sunBoard.dir/Drivers/STM32G0xx_HAL_Driver/Src/stm32g0xx_hal_i2c.c.obj
 .text.I2C_Flush_TXDR
                0x08001be4       0x44 CMakeFiles/sunBoard.dir/Drivers/STM32G0xx_HAL_Driver/Src/stm32g0xx_hal_i2c.c.obj
 .text.I2C_WaitOnFlagUntilTimeout
                0x08001c28       0xb0 CMakeFiles/sunBoard.dir/Drivers/STM32G0xx_HAL_Driver/Src/stm32g0xx_hal_i2c.c.obj
 .text.I2C_WaitOnTXISFlagUntilTimeout
                0x08001cd8       0x8c CMakeFiles/sunBoard.dir/Drivers/STM32G0xx_HAL_Driver/Src/stm32g0xx_hal_i2c.c.obj
 .text.I2C_WaitOnSTOPFlagUntilTimeout
                0x08001d64       0x86 CMakeFiles/sunBoard.dir/Drivers/STM32G0xx_HAL_Driver/Src/stm32g0xx_hal_i2c.c.obj
 *fill*         0x08001dea        0x2 
 .text.I2C_IsErrorOccurred
                0x08001dec      0x1f0 CMakeFiles/sunBoard.dir/Drivers/STM32G0xx_HAL_Driver/Src/stm32g0xx_hal_i2c.c.obj
 .text.I2C_TransferConfig
                0x08001fdc       0x74 CMakeFiles/sunBoard.dir/Drivers/STM32G0xx_HAL_Driver/Src/stm32g0xx_hal_i2c.c.obj
 .text.HAL_I2CEx_ConfigAnalogFilter
                0x08002050       0x98 CMakeFiles/sunBoard.dir/Drivers/STM32G0xx_HAL_Driver/Src/stm32g0xx_hal_i2c_ex.c.obj
                0x08002050                HAL_I2CEx_ConfigAnalogFilter
 .text.HAL_I2CEx_ConfigDigitalFilter
                0x080020e8       0x98 CMakeFiles/sunBoard.dir/Drivers/STM32G0xx_HAL_Driver/Src/stm32g0xx_hal_i2c_ex.c.obj
                0x080020e8                HAL_I2CEx_ConfigDigitalFilter
 .text.LL_RCC_GetAPB1Prescaler
                0x08002180       0x18 CMakeFiles/sunBoard.dir/Drivers/STM32G0xx_HAL_Driver/Src/stm32g0xx_hal_rcc.c.obj
 .text.HAL_RCC_OscConfig
                0x08002198      0x620 CMakeFiles/sunBoard.dir/Drivers/STM32G0xx_HAL_Driver/Src/stm32g0xx_hal_rcc.c.obj
                0x08002198                HAL_RCC_OscConfig
 .text.HAL_RCC_ClockConfig
                0x080027b8      0x210 CMakeFiles/sunBoard.dir/Drivers/STM32G0xx_HAL_Driver/Src/stm32g0xx_hal_rcc.c.obj
                0x080027b8                HAL_RCC_ClockConfig
 .text.HAL_RCC_GetSysClockFreq
                0x080029c8      0x104 CMakeFiles/sunBoard.dir/Drivers/STM32G0xx_HAL_Driver/Src/stm32g0xx_hal_rcc.c.obj
                0x080029c8                HAL_RCC_GetSysClockFreq
 .text.HAL_RCC_GetHCLKFreq
                0x08002acc       0x14 CMakeFiles/sunBoard.dir/Drivers/STM32G0xx_HAL_Driver/Src/stm32g0xx_hal_rcc.c.obj
                0x08002acc                HAL_RCC_GetHCLKFreq
 .text.HAL_RCC_GetPCLK1Freq
                0x08002ae0       0x2c CMakeFiles/sunBoard.dir/Drivers/STM32G0xx_HAL_Driver/Src/stm32g0xx_hal_rcc.c.obj
                0x08002ae0                HAL_RCC_GetPCLK1Freq
 .text.HAL_RCCEx_PeriphCLKConfig
                0x08002b0c      0x24c CMakeFiles/sunBoard.dir/Drivers/STM32G0xx_HAL_Driver/Src/stm32g0xx_hal_rcc_ex.c.obj
                0x08002b0c                HAL_RCCEx_PeriphCLKConfig
 .text.HAL_FLASH_Program
                0x08002d58       0x9c CMakeFiles/sunBoard.dir/Drivers/STM32G0xx_HAL_Driver/Src/stm32g0xx_hal_flash.c.obj
                0x08002d58                HAL_FLASH_Program
 .text.HAL_FLASH_Unlock
                0x08002df4       0x48 CMakeFiles/sunBoard.dir/Drivers/STM32G0xx_HAL_Driver/Src/stm32g0xx_hal_flash.c.obj
                0x08002df4                HAL_FLASH_Unlock
 .text.HAL_FLASH_Lock
                0x08002e3c       0x44 CMakeFiles/sunBoard.dir/Drivers/STM32G0xx_HAL_Driver/Src/stm32g0xx_hal_flash.c.obj
                0x08002e3c                HAL_FLASH_Lock
 .text.FLASH_WaitForLastOperation
                0x08002e80       0x9c CMakeFiles/sunBoard.dir/Drivers/STM32G0xx_HAL_Driver/Src/stm32g0xx_hal_flash.c.obj
                0x08002e80                FLASH_WaitForLastOperation
 .text.FLASH_Program_DoubleWord
                0x08002f1c       0x40 CMakeFiles/sunBoard.dir/Drivers/STM32G0xx_HAL_Driver/Src/stm32g0xx_hal_flash.c.obj
 .text.HAL_FLASHEx_Erase
                0x08002f5c       0xe8 CMakeFiles/sunBoard.dir/Drivers/STM32G0xx_HAL_Driver/Src/stm32g0xx_hal_flash_ex.c.obj
                0x08002f5c                HAL_FLASHEx_Erase
 .text.FLASH_MassErase
                0x08003044       0x28 CMakeFiles/sunBoard.dir/Drivers/STM32G0xx_HAL_Driver/Src/stm32g0xx_hal_flash_ex.c.obj
 .text.FLASH_PageErase
                0x0800306c       0x38 CMakeFiles/sunBoard.dir/Drivers/STM32G0xx_HAL_Driver/Src/stm32g0xx_hal_flash_ex.c.obj
                0x0800306c                FLASH_PageErase
 .text.HAL_GPIO_Init
                0x080030a4      0x2c8 CMakeFiles/sunBoard.dir/Drivers/STM32G0xx_HAL_Driver/Src/stm32g0xx_hal_gpio.c.obj
                0x080030a4                HAL_GPIO_Init
 .text.HAL_GPIO_ReadPin
                0x0800336c       0x3a CMakeFiles/sunBoard.dir/Drivers/STM32G0xx_HAL_Driver/Src/stm32g0xx_hal_gpio.c.obj
                0x0800336c                HAL_GPIO_ReadPin
 .text.HAL_GPIO_WritePin
                0x080033a6       0x3a CMakeFiles/sunBoard.dir/Drivers/STM32G0xx_HAL_Driver/Src/stm32g0xx_hal_gpio.c.obj
                0x080033a6                HAL_GPIO_WritePin
 .text.HAL_DMA_Init
                0x080033e0      0x114 CMakeFiles/sunBoard.dir/Drivers/STM32G0xx_HAL_Driver/Src/stm32g0xx_hal_dma.c.obj
                0x080033e0                HAL_DMA_Init
 .text.HAL_DMA_IRQHandler
                0x080034f4      0x164 CMakeFiles/sunBoard.dir/Drivers/STM32G0xx_HAL_Driver/Src/stm32g0xx_hal_dma.c.obj
                0x080034f4                HAL_DMA_IRQHandler
 .text.DMA_CalcDMAMUXChannelBaseAndMask
                0x08003658       0x58 CMakeFiles/sunBoard.dir/Drivers/STM32G0xx_HAL_Driver/Src/stm32g0xx_hal_dma.c.obj
 .text.DMA_CalcDMAMUXRequestGenBaseAndMask
                0x080036b0       0x48 CMakeFiles/sunBoard.dir/Drivers/STM32G0xx_HAL_Driver/Src/stm32g0xx_hal_dma.c.obj
 .text.HAL_PWREx_ControlVoltageScaling
                0x080036f8       0x80 CMakeFiles/sunBoard.dir/Drivers/STM32G0xx_HAL_Driver/Src/stm32g0xx_hal_pwr_ex.c.obj
                0x080036f8                HAL_PWREx_ControlVoltageScaling
 .text.__NVIC_EnableIRQ
                0x08003778       0x34 CMakeFiles/sunBoard.dir/Drivers/STM32G0xx_HAL_Driver/Src/stm32g0xx_hal_cortex.c.obj
 .text.__NVIC_SetPriority
                0x080037ac       0xdc CMakeFiles/sunBoard.dir/Drivers/STM32G0xx_HAL_Driver/Src/stm32g0xx_hal_cortex.c.obj
 .text.__NVIC_SystemReset
                0x08003888       0x24 CMakeFiles/sunBoard.dir/Drivers/STM32G0xx_HAL_Driver/Src/stm32g0xx_hal_cortex.c.obj
 .text.SysTick_Config
                0x080038ac       0x48 CMakeFiles/sunBoard.dir/Drivers/STM32G0xx_HAL_Driver/Src/stm32g0xx_hal_cortex.c.obj
 .text.HAL_NVIC_SetPriority
                0x080038f4       0x2a CMakeFiles/sunBoard.dir/Drivers/STM32G0xx_HAL_Driver/Src/stm32g0xx_hal_cortex.c.obj
                0x080038f4                HAL_NVIC_SetPriority
 .text.HAL_NVIC_EnableIRQ
                0x0800391e       0x20 CMakeFiles/sunBoard.dir/Drivers/STM32G0xx_HAL_Driver/Src/stm32g0xx_hal_cortex.c.obj
                0x0800391e                HAL_NVIC_EnableIRQ
 .text.HAL_NVIC_SystemReset
                0x0800393e        0x8 CMakeFiles/sunBoard.dir/Drivers/STM32G0xx_HAL_Driver/Src/stm32g0xx_hal_cortex.c.obj
                0x0800393e                HAL_NVIC_SystemReset
 .text.HAL_SYSTICK_Config
                0x08003946       0x1a CMakeFiles/sunBoard.dir/Drivers/STM32G0xx_HAL_Driver/Src/stm32g0xx_hal_cortex.c.obj
                0x08003946                HAL_SYSTICK_Config
 .text.HAL_Init
                0x08003960       0x40 CMakeFiles/sunBoard.dir/Drivers/STM32G0xx_HAL_Driver/Src/stm32g0xx_hal.c.obj
                0x08003960                HAL_Init
 .text.HAL_InitTick
                0x080039a0       0x94 CMakeFiles/sunBoard.dir/Drivers/STM32G0xx_HAL_Driver/Src/stm32g0xx_hal.c.obj
                0x080039a0                HAL_InitTick
 .text.HAL_IncTick
                0x08003a34       0x24 CMakeFiles/sunBoard.dir/Drivers/STM32G0xx_HAL_Driver/Src/stm32g0xx_hal.c.obj
                0x08003a34                HAL_IncTick
 .text.HAL_GetTick
                0x08003a58       0x14 CMakeFiles/sunBoard.dir/Drivers/STM32G0xx_HAL_Driver/Src/stm32g0xx_hal.c.obj
                0x08003a58                HAL_GetTick
 .text.HAL_Delay
                0x08003a6c       0x48 CMakeFiles/sunBoard.dir/Drivers/STM32G0xx_HAL_Driver/Src/stm32g0xx_hal.c.obj
                0x08003a6c                HAL_Delay
 .text.HAL_TIM_Base_Init
                0x08003ab4       0xb0 CMakeFiles/sunBoard.dir/Drivers/STM32G0xx_HAL_Driver/Src/stm32g0xx_hal_tim.c.obj
                0x08003ab4                HAL_TIM_Base_Init
 .text.HAL_TIM_Base_Start_IT
                0x08003b64       0x9c CMakeFiles/sunBoard.dir/Drivers/STM32G0xx_HAL_Driver/Src/stm32g0xx_hal_tim.c.obj
                0x08003b64                HAL_TIM_Base_Start_IT
 .text.HAL_TIM_Base_Stop_IT
                0x08003c00       0x5c CMakeFiles/sunBoard.dir/Drivers/STM32G0xx_HAL_Driver/Src/stm32g0xx_hal_tim.c.obj
                0x08003c00                HAL_TIM_Base_Stop_IT
 .text.HAL_TIM_IRQHandler
                0x08003c5c      0x210 CMakeFiles/sunBoard.dir/Drivers/STM32G0xx_HAL_Driver/Src/stm32g0xx_hal_tim.c.obj
                0x08003c5c                HAL_TIM_IRQHandler
 .text.HAL_TIM_ConfigClockSource
                0x08003e6c      0x1ac CMakeFiles/sunBoard.dir/Drivers/STM32G0xx_HAL_Driver/Src/stm32g0xx_hal_tim.c.obj
                0x08003e6c                HAL_TIM_ConfigClockSource
 .text.HAL_TIM_OC_DelayElapsedCallback
                0x08004018       0x10 CMakeFiles/sunBoard.dir/Drivers/STM32G0xx_HAL_Driver/Src/stm32g0xx_hal_tim.c.obj
                0x08004018                HAL_TIM_OC_DelayElapsedCallback
 .text.HAL_TIM_IC_CaptureCallback
                0x08004028       0x10 CMakeFiles/sunBoard.dir/Drivers/STM32G0xx_HAL_Driver/Src/stm32g0xx_hal_tim.c.obj
                0x08004028                HAL_TIM_IC_CaptureCallback
 .text.HAL_TIM_PWM_PulseFinishedCallback
                0x08004038       0x10 CMakeFiles/sunBoard.dir/Drivers/STM32G0xx_HAL_Driver/Src/stm32g0xx_hal_tim.c.obj
                0x08004038                HAL_TIM_PWM_PulseFinishedCallback
 .text.HAL_TIM_TriggerCallback
                0x08004048       0x10 CMakeFiles/sunBoard.dir/Drivers/STM32G0xx_HAL_Driver/Src/stm32g0xx_hal_tim.c.obj
                0x08004048                HAL_TIM_TriggerCallback
 .text.TIM_Base_SetConfig
                0x08004058       0xf4 CMakeFiles/sunBoard.dir/Drivers/STM32G0xx_HAL_Driver/Src/stm32g0xx_hal_tim.c.obj
                0x08004058                TIM_Base_SetConfig
 .text.TIM_TI1_ConfigInputStage
                0x0800414c       0x5c CMakeFiles/sunBoard.dir/Drivers/STM32G0xx_HAL_Driver/Src/stm32g0xx_hal_tim.c.obj
 .text.TIM_TI2_ConfigInputStage
                0x080041a8       0x64 CMakeFiles/sunBoard.dir/Drivers/STM32G0xx_HAL_Driver/Src/stm32g0xx_hal_tim.c.obj
 .text.TIM_ITRx_SetConfig
                0x0800420c       0x38 CMakeFiles/sunBoard.dir/Drivers/STM32G0xx_HAL_Driver/Src/stm32g0xx_hal_tim.c.obj
 .text.TIM_ETR_SetConfig
                0x08004244       0x40 CMakeFiles/sunBoard.dir/Drivers/STM32G0xx_HAL_Driver/Src/stm32g0xx_hal_tim.c.obj
                0x08004244                TIM_ETR_SetConfig
 .text.HAL_TIMEx_MasterConfigSynchronization
                0x08004284       0xc4 CMakeFiles/sunBoard.dir/Drivers/STM32G0xx_HAL_Driver/Src/stm32g0xx_hal_tim_ex.c.obj
                0x08004284                HAL_TIMEx_MasterConfigSynchronization
 .text.HAL_TIMEx_CommutCallback
                0x08004348       0x10 CMakeFiles/sunBoard.dir/Drivers/STM32G0xx_HAL_Driver/Src/stm32g0xx_hal_tim_ex.c.obj
                0x08004348                HAL_TIMEx_CommutCallback
 .text.HAL_TIMEx_BreakCallback
                0x08004358       0x10 CMakeFiles/sunBoard.dir/Drivers/STM32G0xx_HAL_Driver/Src/stm32g0xx_hal_tim_ex.c.obj
                0x08004358                HAL_TIMEx_BreakCallback
 .text.HAL_TIMEx_Break2Callback
                0x08004368       0x10 CMakeFiles/sunBoard.dir/Drivers/STM32G0xx_HAL_Driver/Src/stm32g0xx_hal_tim_ex.c.obj
                0x08004368                HAL_TIMEx_Break2Callback
 .text.HAL_UART_Init
                0x08004378       0xac CMakeFiles/sunBoard.dir/Drivers/STM32G0xx_HAL_Driver/Src/stm32g0xx_hal_uart.c.obj
                0x08004378                HAL_UART_Init
 .text.HAL_UART_Transmit
                0x08004424      0x148 CMakeFiles/sunBoard.dir/Drivers/STM32G0xx_HAL_Driver/Src/stm32g0xx_hal_uart.c.obj
                0x08004424                HAL_UART_Transmit
 .text.UART_SetConfig
                0x0800456c      0x2d4 CMakeFiles/sunBoard.dir/Drivers/STM32G0xx_HAL_Driver/Src/stm32g0xx_hal_uart.c.obj
                0x0800456c                UART_SetConfig
 .text.UART_AdvFeatureConfig
                0x08004840      0x168 CMakeFiles/sunBoard.dir/Drivers/STM32G0xx_HAL_Driver/Src/stm32g0xx_hal_uart.c.obj
                0x08004840                UART_AdvFeatureConfig
 .text.UART_CheckIdleState
                0x080049a8      0x154 CMakeFiles/sunBoard.dir/Drivers/STM32G0xx_HAL_Driver/Src/stm32g0xx_hal_uart.c.obj
                0x080049a8                UART_CheckIdleState
 .text.UART_WaitOnFlagUntilTimeout
                0x08004afc       0xde CMakeFiles/sunBoard.dir/Drivers/STM32G0xx_HAL_Driver/Src/stm32g0xx_hal_uart.c.obj
                0x08004afc                UART_WaitOnFlagUntilTimeout
 *fill*         0x08004bda        0x2 
 .text.UART_EndRxTransfer
                0x08004bdc       0xcc CMakeFiles/sunBoard.dir/Drivers/STM32G0xx_HAL_Driver/Src/stm32g0xx_hal_uart.c.obj
 .text.SystemInit
                0x08004ca8        0xa CMakeFiles/sunBoard.dir/Core/Src/system_stm32g0xx.c.obj
                0x08004ca8                SystemInit
 *fill*         0x08004cb2        0x2 
 .text._sbrk    0x08004cb4       0x6c CMakeFiles/sunBoard.dir/Core/Src/sysmem.c.obj
                0x08004cb4                _sbrk
 .text.Reset_Handler
                0x08004d20       0x50 CMakeFiles/sunBoard.dir/startup_stm32g030xx.s.obj
                0x08004d20                Reset_Handler
 .text.Default_Handler
                0x08004d70        0x2 CMakeFiles/sunBoard.dir/startup_stm32g030xx.s.obj
                0x08004d70                TIM1_CC_IRQHandler
                0x08004d70                I2C1_IRQHandler
                0x08004d70                RTC_TAMP_IRQHandler
                0x08004d70                SPI1_IRQHandler
                0x08004d70                DMA1_Ch4_5_DMAMUX1_OVR_IRQHandler
                0x08004d70                EXTI2_3_IRQHandler
                0x08004d70                ADC1_IRQHandler
                0x08004d70                I2C2_IRQHandler
                0x08004d70                EXTI4_15_IRQHandler
                0x08004d70                RCC_IRQHandler
                0x08004d70                Default_Handler
                0x08004d70                EXTI0_1_IRQHandler
                0x08004d70                SPI2_IRQHandler
                0x08004d70                WWDG_IRQHandler
                0x08004d70                USART2_IRQHandler
                0x08004d70                FLASH_IRQHandler
                0x08004d70                USART1_IRQHandler
 .text.BCD_To_Dec
                0x08004d72       0x3a CMakeFiles/sunBoard.dir/User/src/PCF8563.c.obj
 .text.Dec_To_BCD
                0x08004dac       0x3c CMakeFiles/sunBoard.dir/User/src/PCF8563.c.obj
 .text.PCF8563_Write
                0x08004de8       0x58 CMakeFiles/sunBoard.dir/User/src/PCF8563.c.obj
 .text.PCF8563_set_time
                0x08004e40       0xec CMakeFiles/sunBoard.dir/User/src/PCF8563.c.obj
                0x08004e40                PCF8563_set_time
 .text.PCF8563_read_time
                0x08004f2c       0x3c CMakeFiles/sunBoard.dir/User/src/PCF8563.c.obj
 .text.time_updata
                0x08004f68      0x17c CMakeFiles/sunBoard.dir/User/src/PCF8563.c.obj
 .text.PCF8563_init
                0x080050e4       0xec CMakeFiles/sunBoard.dir/User/src/PCF8563.c.obj
                0x080050e4                PCF8563_init
 .text.TM1650_write_param
                0x080051d0       0x3c CMakeFiles/sunBoard.dir/User/src/TM1650.c.obj
 .text.TM1650_display_pos
                0x0800520c       0x4c CMakeFiles/sunBoard.dir/User/src/TM1650.c.obj
                0x0800520c                TM1650_display_pos
 .text.TM1650_clear
                0x08005258       0x88 CMakeFiles/sunBoard.dir/User/src/TM1650.c.obj
                0x08005258                TM1650_clear
 .text.displayOnOff
                0x080052e0       0x7c CMakeFiles/sunBoard.dir/User/src/TM1650.c.obj
 .text.cursorOnOff
                0x0800535c       0x66 CMakeFiles/sunBoard.dir/User/src/TM1650.c.obj
 .text.cursorMove
                0x080053c2       0x8c CMakeFiles/sunBoard.dir/User/src/TM1650.c.obj
 *fill*         0x0800544e        0x2 
 .text.writeCursor
                0x08005450       0x8c CMakeFiles/sunBoard.dir/User/src/TM1650.c.obj
 .text.cursor_value_set
                0x080054dc      0x154 CMakeFiles/sunBoard.dir/User/src/TM1650.c.obj
 .text.TM1650_show_time
                0x08005630       0xdc CMakeFiles/sunBoard.dir/User/src/TM1650.c.obj
 .text.cursor_flash_ctrl
                0x0800570c       0x56 CMakeFiles/sunBoard.dir/User/src/TM1650.c.obj
                0x0800570c                cursor_flash_ctrl
 *fill*         0x08005762        0x2 
 .text.TM1650_init
                0x08005764       0xe8 CMakeFiles/sunBoard.dir/User/src/TM1650.c.obj
                0x08005764                TM1650_init
 .text.keyRespnse
                0x0800584c       0x64 CMakeFiles/sunBoard.dir/User/src/key.c.obj
 .text.singleClickedCallback
                0x080058b0       0xc0 CMakeFiles/sunBoard.dir/User/src/key.c.obj
 .text.longPressCallback
                0x08005970      0x1e4 CMakeFiles/sunBoard.dir/User/src/key.c.obj
 .text.doubleClickCallback
                0x08005b54       0x8c CMakeFiles/sunBoard.dir/User/src/key.c.obj
 .text.longlongPressCallback
                0x08005be0       0x8c CMakeFiles/sunBoard.dir/User/src/key.c.obj
 .text.keystatus
                0x08005c6c       0x5c CMakeFiles/sunBoard.dir/User/src/key.c.obj
                0x08005c6c                keystatus
 .text.keyActionScan
                0x08005cc8      0x108 CMakeFiles/sunBoard.dir/User/src/key.c.obj
                0x08005cc8                keyActionScan
 .text.keyDoubleClickCheck
                0x08005dd0       0x2a CMakeFiles/sunBoard.dir/User/src/key.c.obj
                0x08005dd0                keyDoubleClickCheck
 *fill*         0x08005dfa        0x2 
 .text.keyInit  0x08005dfc       0x74 CMakeFiles/sunBoard.dir/User/src/key.c.obj
                0x08005dfc                keyInit
 .text.set_current_angle
                0x08005e70       0x3e CMakeFiles/sunBoard.dir/User/src/motor.c.obj
 .text.set_target_angle
                0x08005eae       0x4e CMakeFiles/sunBoard.dir/User/src/motor.c.obj
 .text.set_total_angle
                0x08005efc       0x2e CMakeFiles/sunBoard.dir/User/src/motor.c.obj
 .text.get_current_angle
                0x08005f2a       0x34 CMakeFiles/sunBoard.dir/User/src/motor.c.obj
 .text.motor_left_correct
                0x08005f5e       0x3c CMakeFiles/sunBoard.dir/User/src/motor.c.obj
 .text.motor_right_correct
                0x08005f9a       0x3c CMakeFiles/sunBoard.dir/User/src/motor.c.obj
 .text.motor_stop
                0x08005fd6       0x36 CMakeFiles/sunBoard.dir/User/src/motor.c.obj
 .text.motor_reset
                0x0800600c       0x48 CMakeFiles/sunBoard.dir/User/src/motor.c.obj
 .text.motor_status_led_ctrl
                0x08006054       0x2c CMakeFiles/sunBoard.dir/User/src/motor.c.obj
 .text.motor_wave_control
                0x08006080      0x4f8 CMakeFiles/sunBoard.dir/User/src/motor.c.obj
 .text.Motor_Ctrl_init
                0x08006578       0xec CMakeFiles/sunBoard.dir/User/src/motor.c.obj
                0x08006578                Motor_Ctrl_init
 .text.Data_Save_To_Flash
                0x08006664       0x86 CMakeFiles/sunBoard.dir/User/src/myFlash.c.obj
                0x08006664                Data_Save_To_Flash
 .text.Data_Read_From_Flash
                0x080066ea       0x42 CMakeFiles/sunBoard.dir/User/src/myFlash.c.obj
                0x080066ea                Data_Read_From_Flash
 .text.sprintf  0x0800672c       0x40 I:/cubeclt/cube/STM32CubeCLT_1.16.0/GNU-tools-for-STM32/bin/../lib/gcc/arm-none-eabi/12.3.1/../../../../arm-none-eabi/lib/thumb/v6-m/nofp\libg_nano.a(libc_a-sprintf.o)
                0x0800672c                siprintf
                0x0800672c                sprintf
 .text.__errno  0x0800676c        0xc I:/cubeclt/cube/STM32CubeCLT_1.16.0/GNU-tools-for-STM32/bin/../lib/gcc/arm-none-eabi/12.3.1/../../../../arm-none-eabi/lib/thumb/v6-m/nofp\libg_nano.a(libc_a-errno.o)
                0x0800676c                __errno
 .text.__ssputs_r
                0x08006778       0xc0 I:/cubeclt/cube/STM32CubeCLT_1.16.0/GNU-tools-for-STM32/bin/../lib/gcc/arm-none-eabi/12.3.1/../../../../arm-none-eabi/lib/thumb/v6-m/nofp\libg_nano.a(libc_a-nano-svfprintf.o)
                0x08006778                __ssputs_r
 .text._svfprintf_r
                0x08006838      0x1fc I:/cubeclt/cube/STM32CubeCLT_1.16.0/GNU-tools-for-STM32/bin/../lib/gcc/arm-none-eabi/12.3.1/../../../../arm-none-eabi/lib/thumb/v6-m/nofp\libg_nano.a(libc_a-nano-svfprintf.o)
                0x08006838                _svfiprintf_r
                0x08006838                _svfprintf_r
 .text._printf_common
                0x08006a34       0xde I:/cubeclt/cube/STM32CubeCLT_1.16.0/GNU-tools-for-STM32/bin/../lib/gcc/arm-none-eabi/12.3.1/../../../../arm-none-eabi/lib/thumb/v6-m/nofp\libg_nano.a(libc_a-nano-vfprintf_i.o)
                0x08006a34                _printf_common
 *fill*         0x08006b12        0x2 
 .text._printf_i
                0x08006b14      0x21c I:/cubeclt/cube/STM32CubeCLT_1.16.0/GNU-tools-for-STM32/bin/../lib/gcc/arm-none-eabi/12.3.1/../../../../arm-none-eabi/lib/thumb/v6-m/nofp\libg_nano.a(libc_a-nano-vfprintf_i.o)
                0x08006b14                _printf_i
 .text.memmove  0x08006d30       0x26 I:/cubeclt/cube/STM32CubeCLT_1.16.0/GNU-tools-for-STM32/bin/../lib/gcc/arm-none-eabi/12.3.1/../../../../arm-none-eabi/lib/thumb/v6-m/nofp\libg_nano.a(libc_a-memmove.o)
                0x08006d30                memmove
 .text.memchr   0x08006d56       0x16 I:/cubeclt/cube/STM32CubeCLT_1.16.0/GNU-tools-for-STM32/bin/../lib/gcc/arm-none-eabi/12.3.1/../../../../arm-none-eabi/lib/thumb/v6-m/nofp\libg_nano.a(libc_a-memchr-stub.o)
                0x08006d56                memchr
 .text.memcpy   0x08006d6c       0x12 I:/cubeclt/cube/STM32CubeCLT_1.16.0/GNU-tools-for-STM32/bin/../lib/gcc/arm-none-eabi/12.3.1/../../../../arm-none-eabi/lib/thumb/v6-m/nofp\libg_nano.a(libc_a-memcpy-stub.o)
                0x08006d6c                memcpy
 .text._realloc_r
                0x08006d7e       0x5e I:/cubeclt/cube/STM32CubeCLT_1.16.0/GNU-tools-for-STM32/bin/../lib/gcc/arm-none-eabi/12.3.1/../../../../arm-none-eabi/lib/thumb/v6-m/nofp\libg_nano.a(libc_a-reallocr.o)
                0x08006d7e                _realloc_r
 .text._malloc_usable_size_r
                0x08006ddc       0x10 I:/cubeclt/cube/STM32CubeCLT_1.16.0/GNU-tools-for-STM32/bin/../lib/gcc/arm-none-eabi/12.3.1/../../../../arm-none-eabi/lib/thumb/v6-m/nofp\libg_nano.a(libc_a-msizer.o)
                0x08006ddc                _malloc_usable_size_r
 *(.glue_7)
 .glue_7        0x08006dec        0x0 linker stubs
 *(.glue_7t)
 .glue_7t       0x08006dec        0x0 linker stubs
 *(.eh_frame)
 .eh_frame      0x08006dec        0x0 I:/cubeclt/cube/STM32CubeCLT_1.16.0/GNU-tools-for-STM32/bin/../lib/gcc/arm-none-eabi/12.3.1/thumb/v6-m/nofp/crtbegin.o
 *(.init)
 .init          0x08006dec        0x4 I:/cubeclt/cube/STM32CubeCLT_1.16.0/GNU-tools-for-STM32/bin/../lib/gcc/arm-none-eabi/12.3.1/thumb/v6-m/nofp/crti.o
                0x08006dec                _init
 .init          0x08006df0        0x8 I:/cubeclt/cube/STM32CubeCLT_1.16.0/GNU-tools-for-STM32/bin/../lib/gcc/arm-none-eabi/12.3.1/thumb/v6-m/nofp/crtn.o
 *(.fini)
 .fini          0x08006df8        0x4 I:/cubeclt/cube/STM32CubeCLT_1.16.0/GNU-tools-for-STM32/bin/../lib/gcc/arm-none-eabi/12.3.1/thumb/v6-m/nofp/crti.o
                0x08006df8                _fini
 .fini          0x08006dfc        0x8 I:/cubeclt/cube/STM32CubeCLT_1.16.0/GNU-tools-for-STM32/bin/../lib/gcc/arm-none-eabi/12.3.1/thumb/v6-m/nofp/crtn.o
                0x08006e04                        . = ALIGN (0x4)
                0x08006e04                        _etext = .

.vfp11_veneer   0x08006e04        0x0
 .vfp11_veneer  0x08006e04        0x0 linker stubs

.v4_bx          0x08006e04        0x0
 .v4_bx         0x08006e04        0x0 linker stubs

.iplt           0x08006e04        0x0
 .iplt          0x08006e04        0x0 I:/cubeclt/cube/STM32CubeCLT_1.16.0/GNU-tools-for-STM32/bin/../lib/gcc/arm-none-eabi/12.3.1/thumb/v6-m/nofp/crtbegin.o

.RamFunc        0x08006e04       0x88
 .RamFunc       0x08006e04       0x88 CMakeFiles/sunBoard.dir/Drivers/STM32G0xx_HAL_Driver/Src/stm32g0xx_hal_flash.c.obj

.rodata         0x08006e8c      0x104
                0x08006e8c                        . = ALIGN (0x4)
 *(.rodata)
 .rodata        0x08006e8c       0x15 CMakeFiles/sunBoard.dir/Core/Src/main.c.obj
 *(.rodata*)
 *fill*         0x08006ea1        0x3 
 .rodata.UARTPrescTable
                0x08006ea4       0x18 CMakeFiles/sunBoard.dir/Drivers/STM32G0xx_HAL_Driver/Src/stm32g0xx_hal_uart.c.obj
                0x08006ea4                UARTPrescTable
 .rodata.AHBPrescTable
                0x08006ebc       0x40 CMakeFiles/sunBoard.dir/Core/Src/system_stm32g0xx.c.obj
                0x08006ebc                AHBPrescTable
 .rodata.APBPrescTable
                0x08006efc       0x20 CMakeFiles/sunBoard.dir/Core/Src/system_stm32g0xx.c.obj
                0x08006efc                APBPrescTable
 .rodata.motor_wave_control
                0x08006f1c       0x40 CMakeFiles/sunBoard.dir/User/src/motor.c.obj
 .rodata._svfprintf_r.str1.1
                0x08006f5c       0x11 I:/cubeclt/cube/STM32CubeCLT_1.16.0/GNU-tools-for-STM32/bin/../lib/gcc/arm-none-eabi/12.3.1/../../../../arm-none-eabi/lib/thumb/v6-m/nofp\libg_nano.a(libc_a-nano-svfprintf.o)
 .rodata._printf_i.str1.1
                0x08006f6d       0x22 I:/cubeclt/cube/STM32CubeCLT_1.16.0/GNU-tools-for-STM32/bin/../lib/gcc/arm-none-eabi/12.3.1/../../../../arm-none-eabi/lib/thumb/v6-m/nofp\libg_nano.a(libc_a-nano-vfprintf_i.o)
                0x08006f90                        . = ALIGN (0x4)
 *fill*         0x08006f8f        0x1 

.rel.dyn        0x08006f90        0x0
 .rel.iplt      0x08006f90        0x0 I:/cubeclt/cube/STM32CubeCLT_1.16.0/GNU-tools-for-STM32/bin/../lib/gcc/arm-none-eabi/12.3.1/thumb/v6-m/nofp/crtbegin.o

.ARM.extab
 *(.ARM.extab* .gnu.linkonce.armextab.*)

.ARM            0x08006f90        0x0
                0x08006f90                        __exidx_start = .
 *(.ARM.exidx*)
                0x08006f90                        __exidx_end = .

.preinit_array  0x08006f90        0x0
                0x08006f90                        PROVIDE (__preinit_array_start = .)
 *(.preinit_array*)
                0x08006f90                        PROVIDE (__preinit_array_end = .)

.init_array     0x08006f90        0x4
                0x08006f90                        PROVIDE (__init_array_start = .)
 *(SORT_BY_NAME(.init_array.*))
 *(.init_array*)
 .init_array    0x08006f90        0x4 I:/cubeclt/cube/STM32CubeCLT_1.16.0/GNU-tools-for-STM32/bin/../lib/gcc/arm-none-eabi/12.3.1/thumb/v6-m/nofp/crtbegin.o
                0x08006f94                        PROVIDE (__init_array_end = .)

.fini_array     0x08006f94        0x4
                [!provide]                        PROVIDE (__fini_array_start = .)
 *(SORT_BY_NAME(.fini_array.*))
 *(.fini_array*)
 .fini_array    0x08006f94        0x4 I:/cubeclt/cube/STM32CubeCLT_1.16.0/GNU-tools-for-STM32/bin/../lib/gcc/arm-none-eabi/12.3.1/thumb/v6-m/nofp/crtbegin.o
                [!provide]                        PROVIDE (__fini_array_end = .)
                0x08006f98                        _sidata = LOADADDR (.data)

.data           0x20000000       0x6c load address 0x08006f98
                0x20000000                        . = ALIGN (0x4)
                0x20000000                        _sdata = .
 *(.data)
 *(.data*)
 .data._impure_ptr
                0x20000000        0x4 I:/cubeclt/cube/STM32CubeCLT_1.16.0/GNU-tools-for-STM32/bin/../lib/gcc/arm-none-eabi/12.3.1/../../../../arm-none-eabi/lib/thumb/v6-m/nofp\libc_nano.a(libc_a-impure.o)
                0x20000000                _impure_ptr
 .data._impure_data
                0x20000004       0x4c I:/cubeclt/cube/STM32CubeCLT_1.16.0/GNU-tools-for-STM32/bin/../lib/gcc/arm-none-eabi/12.3.1/../../../../arm-none-eabi/lib/thumb/v6-m/nofp\libc_nano.a(libc_a-impure.o)
                0x20000004                _impure_data
 .data.uwTickPrio
                0x20000050        0x4 CMakeFiles/sunBoard.dir/Drivers/STM32G0xx_HAL_Driver/Src/stm32g0xx_hal.c.obj
                0x20000050                uwTickPrio
 .data.uwTickFreq
                0x20000054        0x1 CMakeFiles/sunBoard.dir/Drivers/STM32G0xx_HAL_Driver/Src/stm32g0xx_hal.c.obj
                0x20000054                uwTickFreq
 *fill*         0x20000055        0x3 
 .data.SystemCoreClock
                0x20000058        0x4 CMakeFiles/sunBoard.dir/Core/Src/system_stm32g0xx.c.obj
                0x20000058                SystemCoreClock
 .data.LedCode  0x2000005c        0xa CMakeFiles/sunBoard.dir/User/src/TM1650.c.obj
 *fill*         0x20000066        0x2 
 .data.NumberList
                0x20000068        0x4 CMakeFiles/sunBoard.dir/User/src/TM1650.c.obj
                0x2000006c                        . = ALIGN (0x4)
                0x2000006c                        _edata = .

.igot.plt       0x2000006c        0x0 load address 0x08007004
 .igot.plt      0x2000006c        0x0 I:/cubeclt/cube/STM32CubeCLT_1.16.0/GNU-tools-for-STM32/bin/../lib/gcc/arm-none-eabi/12.3.1/thumb/v6-m/nofp/crtbegin.o
                0x2000006c                        . = ALIGN (0x4)

.bss            0x2000006c      0x674 load address 0x08007004
                0x2000006c                        _sbss = .
                0x2000006c                        __bss_start__ = _sbss
 *(.bss)
 .bss           0x2000006c       0x1c I:/cubeclt/cube/STM32CubeCLT_1.16.0/GNU-tools-for-STM32/bin/../lib/gcc/arm-none-eabi/12.3.1/thumb/v6-m/nofp/crtbegin.o
 *(.bss*)
 .bss.__sf      0x20000088      0x138 I:/cubeclt/cube/STM32CubeCLT_1.16.0/GNU-tools-for-STM32/bin/../lib/gcc/arm-none-eabi/12.3.1/../../../../arm-none-eabi/lib/thumb/v6-m/nofp\libc_nano.a(libc_a-findfp.o)
                0x20000088                __sf
 .bss.errno     0x200001c0        0x4 I:/cubeclt/cube/STM32CubeCLT_1.16.0/GNU-tools-for-STM32/bin/../lib/gcc/arm-none-eabi/12.3.1/../../../../arm-none-eabi/lib/thumb/v6-m/nofp\libc_nano.a(libc_a-reent.o)
                0x200001c0                errno
 .bss.__lock___malloc_recursive_mutex
                0x200001c4        0x1 I:/cubeclt/cube/STM32CubeCLT_1.16.0/GNU-tools-for-STM32/bin/../lib/gcc/arm-none-eabi/12.3.1/../../../../arm-none-eabi/lib/thumb/v6-m/nofp\libc_nano.a(libc_a-lock.o)
                0x200001c4                __lock___malloc_recursive_mutex
 *fill*         0x200001c5        0x3 
 .bss.__malloc_sbrk_start
                0x200001c8        0x4 I:/cubeclt/cube/STM32CubeCLT_1.16.0/GNU-tools-for-STM32/bin/../lib/gcc/arm-none-eabi/12.3.1/../../../../arm-none-eabi/lib/thumb/v6-m/nofp\libc_nano.a(libc_a-mallocr.o)
                0x200001c8                __malloc_sbrk_start
 .bss.__malloc_free_list
                0x200001cc        0x4 I:/cubeclt/cube/STM32CubeCLT_1.16.0/GNU-tools-for-STM32/bin/../lib/gcc/arm-none-eabi/12.3.1/../../../../arm-none-eabi/lib/thumb/v6-m/nofp\libc_nano.a(libc_a-mallocr.o)
                0x200001cc                __malloc_free_list
 .bss.hi2c1     0x200001d0       0x54 CMakeFiles/sunBoard.dir/Core/Src/i2c.c.obj
                0x200001d0                hi2c1
 .bss.hi2c2     0x20000224       0x54 CMakeFiles/sunBoard.dir/Core/Src/i2c.c.obj
                0x20000224                hi2c2
 .bss.htim1     0x20000278       0x4c CMakeFiles/sunBoard.dir/Core/Src/tim.c.obj
                0x20000278                htim1
 .bss.htim3     0x200002c4       0x4c CMakeFiles/sunBoard.dir/Core/Src/tim.c.obj
                0x200002c4                htim3
 .bss.htim14    0x20000310       0x4c CMakeFiles/sunBoard.dir/Core/Src/tim.c.obj
                0x20000310                htim14
 .bss.htim16    0x2000035c       0x4c CMakeFiles/sunBoard.dir/Core/Src/tim.c.obj
                0x2000035c                htim16
 .bss.htim17    0x200003a8       0x4c CMakeFiles/sunBoard.dir/Core/Src/tim.c.obj
                0x200003a8                htim17
 .bss.myuart    0x200003f4       0x18 CMakeFiles/sunBoard.dir/Core/Src/usart.c.obj
                0x200003f4                myuart
 .bss.send_buffer
                0x2000040c       0x32 CMakeFiles/sunBoard.dir/Core/Src/usart.c.obj
 *fill*         0x2000043e        0x2 
 .bss.receive_buffer
                0x20000440       0x32 CMakeFiles/sunBoard.dir/Core/Src/usart.c.obj
 *fill*         0x20000472        0x2 
 .bss.huart2    0x20000474       0x94 CMakeFiles/sunBoard.dir/Core/Src/usart.c.obj
                0x20000474                huart2
 .bss.hdma_usart2_tx
                0x20000508       0x5c CMakeFiles/sunBoard.dir/Core/Src/usart.c.obj
                0x20000508                hdma_usart2_tx
 .bss.hdma_usart2_rx
                0x20000564       0x5c CMakeFiles/sunBoard.dir/Core/Src/usart.c.obj
                0x20000564                hdma_usart2_rx
 .bss.pFlash    0x200005c0       0x1c CMakeFiles/sunBoard.dir/Drivers/STM32G0xx_HAL_Driver/Src/stm32g0xx_hal_flash.c.obj
                0x200005c0                pFlash
 .bss.uwTick    0x200005dc        0x4 CMakeFiles/sunBoard.dir/Drivers/STM32G0xx_HAL_Driver/Src/stm32g0xx_hal.c.obj
                0x200005dc                uwTick
 .bss.__sbrk_heap_end
                0x200005e0        0x4 CMakeFiles/sunBoard.dir/Core/Src/sysmem.c.obj
 .bss.pcf8563_ctrl
                0x200005e4       0x14 CMakeFiles/sunBoard.dir/User/src/PCF8563.c.obj
                0x200005e4                pcf8563_ctrl
 .bss.user_time
                0x200005f8        0x7 CMakeFiles/sunBoard.dir/User/src/PCF8563.c.obj
 *fill*         0x200005ff        0x1 
 .bss.databuffer
                0x20000600       0x10 CMakeFiles/sunBoard.dir/User/src/PCF8563.c.obj
 .bss.last_hour.1
                0x20000610        0x1 CMakeFiles/sunBoard.dir/User/src/PCF8563.c.obj
 .bss.current_hour.0
                0x20000611        0x1 CMakeFiles/sunBoard.dir/User/src/PCF8563.c.obj
 *fill*         0x20000612        0x2 
 .bss.TM1650    0x20000614       0x28 CMakeFiles/sunBoard.dir/User/src/TM1650.c.obj
                0x20000614                TM1650
 .bss.write_buffer
                0x2000063c        0x4 CMakeFiles/sunBoard.dir/User/src/TM1650.c.obj
 .bss.key0      0x20000640       0x20 CMakeFiles/sunBoard.dir/User/src/key.c.obj
                0x20000640                key0
 .bss.key1      0x20000660       0x20 CMakeFiles/sunBoard.dir/User/src/key.c.obj
                0x20000660                key1
 .bss.key2      0x20000680       0x20 CMakeFiles/sunBoard.dir/User/src/key.c.obj
                0x20000680                key2
 .bss.Motor_Ctrl
                0x200006a0       0x40 CMakeFiles/sunBoard.dir/User/src/motor.c.obj
                0x200006a0                Motor_Ctrl
 *(COMMON)
                0x200006e0                        . = ALIGN (0x4)
                0x200006e0                        _ebss = .
                0x200006e0                        __bss_end__ = _ebss

._user_heap_stack
                0x200006e0      0x600 load address 0x08007004
                0x200006e0                        . = ALIGN (0x8)
                [!provide]                        PROVIDE (end = .)
                0x200006e0                        PROVIDE (_end = .)
                0x200008e0                        . = (. + _Min_Heap_Size)
 *fill*         0x200006e0      0x200 
                0x20000ce0                        . = (. + _Min_Stack_Size)
 *fill*         0x200008e0      0x400 
                0x20000ce0                        . = ALIGN (0x8)

/DISCARD/
 libc.a(*)
 libm.a(*)
 libgcc.a(*)

.ARM.attributes
                0x00000000       0x28
 *(.ARM.attributes)
 .ARM.attributes
                0x00000000       0x1e I:/cubeclt/cube/STM32CubeCLT_1.16.0/GNU-tools-for-STM32/bin/../lib/gcc/arm-none-eabi/12.3.1/thumb/v6-m/nofp/crti.o
 .ARM.attributes
                0x0000001e       0x2c I:/cubeclt/cube/STM32CubeCLT_1.16.0/GNU-tools-for-STM32/bin/../lib/gcc/arm-none-eabi/12.3.1/thumb/v6-m/nofp/crtbegin.o
 .ARM.attributes
                0x0000004a       0x2c I:/cubeclt/cube/STM32CubeCLT_1.16.0/GNU-tools-for-STM32/bin/../lib/gcc/arm-none-eabi/12.3.1/../../../../arm-none-eabi/lib/thumb/v6-m/nofp\libc_nano.a(libc_a-findfp.o)
 .ARM.attributes
                0x00000076       0x2c I:/cubeclt/cube/STM32CubeCLT_1.16.0/GNU-tools-for-STM32/bin/../lib/gcc/arm-none-eabi/12.3.1/../../../../arm-none-eabi/lib/thumb/v6-m/nofp\libc_nano.a(libc_a-memset.o)
 .ARM.attributes
                0x000000a2       0x2c I:/cubeclt/cube/STM32CubeCLT_1.16.0/GNU-tools-for-STM32/bin/../lib/gcc/arm-none-eabi/12.3.1/../../../../arm-none-eabi/lib/thumb/v6-m/nofp\libc_nano.a(libc_a-reent.o)
 .ARM.attributes
                0x000000ce       0x2c I:/cubeclt/cube/STM32CubeCLT_1.16.0/GNU-tools-for-STM32/bin/../lib/gcc/arm-none-eabi/12.3.1/../../../../arm-none-eabi/lib/thumb/v6-m/nofp\libc_nano.a(libc_a-impure.o)
 .ARM.attributes
                0x000000fa       0x2c I:/cubeclt/cube/STM32CubeCLT_1.16.0/GNU-tools-for-STM32/bin/../lib/gcc/arm-none-eabi/12.3.1/../../../../arm-none-eabi/lib/thumb/v6-m/nofp\libc_nano.a(libc_a-init.o)
 .ARM.attributes
                0x00000126       0x2c I:/cubeclt/cube/STM32CubeCLT_1.16.0/GNU-tools-for-STM32/bin/../lib/gcc/arm-none-eabi/12.3.1/../../../../arm-none-eabi/lib/thumb/v6-m/nofp\libc_nano.a(libc_a-lock.o)
 .ARM.attributes
                0x00000152       0x2c I:/cubeclt/cube/STM32CubeCLT_1.16.0/GNU-tools-for-STM32/bin/../lib/gcc/arm-none-eabi/12.3.1/../../../../arm-none-eabi/lib/thumb/v6-m/nofp\libc_nano.a(libc_a-freer.o)
 .ARM.attributes
                0x0000017e       0x2c I:/cubeclt/cube/STM32CubeCLT_1.16.0/GNU-tools-for-STM32/bin/../lib/gcc/arm-none-eabi/12.3.1/../../../../arm-none-eabi/lib/thumb/v6-m/nofp\libc_nano.a(libc_a-mallocr.o)
 .ARM.attributes
                0x000001aa       0x2c I:/cubeclt/cube/STM32CubeCLT_1.16.0/GNU-tools-for-STM32/bin/../lib/gcc/arm-none-eabi/12.3.1/../../../../arm-none-eabi/lib/thumb/v6-m/nofp\libc_nano.a(libc_a-mlock.o)
 .ARM.attributes
                0x000001d6       0x2c I:/cubeclt/cube/STM32CubeCLT_1.16.0/GNU-tools-for-STM32/bin/../lib/gcc/arm-none-eabi/12.3.1/../../../../arm-none-eabi/lib/thumb/v6-m/nofp\libc_nano.a(libc_a-sbrkr.o)
 .ARM.attributes
                0x00000202       0x2c CMakeFiles/sunBoard.dir/Core/Src/main.c.obj
 .ARM.attributes
                0x0000022e       0x2c CMakeFiles/sunBoard.dir/Core/Src/gpio.c.obj
 .ARM.attributes
                0x0000025a       0x2c CMakeFiles/sunBoard.dir/Core/Src/dma.c.obj
 .ARM.attributes
                0x00000286       0x2c CMakeFiles/sunBoard.dir/Core/Src/i2c.c.obj
 .ARM.attributes
                0x000002b2       0x2c CMakeFiles/sunBoard.dir/Core/Src/tim.c.obj
 .ARM.attributes
                0x000002de       0x2c CMakeFiles/sunBoard.dir/Core/Src/usart.c.obj
 .ARM.attributes
                0x0000030a       0x2c CMakeFiles/sunBoard.dir/Core/Src/stm32g0xx_it.c.obj
 .ARM.attributes
                0x00000336       0x2c CMakeFiles/sunBoard.dir/Core/Src/stm32g0xx_hal_msp.c.obj
 .ARM.attributes
                0x00000362       0x2c CMakeFiles/sunBoard.dir/Drivers/STM32G0xx_HAL_Driver/Src/stm32g0xx_hal_i2c.c.obj
 .ARM.attributes
                0x0000038e       0x2c CMakeFiles/sunBoard.dir/Drivers/STM32G0xx_HAL_Driver/Src/stm32g0xx_hal_i2c_ex.c.obj
 .ARM.attributes
                0x000003ba       0x2c CMakeFiles/sunBoard.dir/Drivers/STM32G0xx_HAL_Driver/Src/stm32g0xx_hal_rcc.c.obj
 .ARM.attributes
                0x000003e6       0x2c CMakeFiles/sunBoard.dir/Drivers/STM32G0xx_HAL_Driver/Src/stm32g0xx_hal_rcc_ex.c.obj
 .ARM.attributes
                0x00000412       0x2c CMakeFiles/sunBoard.dir/Drivers/STM32G0xx_HAL_Driver/Src/stm32g0xx_hal_flash.c.obj
 .ARM.attributes
                0x0000043e       0x2c CMakeFiles/sunBoard.dir/Drivers/STM32G0xx_HAL_Driver/Src/stm32g0xx_hal_flash_ex.c.obj
 .ARM.attributes
                0x0000046a       0x2c CMakeFiles/sunBoard.dir/Drivers/STM32G0xx_HAL_Driver/Src/stm32g0xx_hal_gpio.c.obj
 .ARM.attributes
                0x00000496       0x2c CMakeFiles/sunBoard.dir/Drivers/STM32G0xx_HAL_Driver/Src/stm32g0xx_hal_dma.c.obj
 .ARM.attributes
                0x000004c2       0x2c CMakeFiles/sunBoard.dir/Drivers/STM32G0xx_HAL_Driver/Src/stm32g0xx_hal_pwr_ex.c.obj
 .ARM.attributes
                0x000004ee       0x2c CMakeFiles/sunBoard.dir/Drivers/STM32G0xx_HAL_Driver/Src/stm32g0xx_hal_cortex.c.obj
 .ARM.attributes
                0x0000051a       0x2c CMakeFiles/sunBoard.dir/Drivers/STM32G0xx_HAL_Driver/Src/stm32g0xx_hal.c.obj
 .ARM.attributes
                0x00000546       0x2c CMakeFiles/sunBoard.dir/Drivers/STM32G0xx_HAL_Driver/Src/stm32g0xx_hal_tim.c.obj
 .ARM.attributes
                0x00000572       0x2c CMakeFiles/sunBoard.dir/Drivers/STM32G0xx_HAL_Driver/Src/stm32g0xx_hal_tim_ex.c.obj
 .ARM.attributes
                0x0000059e       0x2c CMakeFiles/sunBoard.dir/Drivers/STM32G0xx_HAL_Driver/Src/stm32g0xx_hal_uart.c.obj
 .ARM.attributes
                0x000005ca       0x2c CMakeFiles/sunBoard.dir/Core/Src/system_stm32g0xx.c.obj
 .ARM.attributes
                0x000005f6       0x2c CMakeFiles/sunBoard.dir/Core/Src/sysmem.c.obj
 .ARM.attributes
                0x00000622       0x22 CMakeFiles/sunBoard.dir/startup_stm32g030xx.s.obj
 .ARM.attributes
                0x00000644       0x2c CMakeFiles/sunBoard.dir/User/src/PCF8563.c.obj
 .ARM.attributes
                0x00000670       0x2c CMakeFiles/sunBoard.dir/User/src/TM1650.c.obj
 .ARM.attributes
                0x0000069c       0x2c CMakeFiles/sunBoard.dir/User/src/key.c.obj
 .ARM.attributes
                0x000006c8       0x2c CMakeFiles/sunBoard.dir/User/src/motor.c.obj
 .ARM.attributes
                0x000006f4       0x2c CMakeFiles/sunBoard.dir/User/src/myFlash.c.obj
 .ARM.attributes
                0x00000720       0x1e I:/cubeclt/cube/STM32CubeCLT_1.16.0/GNU-tools-for-STM32/bin/../lib/gcc/arm-none-eabi/12.3.1/thumb/v6-m/nofp\libgcc.a(_udivsi3.o)
 .ARM.attributes
                0x0000073e       0x1e I:/cubeclt/cube/STM32CubeCLT_1.16.0/GNU-tools-for-STM32/bin/../lib/gcc/arm-none-eabi/12.3.1/thumb/v6-m/nofp\libgcc.a(_dvmd_tls.o)
 .ARM.attributes
                0x0000075c       0x2c I:/cubeclt/cube/STM32CubeCLT_1.16.0/GNU-tools-for-STM32/bin/../lib/gcc/arm-none-eabi/12.3.1/../../../../arm-none-eabi/lib/thumb/v6-m/nofp\libg_nano.a(libc_a-sprintf.o)
 .ARM.attributes
                0x00000788       0x2c I:/cubeclt/cube/STM32CubeCLT_1.16.0/GNU-tools-for-STM32/bin/../lib/gcc/arm-none-eabi/12.3.1/../../../../arm-none-eabi/lib/thumb/v6-m/nofp\libg_nano.a(libc_a-errno.o)
 .ARM.attributes
                0x000007b4       0x2c I:/cubeclt/cube/STM32CubeCLT_1.16.0/GNU-tools-for-STM32/bin/../lib/gcc/arm-none-eabi/12.3.1/../../../../arm-none-eabi/lib/thumb/v6-m/nofp\libg_nano.a(libc_a-nano-svfprintf.o)
 .ARM.attributes
                0x000007e0       0x2c I:/cubeclt/cube/STM32CubeCLT_1.16.0/GNU-tools-for-STM32/bin/../lib/gcc/arm-none-eabi/12.3.1/../../../../arm-none-eabi/lib/thumb/v6-m/nofp\libg_nano.a(libc_a-nano-vfprintf_i.o)
 .ARM.attributes
                0x0000080c       0x2c I:/cubeclt/cube/STM32CubeCLT_1.16.0/GNU-tools-for-STM32/bin/../lib/gcc/arm-none-eabi/12.3.1/../../../../arm-none-eabi/lib/thumb/v6-m/nofp\libg_nano.a(libc_a-memmove.o)
 .ARM.attributes
                0x00000838       0x2c I:/cubeclt/cube/STM32CubeCLT_1.16.0/GNU-tools-for-STM32/bin/../lib/gcc/arm-none-eabi/12.3.1/../../../../arm-none-eabi/lib/thumb/v6-m/nofp\libg_nano.a(libc_a-memchr-stub.o)
 .ARM.attributes
                0x00000864       0x2c I:/cubeclt/cube/STM32CubeCLT_1.16.0/GNU-tools-for-STM32/bin/../lib/gcc/arm-none-eabi/12.3.1/../../../../arm-none-eabi/lib/thumb/v6-m/nofp\libg_nano.a(libc_a-memcpy-stub.o)
 .ARM.attributes
                0x00000890       0x2c I:/cubeclt/cube/STM32CubeCLT_1.16.0/GNU-tools-for-STM32/bin/../lib/gcc/arm-none-eabi/12.3.1/../../../../arm-none-eabi/lib/thumb/v6-m/nofp\libg_nano.a(libc_a-reallocr.o)
 .ARM.attributes
                0x000008bc       0x2c I:/cubeclt/cube/STM32CubeCLT_1.16.0/GNU-tools-for-STM32/bin/../lib/gcc/arm-none-eabi/12.3.1/../../../../arm-none-eabi/lib/thumb/v6-m/nofp\libg_nano.a(libc_a-msizer.o)
 .ARM.attributes
                0x000008e8       0x1e I:/cubeclt/cube/STM32CubeCLT_1.16.0/GNU-tools-for-STM32/bin/../lib/gcc/arm-none-eabi/12.3.1/thumb/v6-m/nofp\libgcc.a(_thumb1_case_shi.o)
 .ARM.attributes
                0x00000906       0x1e I:/cubeclt/cube/STM32CubeCLT_1.16.0/GNU-tools-for-STM32/bin/../lib/gcc/arm-none-eabi/12.3.1/thumb/v6-m/nofp/crtn.o
OUTPUT(sunBoard.elf elf32-littlearm)
LOAD linker stubs
LOAD I:/cubeclt/cube/STM32CubeCLT_1.16.0/GNU-tools-for-STM32/bin/../lib/gcc/arm-none-eabi/12.3.1/../../../../arm-none-eabi/lib/thumb/v6-m/nofp\libc.a
LOAD I:/cubeclt/cube/STM32CubeCLT_1.16.0/GNU-tools-for-STM32/bin/../lib/gcc/arm-none-eabi/12.3.1/../../../../arm-none-eabi/lib/thumb/v6-m/nofp\libm.a
LOAD I:/cubeclt/cube/STM32CubeCLT_1.16.0/GNU-tools-for-STM32/bin/../lib/gcc/arm-none-eabi/12.3.1/thumb/v6-m/nofp\libgcc.a

.debug_frame    0x00000000     0x4be4
 .debug_frame   0x00000000      0x138 I:/cubeclt/cube/STM32CubeCLT_1.16.0/GNU-tools-for-STM32/bin/../lib/gcc/arm-none-eabi/12.3.1/../../../../arm-none-eabi/lib/thumb/v6-m/nofp\libc_nano.a(libc_a-findfp.o)
 .debug_frame   0x00000138       0x20 I:/cubeclt/cube/STM32CubeCLT_1.16.0/GNU-tools-for-STM32/bin/../lib/gcc/arm-none-eabi/12.3.1/../../../../arm-none-eabi/lib/thumb/v6-m/nofp\libc_nano.a(libc_a-memset.o)
 .debug_frame   0x00000158       0x2c I:/cubeclt/cube/STM32CubeCLT_1.16.0/GNU-tools-for-STM32/bin/../lib/gcc/arm-none-eabi/12.3.1/../../../../arm-none-eabi/lib/thumb/v6-m/nofp\libc_nano.a(libc_a-reent.o)
 .debug_frame   0x00000184       0x2c I:/cubeclt/cube/STM32CubeCLT_1.16.0/GNU-tools-for-STM32/bin/../lib/gcc/arm-none-eabi/12.3.1/../../../../arm-none-eabi/lib/thumb/v6-m/nofp\libc_nano.a(libc_a-init.o)
 .debug_frame   0x000001b0       0xb0 I:/cubeclt/cube/STM32CubeCLT_1.16.0/GNU-tools-for-STM32/bin/../lib/gcc/arm-none-eabi/12.3.1/../../../../arm-none-eabi/lib/thumb/v6-m/nofp\libc_nano.a(libc_a-lock.o)
 .debug_frame   0x00000260       0x2c I:/cubeclt/cube/STM32CubeCLT_1.16.0/GNU-tools-for-STM32/bin/../lib/gcc/arm-none-eabi/12.3.1/../../../../arm-none-eabi/lib/thumb/v6-m/nofp\libc_nano.a(libc_a-freer.o)
 .debug_frame   0x0000028c       0x50 I:/cubeclt/cube/STM32CubeCLT_1.16.0/GNU-tools-for-STM32/bin/../lib/gcc/arm-none-eabi/12.3.1/../../../../arm-none-eabi/lib/thumb/v6-m/nofp\libc_nano.a(libc_a-mallocr.o)
 .debug_frame   0x000002dc       0x40 I:/cubeclt/cube/STM32CubeCLT_1.16.0/GNU-tools-for-STM32/bin/../lib/gcc/arm-none-eabi/12.3.1/../../../../arm-none-eabi/lib/thumb/v6-m/nofp\libc_nano.a(libc_a-mlock.o)
 .debug_frame   0x0000031c       0x2c I:/cubeclt/cube/STM32CubeCLT_1.16.0/GNU-tools-for-STM32/bin/../lib/gcc/arm-none-eabi/12.3.1/../../../../arm-none-eabi/lib/thumb/v6-m/nofp\libc_nano.a(libc_a-sbrkr.o)
 .debug_frame   0x00000348       0x70 CMakeFiles/sunBoard.dir/Core/Src/main.c.obj
 .debug_frame   0x000003b8       0x30 CMakeFiles/sunBoard.dir/Core/Src/gpio.c.obj
 .debug_frame   0x000003e8       0x30 CMakeFiles/sunBoard.dir/Core/Src/dma.c.obj
 .debug_frame   0x00000418       0x88 CMakeFiles/sunBoard.dir/Core/Src/i2c.c.obj
 .debug_frame   0x000004a0      0x104 CMakeFiles/sunBoard.dir/Core/Src/tim.c.obj
 .debug_frame   0x000005a4       0xac CMakeFiles/sunBoard.dir/Core/Src/usart.c.obj
 .debug_frame   0x00000650      0x160 CMakeFiles/sunBoard.dir/Core/Src/stm32g0xx_it.c.obj
 .debug_frame   0x000007b0       0x30 CMakeFiles/sunBoard.dir/Core/Src/stm32g0xx_hal_msp.c.obj
 .debug_frame   0x000007e0      0xa68 CMakeFiles/sunBoard.dir/Drivers/STM32G0xx_HAL_Driver/Src/stm32g0xx_hal_i2c.c.obj
 .debug_frame   0x00001248       0xd0 CMakeFiles/sunBoard.dir/Drivers/STM32G0xx_HAL_Driver/Src/stm32g0xx_hal_i2c_ex.c.obj
 .debug_frame   0x00001318      0x214 CMakeFiles/sunBoard.dir/Drivers/STM32G0xx_HAL_Driver/Src/stm32g0xx_hal_rcc.c.obj
 .debug_frame   0x0000152c       0xb0 CMakeFiles/sunBoard.dir/Drivers/STM32G0xx_HAL_Driver/Src/stm32g0xx_hal_rcc_ex.c.obj
 .debug_frame   0x000015dc      0x1d4 CMakeFiles/sunBoard.dir/Drivers/STM32G0xx_HAL_Driver/Src/stm32g0xx_hal_flash.c.obj
 .debug_frame   0x000017b0      0x1d4 CMakeFiles/sunBoard.dir/Drivers/STM32G0xx_HAL_Driver/Src/stm32g0xx_hal_flash_ex.c.obj
 .debug_frame   0x00001984      0x130 CMakeFiles/sunBoard.dir/Drivers/STM32G0xx_HAL_Driver/Src/stm32g0xx_hal_gpio.c.obj
 .debug_frame   0x00001ab4      0x1f0 CMakeFiles/sunBoard.dir/Drivers/STM32G0xx_HAL_Driver/Src/stm32g0xx_hal_dma.c.obj
 .debug_frame   0x00001ca4      0x1f4 CMakeFiles/sunBoard.dir/Drivers/STM32G0xx_HAL_Driver/Src/stm32g0xx_hal_pwr_ex.c.obj
 .debug_frame   0x00001e98      0x33c CMakeFiles/sunBoard.dir/Drivers/STM32G0xx_HAL_Driver/Src/stm32g0xx_hal_cortex.c.obj
 .debug_frame   0x000021d4      0x360 CMakeFiles/sunBoard.dir/Drivers/STM32G0xx_HAL_Driver/Src/stm32g0xx_hal.c.obj
 .debug_frame   0x00002534      0xf40 CMakeFiles/sunBoard.dir/Drivers/STM32G0xx_HAL_Driver/Src/stm32g0xx_hal_tim.c.obj
 .debug_frame   0x00003474      0x620 CMakeFiles/sunBoard.dir/Drivers/STM32G0xx_HAL_Driver/Src/stm32g0xx_hal_tim_ex.c.obj
 .debug_frame   0x00003a94      0x8d4 CMakeFiles/sunBoard.dir/Drivers/STM32G0xx_HAL_Driver/Src/stm32g0xx_hal_uart.c.obj
 .debug_frame   0x00004368       0x4c CMakeFiles/sunBoard.dir/Core/Src/system_stm32g0xx.c.obj
 .debug_frame   0x000043b4       0x30 CMakeFiles/sunBoard.dir/Core/Src/sysmem.c.obj
 .debug_frame   0x000043e4      0x128 CMakeFiles/sunBoard.dir/User/src/PCF8563.c.obj
 .debug_frame   0x0000450c      0x170 CMakeFiles/sunBoard.dir/User/src/TM1650.c.obj
 .debug_frame   0x0000467c      0x154 CMakeFiles/sunBoard.dir/User/src/key.c.obj
 .debug_frame   0x000047d0      0x170 CMakeFiles/sunBoard.dir/User/src/motor.c.obj
 .debug_frame   0x00004940       0x90 CMakeFiles/sunBoard.dir/User/src/myFlash.c.obj
 .debug_frame   0x000049d0       0x20 I:/cubeclt/cube/STM32CubeCLT_1.16.0/GNU-tools-for-STM32/bin/../lib/gcc/arm-none-eabi/12.3.1/thumb/v6-m/nofp\libgcc.a(_udivsi3.o)
 .debug_frame   0x000049f0       0x48 I:/cubeclt/cube/STM32CubeCLT_1.16.0/GNU-tools-for-STM32/bin/../lib/gcc/arm-none-eabi/12.3.1/../../../../arm-none-eabi/lib/thumb/v6-m/nofp\libg_nano.a(libc_a-sprintf.o)
 .debug_frame   0x00004a38       0x20 I:/cubeclt/cube/STM32CubeCLT_1.16.0/GNU-tools-for-STM32/bin/../lib/gcc/arm-none-eabi/12.3.1/../../../../arm-none-eabi/lib/thumb/v6-m/nofp\libg_nano.a(libc_a-errno.o)
 .debug_frame   0x00004a58       0x74 I:/cubeclt/cube/STM32CubeCLT_1.16.0/GNU-tools-for-STM32/bin/../lib/gcc/arm-none-eabi/12.3.1/../../../../arm-none-eabi/lib/thumb/v6-m/nofp\libg_nano.a(libc_a-nano-svfprintf.o)
 .debug_frame   0x00004acc       0x54 I:/cubeclt/cube/STM32CubeCLT_1.16.0/GNU-tools-for-STM32/bin/../lib/gcc/arm-none-eabi/12.3.1/../../../../arm-none-eabi/lib/thumb/v6-m/nofp\libg_nano.a(libc_a-nano-vfprintf_i.o)
 .debug_frame   0x00004b20       0x28 I:/cubeclt/cube/STM32CubeCLT_1.16.0/GNU-tools-for-STM32/bin/../lib/gcc/arm-none-eabi/12.3.1/../../../../arm-none-eabi/lib/thumb/v6-m/nofp\libg_nano.a(libc_a-memmove.o)
 .debug_frame   0x00004b48       0x20 I:/cubeclt/cube/STM32CubeCLT_1.16.0/GNU-tools-for-STM32/bin/../lib/gcc/arm-none-eabi/12.3.1/../../../../arm-none-eabi/lib/thumb/v6-m/nofp\libg_nano.a(libc_a-memchr-stub.o)
 .debug_frame   0x00004b68       0x28 I:/cubeclt/cube/STM32CubeCLT_1.16.0/GNU-tools-for-STM32/bin/../lib/gcc/arm-none-eabi/12.3.1/../../../../arm-none-eabi/lib/thumb/v6-m/nofp\libg_nano.a(libc_a-memcpy-stub.o)
 .debug_frame   0x00004b90       0x34 I:/cubeclt/cube/STM32CubeCLT_1.16.0/GNU-tools-for-STM32/bin/../lib/gcc/arm-none-eabi/12.3.1/../../../../arm-none-eabi/lib/thumb/v6-m/nofp\libg_nano.a(libc_a-reallocr.o)
 .debug_frame   0x00004bc4       0x20 I:/cubeclt/cube/STM32CubeCLT_1.16.0/GNU-tools-for-STM32/bin/../lib/gcc/arm-none-eabi/12.3.1/../../../../arm-none-eabi/lib/thumb/v6-m/nofp\libg_nano.a(libc_a-msizer.o)

.debug_info     0x00000000    0x1d6b1
 .debug_info    0x00000000     0x15fa CMakeFiles/sunBoard.dir/Core/Src/main.c.obj
 .debug_info    0x000015fa      0x3e1 CMakeFiles/sunBoard.dir/Core/Src/gpio.c.obj
 .debug_info    0x000019db      0x33c CMakeFiles/sunBoard.dir/Core/Src/dma.c.obj
 .debug_info    0x00001d17      0xb3c CMakeFiles/sunBoard.dir/Core/Src/i2c.c.obj
 .debug_info    0x00002853     0x13ea CMakeFiles/sunBoard.dir/Core/Src/tim.c.obj
 .debug_info    0x00003c3d      0xd0c CMakeFiles/sunBoard.dir/Core/Src/usart.c.obj
 .debug_info    0x00004949      0x889 CMakeFiles/sunBoard.dir/Core/Src/stm32g0xx_it.c.obj
 .debug_info    0x000051d2      0x26c CMakeFiles/sunBoard.dir/Core/Src/stm32g0xx_hal_msp.c.obj
 .debug_info    0x0000543e     0x21bc CMakeFiles/sunBoard.dir/Drivers/STM32G0xx_HAL_Driver/Src/stm32g0xx_hal_i2c.c.obj
 .debug_info    0x000075fa      0x9d9 CMakeFiles/sunBoard.dir/Drivers/STM32G0xx_HAL_Driver/Src/stm32g0xx_hal_i2c_ex.c.obj
 .debug_info    0x00007fd3      0xad0 CMakeFiles/sunBoard.dir/Drivers/STM32G0xx_HAL_Driver/Src/stm32g0xx_hal_rcc.c.obj
 .debug_info    0x00008aa3      0x72b CMakeFiles/sunBoard.dir/Drivers/STM32G0xx_HAL_Driver/Src/stm32g0xx_hal_rcc_ex.c.obj
 .debug_info    0x000091ce      0x63e CMakeFiles/sunBoard.dir/Drivers/STM32G0xx_HAL_Driver/Src/stm32g0xx_hal_flash.c.obj
 .debug_info    0x0000980c      0x633 CMakeFiles/sunBoard.dir/Drivers/STM32G0xx_HAL_Driver/Src/stm32g0xx_hal_flash_ex.c.obj
 .debug_info    0x00009e3f      0x59d CMakeFiles/sunBoard.dir/Drivers/STM32G0xx_HAL_Driver/Src/stm32g0xx_hal_gpio.c.obj
 .debug_info    0x0000a3dc      0x86b CMakeFiles/sunBoard.dir/Drivers/STM32G0xx_HAL_Driver/Src/stm32g0xx_hal_dma.c.obj
 .debug_info    0x0000ac47      0x496 CMakeFiles/sunBoard.dir/Drivers/STM32G0xx_HAL_Driver/Src/stm32g0xx_hal_pwr_ex.c.obj
 .debug_info    0x0000b0dd      0x8a9 CMakeFiles/sunBoard.dir/Drivers/STM32G0xx_HAL_Driver/Src/stm32g0xx_hal_cortex.c.obj
 .debug_info    0x0000b986      0x8f0 CMakeFiles/sunBoard.dir/Drivers/STM32G0xx_HAL_Driver/Src/stm32g0xx_hal.c.obj
 .debug_info    0x0000c276     0x2ba7 CMakeFiles/sunBoard.dir/Drivers/STM32G0xx_HAL_Driver/Src/stm32g0xx_hal_tim.c.obj
 .debug_info    0x0000ee1d     0x18b8 CMakeFiles/sunBoard.dir/Drivers/STM32G0xx_HAL_Driver/Src/stm32g0xx_hal_tim_ex.c.obj
 .debug_info    0x000106d5     0x483c CMakeFiles/sunBoard.dir/Drivers/STM32G0xx_HAL_Driver/Src/stm32g0xx_hal_uart.c.obj
 .debug_info    0x00014f11      0x316 CMakeFiles/sunBoard.dir/Core/Src/system_stm32g0xx.c.obj
 .debug_info    0x00015227      0x168 CMakeFiles/sunBoard.dir/Core/Src/sysmem.c.obj
 .debug_info    0x0001538f       0x30 CMakeFiles/sunBoard.dir/startup_stm32g030xx.s.obj
 .debug_info    0x000153bf      0xfbf CMakeFiles/sunBoard.dir/User/src/PCF8563.c.obj
 .debug_info    0x0001637e      0xf42 CMakeFiles/sunBoard.dir/User/src/TM1650.c.obj
 .debug_info    0x000172c0     0x11da CMakeFiles/sunBoard.dir/User/src/key.c.obj
 .debug_info    0x0001849a      0xd1c CMakeFiles/sunBoard.dir/User/src/motor.c.obj
 .debug_info    0x000191b6      0x323 CMakeFiles/sunBoard.dir/User/src/myFlash.c.obj
 .debug_info    0x000194d9      0x87f I:/cubeclt/cube/STM32CubeCLT_1.16.0/GNU-tools-for-STM32/bin/../lib/gcc/arm-none-eabi/12.3.1/../../../../arm-none-eabi/lib/thumb/v6-m/nofp\libg_nano.a(libc_a-sprintf.o)
 .debug_info    0x00019d58      0x6fb I:/cubeclt/cube/STM32CubeCLT_1.16.0/GNU-tools-for-STM32/bin/../lib/gcc/arm-none-eabi/12.3.1/../../../../arm-none-eabi/lib/thumb/v6-m/nofp\libg_nano.a(libc_a-errno.o)
 .debug_info    0x0001a453     0x10e0 I:/cubeclt/cube/STM32CubeCLT_1.16.0/GNU-tools-for-STM32/bin/../lib/gcc/arm-none-eabi/12.3.1/../../../../arm-none-eabi/lib/thumb/v6-m/nofp\libg_nano.a(libc_a-nano-svfprintf.o)
 .debug_info    0x0001b533      0xe0a I:/cubeclt/cube/STM32CubeCLT_1.16.0/GNU-tools-for-STM32/bin/../lib/gcc/arm-none-eabi/12.3.1/../../../../arm-none-eabi/lib/thumb/v6-m/nofp\libg_nano.a(libc_a-nano-vfprintf_i.o)
 .debug_info    0x0001c33d      0x109 I:/cubeclt/cube/STM32CubeCLT_1.16.0/GNU-tools-for-STM32/bin/../lib/gcc/arm-none-eabi/12.3.1/../../../../arm-none-eabi/lib/thumb/v6-m/nofp\libg_nano.a(libc_a-memmove.o)
 .debug_info    0x0001c446      0x110 I:/cubeclt/cube/STM32CubeCLT_1.16.0/GNU-tools-for-STM32/bin/../lib/gcc/arm-none-eabi/12.3.1/../../../../arm-none-eabi/lib/thumb/v6-m/nofp\libg_nano.a(libc_a-memchr-stub.o)
 .debug_info    0x0001c556      0x11b I:/cubeclt/cube/STM32CubeCLT_1.16.0/GNU-tools-for-STM32/bin/../lib/gcc/arm-none-eabi/12.3.1/../../../../arm-none-eabi/lib/thumb/v6-m/nofp\libg_nano.a(libc_a-memcpy-stub.o)
 .debug_info    0x0001c671      0x8ac I:/cubeclt/cube/STM32CubeCLT_1.16.0/GNU-tools-for-STM32/bin/../lib/gcc/arm-none-eabi/12.3.1/../../../../arm-none-eabi/lib/thumb/v6-m/nofp\libg_nano.a(libc_a-reallocr.o)
 .debug_info    0x0001cf1d      0x794 I:/cubeclt/cube/STM32CubeCLT_1.16.0/GNU-tools-for-STM32/bin/../lib/gcc/arm-none-eabi/12.3.1/../../../../arm-none-eabi/lib/thumb/v6-m/nofp\libg_nano.a(libc_a-msizer.o)

.debug_abbrev   0x00000000     0x4c62
 .debug_abbrev  0x00000000      0x256 CMakeFiles/sunBoard.dir/Core/Src/main.c.obj
 .debug_abbrev  0x00000256      0x158 CMakeFiles/sunBoard.dir/Core/Src/gpio.c.obj
 .debug_abbrev  0x000003ae      0x115 CMakeFiles/sunBoard.dir/Core/Src/dma.c.obj
 .debug_abbrev  0x000004c3      0x222 CMakeFiles/sunBoard.dir/Core/Src/i2c.c.obj
 .debug_abbrev  0x000006e5      0x277 CMakeFiles/sunBoard.dir/Core/Src/tim.c.obj
 .debug_abbrev  0x0000095c      0x270 CMakeFiles/sunBoard.dir/Core/Src/usart.c.obj
 .debug_abbrev  0x00000bcc      0x1bf CMakeFiles/sunBoard.dir/Core/Src/stm32g0xx_it.c.obj
 .debug_abbrev  0x00000d8b       0xdd CMakeFiles/sunBoard.dir/Core/Src/stm32g0xx_hal_msp.c.obj
 .debug_abbrev  0x00000e68      0x291 CMakeFiles/sunBoard.dir/Drivers/STM32G0xx_HAL_Driver/Src/stm32g0xx_hal_i2c.c.obj
 .debug_abbrev  0x000010f9      0x1ea CMakeFiles/sunBoard.dir/Drivers/STM32G0xx_HAL_Driver/Src/stm32g0xx_hal_i2c_ex.c.obj
 .debug_abbrev  0x000012e3      0x2a9 CMakeFiles/sunBoard.dir/Drivers/STM32G0xx_HAL_Driver/Src/stm32g0xx_hal_rcc.c.obj
 .debug_abbrev  0x0000158c      0x229 CMakeFiles/sunBoard.dir/Drivers/STM32G0xx_HAL_Driver/Src/stm32g0xx_hal_rcc_ex.c.obj
 .debug_abbrev  0x000017b5      0x2f8 CMakeFiles/sunBoard.dir/Drivers/STM32G0xx_HAL_Driver/Src/stm32g0xx_hal_flash.c.obj
 .debug_abbrev  0x00001aad      0x25f CMakeFiles/sunBoard.dir/Drivers/STM32G0xx_HAL_Driver/Src/stm32g0xx_hal_flash_ex.c.obj
 .debug_abbrev  0x00001d0c      0x1c3 CMakeFiles/sunBoard.dir/Drivers/STM32G0xx_HAL_Driver/Src/stm32g0xx_hal_gpio.c.obj
 .debug_abbrev  0x00001ecf      0x1e1 CMakeFiles/sunBoard.dir/Drivers/STM32G0xx_HAL_Driver/Src/stm32g0xx_hal_dma.c.obj
 .debug_abbrev  0x000020b0      0x1d7 CMakeFiles/sunBoard.dir/Drivers/STM32G0xx_HAL_Driver/Src/stm32g0xx_hal_pwr_ex.c.obj
 .debug_abbrev  0x00002287      0x2ab CMakeFiles/sunBoard.dir/Drivers/STM32G0xx_HAL_Driver/Src/stm32g0xx_hal_cortex.c.obj
 .debug_abbrev  0x00002532      0x2b4 CMakeFiles/sunBoard.dir/Drivers/STM32G0xx_HAL_Driver/Src/stm32g0xx_hal.c.obj
 .debug_abbrev  0x000027e6      0x29b CMakeFiles/sunBoard.dir/Drivers/STM32G0xx_HAL_Driver/Src/stm32g0xx_hal_tim.c.obj
 .debug_abbrev  0x00002a81      0x2ab CMakeFiles/sunBoard.dir/Drivers/STM32G0xx_HAL_Driver/Src/stm32g0xx_hal_tim_ex.c.obj
 .debug_abbrev  0x00002d2c      0x326 CMakeFiles/sunBoard.dir/Drivers/STM32G0xx_HAL_Driver/Src/stm32g0xx_hal_uart.c.obj
 .debug_abbrev  0x00003052      0x119 CMakeFiles/sunBoard.dir/Core/Src/system_stm32g0xx.c.obj
 .debug_abbrev  0x0000316b       0xbc CMakeFiles/sunBoard.dir/Core/Src/sysmem.c.obj
 .debug_abbrev  0x00003227       0x24 CMakeFiles/sunBoard.dir/startup_stm32g030xx.s.obj
 .debug_abbrev  0x0000324b      0x234 CMakeFiles/sunBoard.dir/User/src/PCF8563.c.obj
 .debug_abbrev  0x0000347f      0x235 CMakeFiles/sunBoard.dir/User/src/TM1650.c.obj
 .debug_abbrev  0x000036b4      0x2c6 CMakeFiles/sunBoard.dir/User/src/key.c.obj
 .debug_abbrev  0x0000397a      0x260 CMakeFiles/sunBoard.dir/User/src/motor.c.obj
 .debug_abbrev  0x00003bda      0x194 CMakeFiles/sunBoard.dir/User/src/myFlash.c.obj
 .debug_abbrev  0x00003d6e      0x21c I:/cubeclt/cube/STM32CubeCLT_1.16.0/GNU-tools-for-STM32/bin/../lib/gcc/arm-none-eabi/12.3.1/../../../../arm-none-eabi/lib/thumb/v6-m/nofp\libg_nano.a(libc_a-sprintf.o)
 .debug_abbrev  0x00003f8a      0x15e I:/cubeclt/cube/STM32CubeCLT_1.16.0/GNU-tools-for-STM32/bin/../lib/gcc/arm-none-eabi/12.3.1/../../../../arm-none-eabi/lib/thumb/v6-m/nofp\libg_nano.a(libc_a-errno.o)
 .debug_abbrev  0x000040e8      0x31e I:/cubeclt/cube/STM32CubeCLT_1.16.0/GNU-tools-for-STM32/bin/../lib/gcc/arm-none-eabi/12.3.1/../../../../arm-none-eabi/lib/thumb/v6-m/nofp\libg_nano.a(libc_a-nano-svfprintf.o)
 .debug_abbrev  0x00004406      0x29f I:/cubeclt/cube/STM32CubeCLT_1.16.0/GNU-tools-for-STM32/bin/../lib/gcc/arm-none-eabi/12.3.1/../../../../arm-none-eabi/lib/thumb/v6-m/nofp\libg_nano.a(libc_a-nano-vfprintf_i.o)
 .debug_abbrev  0x000046a5       0xac I:/cubeclt/cube/STM32CubeCLT_1.16.0/GNU-tools-for-STM32/bin/../lib/gcc/arm-none-eabi/12.3.1/../../../../arm-none-eabi/lib/thumb/v6-m/nofp\libg_nano.a(libc_a-memmove.o)
 .debug_abbrev  0x00004751       0xb1 I:/cubeclt/cube/STM32CubeCLT_1.16.0/GNU-tools-for-STM32/bin/../lib/gcc/arm-none-eabi/12.3.1/../../../../arm-none-eabi/lib/thumb/v6-m/nofp\libg_nano.a(libc_a-memchr-stub.o)
 .debug_abbrev  0x00004802       0xc1 I:/cubeclt/cube/STM32CubeCLT_1.16.0/GNU-tools-for-STM32/bin/../lib/gcc/arm-none-eabi/12.3.1/../../../../arm-none-eabi/lib/thumb/v6-m/nofp\libg_nano.a(libc_a-memcpy-stub.o)
 .debug_abbrev  0x000048c3      0x209 I:/cubeclt/cube/STM32CubeCLT_1.16.0/GNU-tools-for-STM32/bin/../lib/gcc/arm-none-eabi/12.3.1/../../../../arm-none-eabi/lib/thumb/v6-m/nofp\libg_nano.a(libc_a-reallocr.o)
 .debug_abbrev  0x00004acc      0x196 I:/cubeclt/cube/STM32CubeCLT_1.16.0/GNU-tools-for-STM32/bin/../lib/gcc/arm-none-eabi/12.3.1/../../../../arm-none-eabi/lib/thumb/v6-m/nofp\libg_nano.a(libc_a-msizer.o)

.debug_aranges  0x00000000     0x1568
 .debug_aranges
                0x00000000       0x30 CMakeFiles/sunBoard.dir/Core/Src/main.c.obj
 .debug_aranges
                0x00000030       0x20 CMakeFiles/sunBoard.dir/Core/Src/gpio.c.obj
 .debug_aranges
                0x00000050       0x20 CMakeFiles/sunBoard.dir/Core/Src/dma.c.obj
 .debug_aranges
                0x00000070       0x38 CMakeFiles/sunBoard.dir/Core/Src/i2c.c.obj
 .debug_aranges
                0x000000a8       0x58 CMakeFiles/sunBoard.dir/Core/Src/tim.c.obj
 .debug_aranges
                0x00000100       0x40 CMakeFiles/sunBoard.dir/Core/Src/usart.c.obj
 .debug_aranges
                0x00000140       0x78 CMakeFiles/sunBoard.dir/Core/Src/stm32g0xx_it.c.obj
 .debug_aranges
                0x000001b8       0x20 CMakeFiles/sunBoard.dir/Core/Src/stm32g0xx_hal_msp.c.obj
 .debug_aranges
                0x000001d8      0x2a0 CMakeFiles/sunBoard.dir/Drivers/STM32G0xx_HAL_Driver/Src/stm32g0xx_hal_i2c.c.obj
 .debug_aranges
                0x00000478       0x48 CMakeFiles/sunBoard.dir/Drivers/STM32G0xx_HAL_Driver/Src/stm32g0xx_hal_i2c_ex.c.obj
 .debug_aranges
                0x000004c0       0xa0 CMakeFiles/sunBoard.dir/Drivers/STM32G0xx_HAL_Driver/Src/stm32g0xx_hal_rcc.c.obj
 .debug_aranges
                0x00000560       0x40 CMakeFiles/sunBoard.dir/Drivers/STM32G0xx_HAL_Driver/Src/stm32g0xx_hal_rcc_ex.c.obj
 .debug_aranges
                0x000005a0       0x88 CMakeFiles/sunBoard.dir/Drivers/STM32G0xx_HAL_Driver/Src/stm32g0xx_hal_flash.c.obj
 .debug_aranges
                0x00000628       0x88 CMakeFiles/sunBoard.dir/Drivers/STM32G0xx_HAL_Driver/Src/stm32g0xx_hal_flash_ex.c.obj
 .debug_aranges
                0x000006b0       0x60 CMakeFiles/sunBoard.dir/Drivers/STM32G0xx_HAL_Driver/Src/stm32g0xx_hal_gpio.c.obj
 .debug_aranges
                0x00000710       0x90 CMakeFiles/sunBoard.dir/Drivers/STM32G0xx_HAL_Driver/Src/stm32g0xx_hal_dma.c.obj
 .debug_aranges
                0x000007a0       0x98 CMakeFiles/sunBoard.dir/Drivers/STM32G0xx_HAL_Driver/Src/stm32g0xx_hal_pwr_ex.c.obj
 .debug_aranges
                0x00000838       0xe8 CMakeFiles/sunBoard.dir/Drivers/STM32G0xx_HAL_Driver/Src/stm32g0xx_hal_cortex.c.obj
 .debug_aranges
                0x00000920      0x100 CMakeFiles/sunBoard.dir/Drivers/STM32G0xx_HAL_Driver/Src/stm32g0xx_hal.c.obj
 .debug_aranges
                0x00000a20      0x3e0 CMakeFiles/sunBoard.dir/Drivers/STM32G0xx_HAL_Driver/Src/stm32g0xx_hal_tim.c.obj
 .debug_aranges
                0x00000e00      0x198 CMakeFiles/sunBoard.dir/Drivers/STM32G0xx_HAL_Driver/Src/stm32g0xx_hal_tim_ex.c.obj
 .debug_aranges
                0x00000f98      0x248 CMakeFiles/sunBoard.dir/Drivers/STM32G0xx_HAL_Driver/Src/stm32g0xx_hal_uart.c.obj
 .debug_aranges
                0x000011e0       0x28 CMakeFiles/sunBoard.dir/Core/Src/system_stm32g0xx.c.obj
 .debug_aranges
                0x00001208       0x20 CMakeFiles/sunBoard.dir/Core/Src/sysmem.c.obj
 .debug_aranges
                0x00001228       0x28 CMakeFiles/sunBoard.dir/startup_stm32g030xx.s.obj
 .debug_aranges
                0x00001250       0x58 CMakeFiles/sunBoard.dir/User/src/PCF8563.c.obj
 .debug_aranges
                0x000012a8       0x70 CMakeFiles/sunBoard.dir/User/src/TM1650.c.obj
 .debug_aranges
                0x00001318       0x68 CMakeFiles/sunBoard.dir/User/src/key.c.obj
 .debug_aranges
                0x00001380       0x70 CMakeFiles/sunBoard.dir/User/src/motor.c.obj
 .debug_aranges
                0x000013f0       0x38 CMakeFiles/sunBoard.dir/User/src/myFlash.c.obj
 .debug_aranges
                0x00001428       0x28 I:/cubeclt/cube/STM32CubeCLT_1.16.0/GNU-tools-for-STM32/bin/../lib/gcc/arm-none-eabi/12.3.1/../../../../arm-none-eabi/lib/thumb/v6-m/nofp\libg_nano.a(libc_a-sprintf.o)
 .debug_aranges
                0x00001450       0x20 I:/cubeclt/cube/STM32CubeCLT_1.16.0/GNU-tools-for-STM32/bin/../lib/gcc/arm-none-eabi/12.3.1/../../../../arm-none-eabi/lib/thumb/v6-m/nofp\libg_nano.a(libc_a-errno.o)
 .debug_aranges
                0x00001470       0x30 I:/cubeclt/cube/STM32CubeCLT_1.16.0/GNU-tools-for-STM32/bin/../lib/gcc/arm-none-eabi/12.3.1/../../../../arm-none-eabi/lib/thumb/v6-m/nofp\libg_nano.a(libc_a-nano-svfprintf.o)
 .debug_aranges
                0x000014a0       0x28 I:/cubeclt/cube/STM32CubeCLT_1.16.0/GNU-tools-for-STM32/bin/../lib/gcc/arm-none-eabi/12.3.1/../../../../arm-none-eabi/lib/thumb/v6-m/nofp\libg_nano.a(libc_a-nano-vfprintf_i.o)
 .debug_aranges
                0x000014c8       0x20 I:/cubeclt/cube/STM32CubeCLT_1.16.0/GNU-tools-for-STM32/bin/../lib/gcc/arm-none-eabi/12.3.1/../../../../arm-none-eabi/lib/thumb/v6-m/nofp\libg_nano.a(libc_a-memmove.o)
 .debug_aranges
                0x000014e8       0x20 I:/cubeclt/cube/STM32CubeCLT_1.16.0/GNU-tools-for-STM32/bin/../lib/gcc/arm-none-eabi/12.3.1/../../../../arm-none-eabi/lib/thumb/v6-m/nofp\libg_nano.a(libc_a-memchr-stub.o)
 .debug_aranges
                0x00001508       0x20 I:/cubeclt/cube/STM32CubeCLT_1.16.0/GNU-tools-for-STM32/bin/../lib/gcc/arm-none-eabi/12.3.1/../../../../arm-none-eabi/lib/thumb/v6-m/nofp\libg_nano.a(libc_a-memcpy-stub.o)
 .debug_aranges
                0x00001528       0x20 I:/cubeclt/cube/STM32CubeCLT_1.16.0/GNU-tools-for-STM32/bin/../lib/gcc/arm-none-eabi/12.3.1/../../../../arm-none-eabi/lib/thumb/v6-m/nofp\libg_nano.a(libc_a-reallocr.o)
 .debug_aranges
                0x00001548       0x20 I:/cubeclt/cube/STM32CubeCLT_1.16.0/GNU-tools-for-STM32/bin/../lib/gcc/arm-none-eabi/12.3.1/../../../../arm-none-eabi/lib/thumb/v6-m/nofp\libg_nano.a(libc_a-msizer.o)

.debug_rnglists
                0x00000000     0x10e0
 .debug_rnglists
                0x00000000       0x21 CMakeFiles/sunBoard.dir/Core/Src/main.c.obj
 .debug_rnglists
                0x00000021       0x14 CMakeFiles/sunBoard.dir/Core/Src/gpio.c.obj
 .debug_rnglists
                0x00000035       0x13 CMakeFiles/sunBoard.dir/Core/Src/dma.c.obj
 .debug_rnglists
                0x00000048       0x29 CMakeFiles/sunBoard.dir/Core/Src/i2c.c.obj
 .debug_rnglists
                0x00000071       0x42 CMakeFiles/sunBoard.dir/Core/Src/tim.c.obj
 .debug_rnglists
                0x000000b3       0x2c CMakeFiles/sunBoard.dir/Core/Src/usart.c.obj
 .debug_rnglists
                0x000000df       0x55 CMakeFiles/sunBoard.dir/Core/Src/stm32g0xx_it.c.obj
 .debug_rnglists
                0x00000134       0x13 CMakeFiles/sunBoard.dir/Core/Src/stm32g0xx_hal_msp.c.obj
 .debug_rnglists
                0x00000147      0x229 CMakeFiles/sunBoard.dir/Drivers/STM32G0xx_HAL_Driver/Src/stm32g0xx_hal_i2c.c.obj
 .debug_rnglists
                0x00000370       0x35 CMakeFiles/sunBoard.dir/Drivers/STM32G0xx_HAL_Driver/Src/stm32g0xx_hal_i2c_ex.c.obj
 .debug_rnglists
                0x000003a5       0x79 CMakeFiles/sunBoard.dir/Drivers/STM32G0xx_HAL_Driver/Src/stm32g0xx_hal_rcc.c.obj
 .debug_rnglists
                0x0000041e       0x2f CMakeFiles/sunBoard.dir/Drivers/STM32G0xx_HAL_Driver/Src/stm32g0xx_hal_rcc_ex.c.obj
 .debug_rnglists
                0x0000044d       0x66 CMakeFiles/sunBoard.dir/Drivers/STM32G0xx_HAL_Driver/Src/stm32g0xx_hal_flash.c.obj
 .debug_rnglists
                0x000004b3       0x64 CMakeFiles/sunBoard.dir/Drivers/STM32G0xx_HAL_Driver/Src/stm32g0xx_hal_flash_ex.c.obj
 .debug_rnglists
                0x00000517       0x45 CMakeFiles/sunBoard.dir/Drivers/STM32G0xx_HAL_Driver/Src/stm32g0xx_hal_gpio.c.obj
 .debug_rnglists
                0x0000055c       0x72 CMakeFiles/sunBoard.dir/Drivers/STM32G0xx_HAL_Driver/Src/stm32g0xx_hal_dma.c.obj
 .debug_rnglists
                0x000005ce       0x72 CMakeFiles/sunBoard.dir/Drivers/STM32G0xx_HAL_Driver/Src/stm32g0xx_hal_pwr_ex.c.obj
 .debug_rnglists
                0x00000640       0xaa CMakeFiles/sunBoard.dir/Drivers/STM32G0xx_HAL_Driver/Src/stm32g0xx_hal_cortex.c.obj
 .debug_rnglists
                0x000006ea       0xbc CMakeFiles/sunBoard.dir/Drivers/STM32G0xx_HAL_Driver/Src/stm32g0xx_hal.c.obj
 .debug_rnglists
                0x000007a6      0x32a CMakeFiles/sunBoard.dir/Drivers/STM32G0xx_HAL_Driver/Src/stm32g0xx_hal_tim.c.obj
 .debug_rnglists
                0x00000ad0      0x14e CMakeFiles/sunBoard.dir/Drivers/STM32G0xx_HAL_Driver/Src/stm32g0xx_hal_tim_ex.c.obj
 .debug_rnglists
                0x00000c1e      0x1fb CMakeFiles/sunBoard.dir/Drivers/STM32G0xx_HAL_Driver/Src/stm32g0xx_hal_uart.c.obj
 .debug_rnglists
                0x00000e19       0x1a CMakeFiles/sunBoard.dir/Core/Src/system_stm32g0xx.c.obj
 .debug_rnglists
                0x00000e33       0x13 CMakeFiles/sunBoard.dir/Core/Src/sysmem.c.obj
 .debug_rnglists
                0x00000e46       0x19 CMakeFiles/sunBoard.dir/startup_stm32g030xx.s.obj
 .debug_rnglists
                0x00000e5f       0x40 CMakeFiles/sunBoard.dir/User/src/PCF8563.c.obj
 .debug_rnglists
                0x00000e9f       0x55 CMakeFiles/sunBoard.dir/User/src/TM1650.c.obj
 .debug_rnglists
                0x00000ef4       0x4e CMakeFiles/sunBoard.dir/User/src/key.c.obj
 .debug_rnglists
                0x00000f42       0x51 CMakeFiles/sunBoard.dir/User/src/motor.c.obj
 .debug_rnglists
                0x00000f93       0x26 CMakeFiles/sunBoard.dir/User/src/myFlash.c.obj
 .debug_rnglists
                0x00000fb9       0x19 I:/cubeclt/cube/STM32CubeCLT_1.16.0/GNU-tools-for-STM32/bin/../lib/gcc/arm-none-eabi/12.3.1/../../../../arm-none-eabi/lib/thumb/v6-m/nofp\libg_nano.a(libc_a-sprintf.o)
 .debug_rnglists
                0x00000fd2       0x13 I:/cubeclt/cube/STM32CubeCLT_1.16.0/GNU-tools-for-STM32/bin/../lib/gcc/arm-none-eabi/12.3.1/../../../../arm-none-eabi/lib/thumb/v6-m/nofp\libg_nano.a(libc_a-errno.o)
 .debug_rnglists
                0x00000fe5       0x53 I:/cubeclt/cube/STM32CubeCLT_1.16.0/GNU-tools-for-STM32/bin/../lib/gcc/arm-none-eabi/12.3.1/../../../../arm-none-eabi/lib/thumb/v6-m/nofp\libg_nano.a(libc_a-nano-svfprintf.o)
 .debug_rnglists
                0x00001038       0x49 I:/cubeclt/cube/STM32CubeCLT_1.16.0/GNU-tools-for-STM32/bin/../lib/gcc/arm-none-eabi/12.3.1/../../../../arm-none-eabi/lib/thumb/v6-m/nofp\libg_nano.a(libc_a-nano-vfprintf_i.o)
 .debug_rnglists
                0x00001081       0x13 I:/cubeclt/cube/STM32CubeCLT_1.16.0/GNU-tools-for-STM32/bin/../lib/gcc/arm-none-eabi/12.3.1/../../../../arm-none-eabi/lib/thumb/v6-m/nofp\libg_nano.a(libc_a-memmove.o)
 .debug_rnglists
                0x00001094       0x13 I:/cubeclt/cube/STM32CubeCLT_1.16.0/GNU-tools-for-STM32/bin/../lib/gcc/arm-none-eabi/12.3.1/../../../../arm-none-eabi/lib/thumb/v6-m/nofp\libg_nano.a(libc_a-memchr-stub.o)
 .debug_rnglists
                0x000010a7       0x13 I:/cubeclt/cube/STM32CubeCLT_1.16.0/GNU-tools-for-STM32/bin/../lib/gcc/arm-none-eabi/12.3.1/../../../../arm-none-eabi/lib/thumb/v6-m/nofp\libg_nano.a(libc_a-memcpy-stub.o)
 .debug_rnglists
                0x000010ba       0x13 I:/cubeclt/cube/STM32CubeCLT_1.16.0/GNU-tools-for-STM32/bin/../lib/gcc/arm-none-eabi/12.3.1/../../../../arm-none-eabi/lib/thumb/v6-m/nofp\libg_nano.a(libc_a-reallocr.o)
 .debug_rnglists
                0x000010cd       0x13 I:/cubeclt/cube/STM32CubeCLT_1.16.0/GNU-tools-for-STM32/bin/../lib/gcc/arm-none-eabi/12.3.1/../../../../arm-none-eabi/lib/thumb/v6-m/nofp\libg_nano.a(libc_a-msizer.o)

.debug_macro    0x00000000    0x18b58
 .debug_macro   0x00000000      0x38c CMakeFiles/sunBoard.dir/Core/Src/main.c.obj
 .debug_macro   0x0000038c      0xa8a CMakeFiles/sunBoard.dir/Core/Src/main.c.obj
 .debug_macro   0x00000e16      0x123 CMakeFiles/sunBoard.dir/Core/Src/main.c.obj
 .debug_macro   0x00000f39       0x2e CMakeFiles/sunBoard.dir/Core/Src/main.c.obj
 .debug_macro   0x00000f67       0x28 CMakeFiles/sunBoard.dir/Core/Src/main.c.obj
 .debug_macro   0x00000f8f       0x22 CMakeFiles/sunBoard.dir/Core/Src/main.c.obj
 .debug_macro   0x00000fb1       0x8e CMakeFiles/sunBoard.dir/Core/Src/main.c.obj
 .debug_macro   0x0000103f       0x51 CMakeFiles/sunBoard.dir/Core/Src/main.c.obj
 .debug_macro   0x00001090      0x103 CMakeFiles/sunBoard.dir/Core/Src/main.c.obj
 .debug_macro   0x00001193       0x6a CMakeFiles/sunBoard.dir/Core/Src/main.c.obj
 .debug_macro   0x000011fd      0x1df CMakeFiles/sunBoard.dir/Core/Src/main.c.obj
 .debug_macro   0x000013dc       0x1c CMakeFiles/sunBoard.dir/Core/Src/main.c.obj
 .debug_macro   0x000013f8       0x22 CMakeFiles/sunBoard.dir/Core/Src/main.c.obj
 .debug_macro   0x0000141a       0xd1 CMakeFiles/sunBoard.dir/Core/Src/main.c.obj
 .debug_macro   0x000014eb      0x4da CMakeFiles/sunBoard.dir/Core/Src/main.c.obj
 .debug_macro   0x000019c5      0x11f CMakeFiles/sunBoard.dir/Core/Src/main.c.obj
 .debug_macro   0x00001ae4     0xa0e8 CMakeFiles/sunBoard.dir/Core/Src/main.c.obj
 .debug_macro   0x0000bbcc       0x66 CMakeFiles/sunBoard.dir/Core/Src/main.c.obj
 .debug_macro   0x0000bc32     0x350e CMakeFiles/sunBoard.dir/Core/Src/main.c.obj
 .debug_macro   0x0000f140      0x189 CMakeFiles/sunBoard.dir/Core/Src/main.c.obj
 .debug_macro   0x0000f2c9       0x5c CMakeFiles/sunBoard.dir/Core/Src/main.c.obj
 .debug_macro   0x0000f325      0x462 CMakeFiles/sunBoard.dir/Core/Src/main.c.obj
 .debug_macro   0x0000f787      0xe1a CMakeFiles/sunBoard.dir/Core/Src/main.c.obj
 .debug_macro   0x000105a1      0x106 CMakeFiles/sunBoard.dir/Core/Src/main.c.obj
 .debug_macro   0x000106a7      0x1cf CMakeFiles/sunBoard.dir/Core/Src/main.c.obj
 .debug_macro   0x00010876       0xff CMakeFiles/sunBoard.dir/Core/Src/main.c.obj
 .debug_macro   0x00010975      0x33c CMakeFiles/sunBoard.dir/Core/Src/main.c.obj
 .debug_macro   0x00010cb1      0x202 CMakeFiles/sunBoard.dir/Core/Src/main.c.obj
 .debug_macro   0x00010eb3      0x2c7 CMakeFiles/sunBoard.dir/Core/Src/main.c.obj
 .debug_macro   0x0001117a      0x198 CMakeFiles/sunBoard.dir/Core/Src/main.c.obj
 .debug_macro   0x00011312       0x43 CMakeFiles/sunBoard.dir/Core/Src/main.c.obj
 .debug_macro   0x00011355      0x1f1 CMakeFiles/sunBoard.dir/Core/Src/main.c.obj
 .debug_macro   0x00011546      0x1d6 CMakeFiles/sunBoard.dir/Core/Src/main.c.obj
 .debug_macro   0x0001171c      0x2a3 CMakeFiles/sunBoard.dir/Core/Src/main.c.obj
 .debug_macro   0x000119bf       0x28 CMakeFiles/sunBoard.dir/Core/Src/main.c.obj
 .debug_macro   0x000119e7       0xcf CMakeFiles/sunBoard.dir/Core/Src/main.c.obj
 .debug_macro   0x00011ab6      0x22c CMakeFiles/sunBoard.dir/Core/Src/main.c.obj
 .debug_macro   0x00011ce2       0x67 CMakeFiles/sunBoard.dir/Core/Src/main.c.obj
 .debug_macro   0x00011d49       0xa5 CMakeFiles/sunBoard.dir/Core/Src/main.c.obj
 .debug_macro   0x00011dee       0xff CMakeFiles/sunBoard.dir/Core/Src/main.c.obj
 .debug_macro   0x00011eed      0x10d CMakeFiles/sunBoard.dir/Core/Src/main.c.obj
 .debug_macro   0x00011ffa      0xac2 CMakeFiles/sunBoard.dir/Core/Src/main.c.obj
 .debug_macro   0x00012abc       0xfa CMakeFiles/sunBoard.dir/Core/Src/main.c.obj
 .debug_macro   0x00012bb6      0x693 CMakeFiles/sunBoard.dir/Core/Src/main.c.obj
 .debug_macro   0x00013249       0xa6 CMakeFiles/sunBoard.dir/Core/Src/main.c.obj
 .debug_macro   0x000132ef      0x412 CMakeFiles/sunBoard.dir/Core/Src/main.c.obj
 .debug_macro   0x00013701       0x74 CMakeFiles/sunBoard.dir/Core/Src/main.c.obj
 .debug_macro   0x00013775       0x24 CMakeFiles/sunBoard.dir/Core/Src/main.c.obj
 .debug_macro   0x00013799       0x3c CMakeFiles/sunBoard.dir/Core/Src/main.c.obj
 .debug_macro   0x000137d5       0x34 CMakeFiles/sunBoard.dir/Core/Src/main.c.obj
 .debug_macro   0x00013809       0x16 CMakeFiles/sunBoard.dir/Core/Src/main.c.obj
 .debug_macro   0x0001381f       0x35 CMakeFiles/sunBoard.dir/Core/Src/main.c.obj
 .debug_macro   0x00013854      0x369 CMakeFiles/sunBoard.dir/Core/Src/main.c.obj
 .debug_macro   0x00013bbd       0x10 CMakeFiles/sunBoard.dir/Core/Src/main.c.obj
 .debug_macro   0x00013bcd       0x16 CMakeFiles/sunBoard.dir/Core/Src/main.c.obj
 .debug_macro   0x00013be3       0x43 CMakeFiles/sunBoard.dir/Core/Src/main.c.obj
 .debug_macro   0x00013c26       0x34 CMakeFiles/sunBoard.dir/Core/Src/main.c.obj
 .debug_macro   0x00013c5a       0x10 CMakeFiles/sunBoard.dir/Core/Src/main.c.obj
 .debug_macro   0x00013c6a       0x58 CMakeFiles/sunBoard.dir/Core/Src/main.c.obj
 .debug_macro   0x00013cc2      0x1de CMakeFiles/sunBoard.dir/Core/Src/main.c.obj
 .debug_macro   0x00013ea0       0x16 CMakeFiles/sunBoard.dir/Core/Src/main.c.obj
 .debug_macro   0x00013eb6       0x16 CMakeFiles/sunBoard.dir/Core/Src/main.c.obj
 .debug_macro   0x00013ecc      0x170 CMakeFiles/sunBoard.dir/Core/Src/main.c.obj
 .debug_macro   0x0001403c       0x64 CMakeFiles/sunBoard.dir/Core/Src/main.c.obj
 .debug_macro   0x000140a0       0x70 CMakeFiles/sunBoard.dir/Core/Src/main.c.obj
 .debug_macro   0x00014110       0x22 CMakeFiles/sunBoard.dir/Core/Src/main.c.obj
 .debug_macro   0x00014132       0x46 CMakeFiles/sunBoard.dir/Core/Src/main.c.obj
 .debug_macro   0x00014178       0x16 CMakeFiles/sunBoard.dir/Core/Src/main.c.obj
 .debug_macro   0x0001418e       0x20 CMakeFiles/sunBoard.dir/Core/Src/main.c.obj