Archive member included to satisfy reference by file (symbol)

I:/cubeclt/cube/STM32CubeCLT_1.16.0/GNU-tools-for-STM32/bin/../lib/gcc/arm-none-eabi/12.3.1/../../../../arm-none-eabi/lib/thumb/v6-m/nofp\libc_nano.a(libc_a-exit.o)
                              I:/cubeclt/cube/STM32CubeCLT_1.16.0/GNU-tools-for-STM32/bin/../lib/gcc/arm-none-eabi/12.3.1/../../../../arm-none-eabi/lib/thumb/v6-m/nofp/crt0.o (exit)
I:/cubeclt/cube/STM32CubeCLT_1.16.0/GNU-tools-for-STM32/bin/../lib/gcc/arm-none-eabi/12.3.1/../../../../arm-none-eabi/lib/thumb/v6-m/nofp\libc_nano.a(libc_a-findfp.o)
                              I:/cubeclt/cube/STM32CubeCLT_1.16.0/GNU-tools-for-STM32/bin/../lib/gcc/arm-none-eabi/12.3.1/../../../../arm-none-eabi/lib/thumb/v6-m/nofp\libc_nano.a(libc_a-exit.o) (__stdio_exit_handler)
I:/cubeclt/cube/STM32CubeCLT_1.16.0/GNU-tools-for-STM32/bin/../lib/gcc/arm-none-eabi/12.3.1/../../../../arm-none-eabi/lib/thumb/v6-m/nofp\libc_nano.a(libc_a-fwalk.o)
                              I:/cubeclt/cube/STM32CubeCLT_1.16.0/GNU-tools-for-STM32/bin/../lib/gcc/arm-none-eabi/12.3.1/../../../../arm-none-eabi/lib/thumb/v6-m/nofp\libc_nano.a(libc_a-findfp.o) (_fwalk_sglue)
I:/cubeclt/cube/STM32CubeCLT_1.16.0/GNU-tools-for-STM32/bin/../lib/gcc/arm-none-eabi/12.3.1/../../../../arm-none-eabi/lib/thumb/v6-m/nofp\libc_nano.a(libc_a-stdio.o)
                              I:/cubeclt/cube/STM32CubeCLT_1.16.0/GNU-tools-for-STM32/bin/../lib/gcc/arm-none-eabi/12.3.1/../../../../arm-none-eabi/lib/thumb/v6-m/nofp\libc_nano.a(libc_a-findfp.o) (__sread)
I:/cubeclt/cube/STM32CubeCLT_1.16.0/GNU-tools-for-STM32/bin/../lib/gcc/arm-none-eabi/12.3.1/../../../../arm-none-eabi/lib/thumb/v6-m/nofp\libc_nano.a(libc_a-memset.o)
                              I:/cubeclt/cube/STM32CubeCLT_1.16.0/GNU-tools-for-STM32/bin/../lib/gcc/arm-none-eabi/12.3.1/../../../../arm-none-eabi/lib/thumb/v6-m/nofp/crt0.o (memset)
I:/cubeclt/cube/STM32CubeCLT_1.16.0/GNU-tools-for-STM32/bin/../lib/gcc/arm-none-eabi/12.3.1/../../../../arm-none-eabi/lib/thumb/v6-m/nofp\libc_nano.a(libc_a-closer.o)
                              I:/cubeclt/cube/STM32CubeCLT_1.16.0/GNU-tools-for-STM32/bin/../lib/gcc/arm-none-eabi/12.3.1/../../../../arm-none-eabi/lib/thumb/v6-m/nofp\libc_nano.a(libc_a-stdio.o) (_close_r)
I:/cubeclt/cube/STM32CubeCLT_1.16.0/GNU-tools-for-STM32/bin/../lib/gcc/arm-none-eabi/12.3.1/../../../../arm-none-eabi/lib/thumb/v6-m/nofp\libc_nano.a(libc_a-reent.o)
                              I:/cubeclt/cube/STM32CubeCLT_1.16.0/GNU-tools-for-STM32/bin/../lib/gcc/arm-none-eabi/12.3.1/../../../../arm-none-eabi/lib/thumb/v6-m/nofp\libc_nano.a(libc_a-closer.o) (errno)
I:/cubeclt/cube/STM32CubeCLT_1.16.0/GNU-tools-for-STM32/bin/../lib/gcc/arm-none-eabi/12.3.1/../../../../arm-none-eabi/lib/thumb/v6-m/nofp\libc_nano.a(libc_a-impure.o)
                              I:/cubeclt/cube/STM32CubeCLT_1.16.0/GNU-tools-for-STM32/bin/../lib/gcc/arm-none-eabi/12.3.1/../../../../arm-none-eabi/lib/thumb/v6-m/nofp\libc_nano.a(libc_a-reent.o) (_impure_ptr)
I:/cubeclt/cube/STM32CubeCLT_1.16.0/GNU-tools-for-STM32/bin/../lib/gcc/arm-none-eabi/12.3.1/../../../../arm-none-eabi/lib/thumb/v6-m/nofp\libc_nano.a(libc_a-lseekr.o)
                              I:/cubeclt/cube/STM32CubeCLT_1.16.0/GNU-tools-for-STM32/bin/../lib/gcc/arm-none-eabi/12.3.1/../../../../arm-none-eabi/lib/thumb/v6-m/nofp\libc_nano.a(libc_a-stdio.o) (_lseek_r)
I:/cubeclt/cube/STM32CubeCLT_1.16.0/GNU-tools-for-STM32/bin/../lib/gcc/arm-none-eabi/12.3.1/../../../../arm-none-eabi/lib/thumb/v6-m/nofp\libc_nano.a(libc_a-readr.o)
                              I:/cubeclt/cube/STM32CubeCLT_1.16.0/GNU-tools-for-STM32/bin/../lib/gcc/arm-none-eabi/12.3.1/../../../../arm-none-eabi/lib/thumb/v6-m/nofp\libc_nano.a(libc_a-stdio.o) (_read_r)
I:/cubeclt/cube/STM32CubeCLT_1.16.0/GNU-tools-for-STM32/bin/../lib/gcc/arm-none-eabi/12.3.1/../../../../arm-none-eabi/lib/thumb/v6-m/nofp\libc_nano.a(libc_a-writer.o)
                              I:/cubeclt/cube/STM32CubeCLT_1.16.0/GNU-tools-for-STM32/bin/../lib/gcc/arm-none-eabi/12.3.1/../../../../arm-none-eabi/lib/thumb/v6-m/nofp\libc_nano.a(libc_a-stdio.o) (_write_r)
I:/cubeclt/cube/STM32CubeCLT_1.16.0/GNU-tools-for-STM32/bin/../lib/gcc/arm-none-eabi/12.3.1/../../../../arm-none-eabi/lib/thumb/v6-m/nofp\libc_nano.a(libc_a-init.o)
                              I:/cubeclt/cube/STM32CubeCLT_1.16.0/GNU-tools-for-STM32/bin/../lib/gcc/arm-none-eabi/12.3.1/../../../../arm-none-eabi/lib/thumb/v6-m/nofp/crt0.o (__libc_init_array)
I:/cubeclt/cube/STM32CubeCLT_1.16.0/GNU-tools-for-STM32/bin/../lib/gcc/arm-none-eabi/12.3.1/../../../../arm-none-eabi/lib/thumb/v6-m/nofp\libc_nano.a(libc_a-lock.o)
                              I:/cubeclt/cube/STM32CubeCLT_1.16.0/GNU-tools-for-STM32/bin/../lib/gcc/arm-none-eabi/12.3.1/../../../../arm-none-eabi/lib/thumb/v6-m/nofp\libc_nano.a(libc_a-findfp.o) (__retarget_lock_init_recursive)
[...]
Memory Configuration

Name             Origin             Length             Attributes
RAM              0x20000000         0x00002000         xrw
FLASH            0x08000000         0x00008000         xr
*default*        0x00000000         0xffffffff

Linker script and memory map

LOAD I:/cubeclt/cube/STM32CubeCLT_1.16.0/GNU-tools-for-STM32/bin/../lib/gcc/arm-none-eabi/12.3.1/thumb/v6-m/nofp/crti.o
LOAD I:/cubeclt/cube/STM32CubeCLT_1.16.0/GNU-tools-for-STM32/bin/../lib/gcc/arm-none-eabi/12.3.1/thumb/v6-m/nofp/crtbegin.o
LOAD I:/cubeclt/cube/STM32CubeCLT_1.16.0/GNU-tools-for-STM32/bin/../lib/gcc/arm-none-eabi/12.3.1/../../../../arm-none-eabi/lib/thumb/v6-m/nofp/crt0.o
START GROUP
LOAD I:/cubeclt/cube/STM32CubeCLT_1.16.0/GNU-tools-for-STM32/bin/../lib/gcc/arm-none-eabi/12.3.1/../../../../arm-none-eabi/lib/thumb/v6-m/nofp\libc_nano.a
LOAD I:/cubeclt/cube/STM32CubeCLT_1.16.0/GNU-tools-for-STM32/bin/../lib/gcc/arm-none-eabi/12.3.1/../../../../arm-none-eabi/lib/thumb/v6-m/nofp\libm.a
END GROUP
LOAD CMakeFiles/sunBoard.dir/Core/Src/main.c.obj
LOAD CMakeFiles/sunBoard.dir/Core/Src/gpio.c.obj
LOAD CMakeFiles/sunBoard.dir/Core/Src/dma.c.obj
LOAD CMakeFiles/sunBoard.dir/Core/Src/i2c.c.obj
LOAD CMakeFiles/sunBoard.dir/Core/Src/tim.c.obj
LOAD CMakeFiles/sunBoard.dir/Core/Src/usart.c.obj
LOAD CMakeFiles/sunBoard.dir/Core/Src/stm32g0xx_it.c.obj
LOAD CMakeFiles/sunBoard.dir/Core/Src/stm32g0xx_hal_msp.c.obj
LOAD CMakeFiles/sunBoard.dir/Drivers/STM32G0xx_HAL_Driver/Src/stm32g0xx_hal_i2c.c.obj
LOAD CMakeFiles/sunBoard.dir/Drivers/STM32G0xx_HAL_Driver/Src/stm32g0xx_hal_i2c_ex.c.obj
LOAD CMakeFiles/sunBoard.dir/Drivers/STM32G0xx_HAL_Driver/Src/stm32g0xx_hal_rcc.c.obj
LOAD CMakeFiles/sunBoard.dir/Drivers/STM32G0xx_HAL_Driver/Src/stm32g0xx_hal_rcc_ex.c.obj
LOAD CMakeFiles/sunBoard.dir/Drivers/STM32G0xx_HAL_Driver/Src/stm32g0xx_ll_rcc.c.obj
LOAD CMakeFiles/sunBoard.dir/Drivers/STM32G0xx_HAL_Driver/Src/stm32g0xx_hal_flash.c.obj
LOAD CMakeFiles/sunBoard.dir/Drivers/STM32G0xx_HAL_Driver/Src/stm32g0xx_hal_flash_ex.c.obj
LOAD CMakeFiles/sunBoard.dir/Drivers/STM32G0xx_HAL_Driver/Src/stm32g0xx_hal_gpio.c.obj
LOAD CMakeFiles/sunBoard.dir/Drivers/STM32G0xx_HAL_Driver/Src/stm32g0xx_hal_dma.c.obj
LOAD CMakeFiles/sunBoard.dir/Drivers/STM32G0xx_HAL_Driver/Src/stm32g0xx_hal_dma_ex.c.obj
LOAD CMakeFiles/sunBoard.dir/Drivers/STM32G0xx_HAL_Driver/Src/stm32g0xx_hal_pwr.c.obj
LOAD CMakeFiles/sunBoard.dir/Drivers/STM32G0xx_HAL_Driver/Src/stm32g0xx_hal_pwr_ex.c.obj
LOAD CMakeFiles/sunBoard.dir/Drivers/STM32G0xx_HAL_Driver/Src/stm32g0xx_hal_cortex.c.obj
LOAD CMakeFiles/sunBoard.dir/Drivers/STM32G0xx_HAL_Driver/Src/stm32g0xx_hal.c.obj
LOAD CMakeFiles/sunBoard.dir/Drivers/STM32G0xx_HAL_Driver/Src/stm32g0xx_hal_exti.c.obj
LOAD CMakeFiles/sunBoard.dir/Drivers/STM32G0xx_HAL_Driver/Src/stm32g0xx_hal_tim.c.obj
LOAD CMakeFiles/sunBoard.dir/Drivers/STM32G0xx_HAL_Driver/Src/stm32g0xx_hal_tim_ex.c.obj
LOAD CMakeFiles/sunBoard.dir/Drivers/STM32G0xx_HAL_Driver/Src/stm32g0xx_hal_uart.c.obj
LOAD CMakeFiles/sunBoard.dir/Drivers/STM32G0xx_HAL_Driver/Src/stm32g0xx_hal_uart_ex.c.obj
LOAD CMakeFiles/sunBoard.dir/Core/Src/system_stm32g0xx.c.obj
LOAD CMakeFiles/sunBoard.dir/Core/Src/sysmem.c.obj
LOAD CMakeFiles/sunBoard.dir/Core/Src/syscalls.c.obj
LOAD CMakeFiles/sunBoard.dir/startup_stm32g030xx.s.obj
LOAD CMakeFiles/sunBoard.dir/User/src/PCF8563.c.obj
LOAD CMakeFiles/sunBoard.dir/User/src/TM1650.c.obj
LOAD CMakeFiles/sunBoard.dir/User/src/key.c.obj
LOAD CMakeFiles/sunBoard.dir/User/src/motor.c.obj
LOAD CMakeFiles/sunBoard.dir/User/src/myFlash.c.obj
START GROUP
LOAD I:/cubeclt/cube/STM32CubeCLT_1.16.0/GNU-tools-for-STM32/bin/../lib/gcc/arm-none-eabi/12.3.1/thumb/v6-m/nofp\libgcc.a
LOAD I:/cubeclt/cube/STM32CubeCLT_1.16.0/GNU-tools-for-STM32/bin/../lib/gcc/arm-none-eabi/12.3.1/../../../../arm-none-eabi/lib/thumb/v6-m/nofp\libg_nano.a
LOAD I:/cubeclt/cube/STM32CubeCLT_1.16.0/GNU-tools-for-STM32/bin/../lib/gcc/arm-none-eabi/12.3.1/../../../../arm-none-eabi/lib/thumb/v6-m/nofp\libc_nano.a
END GROUP
START GROUP
LOAD I:/cubeclt/cube/STM32CubeCLT_1.16.0/GNU-tools-for-STM32/bin/../lib/gcc/arm-none-eabi/12.3.1/thumb/v6-m/nofp\libgcc.a
LOAD I:/cubeclt/cube/STM32CubeCLT_1.16.0/GNU-tools-for-STM32/bin/../lib/gcc/arm-none-eabi/12.3.1/../../../../arm-none-eabi/lib/thumb/v6-m/nofp\libc_nano.a
END GROUP
LOAD I:/cubeclt/cube/STM32CubeCLT_1.16.0/GNU-tools-for-STM32/bin/../lib/gcc/arm-none-eabi/12.3.1/thumb/v6-m/nofp/crtend.o
LOAD I:/cubeclt/cube/STM32CubeCLT_1.16.0/GNU-tools-for-STM32/bin/../lib/gcc/arm-none-eabi/12.3.1/thumb/v6-m/nofp/crtn.o
                0x20002000                        _estack = (ORIGIN (RAM) + LENGTH (RAM))
                0x00000200                        _Min_Heap_Size = 0x200
                0x00000400                        _Min_Stack_Size = 0x400

.isr_vector     0x08000000       0xb8
                0x08000000                        . = ALIGN (0x4)
 *(.isr_vector)
 .isr_vector    0x08000000       0xb8 CMakeFiles/sunBoard.dir/startup_stm32g030xx.s.obj
                0x08000000                g_pfnVectors
                0x080000b8                        . = ALIGN (0x4)

.text           0x080000b8     0x44f4
                0x080000b8                        . = ALIGN (0x4)
 *(.text)
 .text          0x080000b8       0x48 I:/cubeclt/cube/STM32CubeCLT_1.16.0/GNU-tools-for-STM32/bin/../lib/gcc/arm-none-eabi/12.3.1/thumb/v6-m/nofp/crtbegin.o
 .text          0x08000100      0x114 I:/cubeclt/cube/STM32CubeCLT_1.16.0/GNU-tools-for-STM32/bin/../lib/gcc/arm-none-eabi/12.3.1/thumb/v6-m/nofp\libgcc.a(_udivsi3.o)
                0x08000100                __aeabi_uidiv
                0x08000100                __udivsi3
                0x0800020c                __aeabi_uidivmod
 .text          0x08000214        0x4 I:/cubeclt/cube/STM32CubeCLT_1.16.0/GNU-tools-for-STM32/bin/../lib/gcc/arm-none-eabi/12.3.1/thumb/v6-m/nofp\libgcc.a(_dvmd_tls.o)
                0x08000214                __aeabi_idiv0
                0x08000214                __aeabi_ldiv0
 *(.text*)
 .text.memset   0x08000218       0x10 I:/cubeclt/cube/STM32CubeCLT_1.16.0/GNU-tools-for-STM32/bin/../lib/gcc/arm-none-eabi/12.3.1/../../../../arm-none-eabi/lib/thumb/v6-m/nofp\libc_nano.a(libc_a-memset.o)
                0x08000218                memset
 .text.__libc_init_array
                0x08000228       0x48 I:/cubeclt/cube/STM32CubeCLT_1.16.0/GNU-tools-for-STM32/bin/../lib/gcc/arm-none-eabi/12.3.1/../../../../arm-none-eabi/lib/thumb/v6-m/nofp\libc_nano.a(libc_a-init.o)
                0x08000228                __libc_init_array
 .text.__retarget_lock_acquire_recursive
                0x08000270        0x2 I:/cubeclt/cube/STM32CubeCLT_1.16.0/GNU-tools-for-STM32/bin/../lib/gcc/arm-none-eabi/12.3.1/../../../../arm-none-eabi/lib/thumb/v6-m/nofp\libc_nano.a(libc_a-lock.o)
                0x08000270                __retarget_lock_acquire_recursive
 .text.__retarget_lock_release_recursive
                0x08000272        0x2 I:/cubeclt/cube/STM32CubeCLT_1.16.0/GNU-tools-for-STM32/bin/../lib/gcc/arm-none-eabi/12.3.1/../../../../arm-none-eabi/lib/thumb/v6-m/nofp\libc_nano.a(libc_a-lock.o)
                0x08000272                __retarget_lock_release_recursive
 .text.sbrk_aligned
                0x08000274       0x44 I:/cubeclt/cube/STM32CubeCLT_1.16.0/GNU-tools-for-STM32/bin/../lib/gcc/arm-none-eabi/12.3.1/../../../../arm-none-eabi/lib/thumb/v6-m/nofp\libc_nano.a(libc_a-mallocr.o)
 .text._malloc_r
                0x080002b8      0x100 I:/cubeclt/cube/STM32CubeCLT_1.16.0/GNU-tools-for-STM32/bin/../lib/gcc/arm-none-eabi/12.3.1/../../../../arm-none-eabi/lib/thumb/v6-m/nofp\libc_nano.a(libc_a-mallocr.o)
                0x080002b8                _malloc_r
 .text.__malloc_lock
                0x080003b8       0x10 I:/cubeclt/cube/STM32CubeCLT_1.16.0/GNU-tools-for-STM32/bin/../lib/gcc/arm-none-eabi/12.3.1/../../../../arm-none-eabi/lib/thumb/v6-m/nofp\libc_nano.a(libc_a-mlock.o)
                0x080003b8                __malloc_lock
 .text.__malloc_unlock
                0x080003c8       0x10 I:/cubeclt/cube/STM32CubeCLT_1.16.0/GNU-tools-for-STM32/bin/../lib/gcc/arm-none-eabi/12.3.1/../../../../arm-none-eabi/lib/thumb/v6-m/nofp\libc_nano.a(libc_a-mlock.o)
                0x080003c8                __malloc_unlock
 .text._sbrk_r  0x080003d8       0x24 I:/cubeclt/cube/STM32CubeCLT_1.16.0/GNU-tools-for-STM32/bin/../lib/gcc/arm-none-eabi/12.3.1/../../../../arm-none-eabi/lib/thumb/v6-m/nofp\libc_nano.a(libc_a-sbrkr.o)
                0x080003d8                _sbrk_r
 .text.SystemClock_Config
                0x080003fc       0x7c CMakeFiles/sunBoard.dir/Core/Src/main.c.obj
                0x080003fc                SystemClock_Config
 .text.startup.main
                0x08000478      0x104 CMakeFiles/sunBoard.dir/Core/Src/main.c.obj
                0x08000478                main
 .text.Error_Handler
                0x0800057c        0x4 CMakeFiles/sunBoard.dir/Core/Src/main.c.obj
                0x0800057c                Error_Handler
 .text.MX_GPIO_Init
                0x08000580       0x84 CMakeFiles/sunBoard.dir/Core/Src/gpio.c.obj
                0x08000580                MX_GPIO_Init
 .text.MX_DMA_Init
                0x08000604       0x40 CMakeFiles/sunBoard.dir/Core/Src/dma.c.obj
                0x08000604                MX_DMA_Init
 .text.MX_I2C1_Init
                0x08000644       0x74 CMakeFiles/sunBoard.dir/Core/Src/i2c.c.obj
                0x08000644                MX_I2C1_Init
 .text.MX_I2C2_Init
                0x080006b8       0x74 CMakeFiles/sunBoard.dir/Core/Src/i2c.c.obj
                0x080006b8                MX_I2C2_Init
 .text.HAL_I2C_MspInit
                0x0800072c       0xd0 CMakeFiles/sunBoard.dir/Core/Src/i2c.c.obj
                0x0800072c                HAL_I2C_MspInit
 .text.MX_TIM1_Init
                0x080007fc       0x94 CMakeFiles/sunBoard.dir/Core/Src/tim.c.obj
                0x080007fc                MX_TIM1_Init
 .text.MX_TIM3_Init
                0x08000890       0x8c CMakeFiles/sunBoard.dir/Core/Src/tim.c.obj
                0x08000890                MX_TIM3_Init
 .text.MX_TIM14_Init
                0x0800091c       0x40 CMakeFiles/sunBoard.dir/Core/Src/tim.c.obj
                0x0800091c                MX_TIM14_Init
 .text.MX_TIM16_Init
                0x0800095c       0x44 CMakeFiles/sunBoard.dir/Core/Src/tim.c.obj
                0x0800095c                MX_TIM16_Init
 .text.MX_TIM17_Init
                0x080009a0       0x44 CMakeFiles/sunBoard.dir/Core/Src/tim.c.obj
                0x080009a0                MX_TIM17_Init
 .text.HAL_TIM_Base_MspInit
                0x080009e4       0xfc CMakeFiles/sunBoard.dir/Core/Src/tim.c.obj
                0x080009e4                HAL_TIM_Base_MspInit
 .text.HAL_TIM_PeriodElapsedCallback
                0x08000ae0       0xac CMakeFiles/sunBoard.dir/Core/Src/tim.c.obj
                0x08000ae0                HAL_TIM_PeriodElapsedCallback
 .text.MyUart_send
                0x08000b8c       0x1c CMakeFiles/sunBoard.dir/Core/Src/usart.c.obj
 .text.MX_USART2_UART_Init
                0x08000ba8       0x3c CMakeFiles/sunBoard.dir/Core/Src/usart.c.obj
                0x08000ba8                MX_USART2_UART_Init
 .text.HAL_UART_MspInit
                0x08000be4       0xdc CMakeFiles/sunBoard.dir/Core/Src/usart.c.obj
                0x08000be4                HAL_UART_MspInit
 .text.MyUart_init
                0x08000cc0       0x28 CMakeFiles/sunBoard.dir/Core/Src/usart.c.obj
                0x08000cc0                MyUart_init
 .text.NMI_Handler
                0x08000ce8        0x4 CMakeFiles/sunBoard.dir/Core/Src/stm32g0xx_it.c.obj
                0x08000ce8                NMI_Handler
 .text.HardFault_Handler
                0x08000cec        0x4 CMakeFiles/sunBoard.dir/Core/Src/stm32g0xx_it.c.obj
                0x08000cec                HardFault_Handler
 .text.SVC_Handler
                0x08000cf0        0x4 CMakeFiles/sunBoard.dir/Core/Src/stm32g0xx_it.c.obj
                0x08000cf0                SVC_Handler
 .text.PendSV_Handler
                0x08000cf4        0x4 CMakeFiles/sunBoard.dir/Core/Src/stm32g0xx_it.c.obj
                0x08000cf4                PendSV_Handler
 .text.SysTick_Handler
                0x08000cf8        0x8 CMakeFiles/sunBoard.dir/Core/Src/stm32g0xx_it.c.obj
                0x08000cf8                SysTick_Handler
 .text.DMA1_Channel1_IRQHandler
                0x08000d00       0x10 CMakeFiles/sunBoard.dir/Core/Src/stm32g0xx_it.c.obj
                0x08000d00                DMA1_Channel1_IRQHandler
 .text.DMA1_Channel2_3_IRQHandler
                0x08000d10       0x10 CMakeFiles/sunBoard.dir/Core/Src/stm32g0xx_it.c.obj
                0x08000d10                DMA1_Channel2_3_IRQHandler
 .text.TIM1_BRK_UP_TRG_COM_IRQHandler
                0x08000d20       0x10 CMakeFiles/sunBoard.dir/Core/Src/stm32g0xx_it.c.obj
                0x08000d20                TIM1_BRK_UP_TRG_COM_IRQHandler
 .text.TIM3_IRQHandler
                0x08000d30       0x10 CMakeFiles/sunBoard.dir/Core/Src/stm32g0xx_it.c.obj
                0x08000d30                TIM3_IRQHandler
 .text.TIM14_IRQHandler
                0x08000d40       0x10 CMakeFiles/sunBoard.dir/Core/Src/stm32g0xx_it.c.obj
                0x08000d40                TIM14_IRQHandler
 .text.TIM16_IRQHandler
                0x08000d50       0x10 CMakeFiles/sunBoard.dir/Core/Src/stm32g0xx_it.c.obj
                0x08000d50                TIM16_IRQHandler
 .text.TIM17_IRQHandler
                0x08000d60       0x10 CMakeFiles/sunBoard.dir/Core/Src/stm32g0xx_it.c.obj
                0x08000d60                TIM17_IRQHandler
 .text.HAL_MspInit
                0x08000d70       0x30 CMakeFiles/sunBoard.dir/Core/Src/stm32g0xx_hal_msp.c.obj
                0x08000d70                HAL_MspInit
 .text.I2C_WaitOnFlagUntilTimeout.constprop.0
                0x08000da0      0x16c CMakeFiles/sunBoard.dir/Drivers/STM32G0xx_HAL_Driver/Src/stm32g0xx_hal_i2c.c.obj
 .text.I2C_WaitOnTXISFlagUntilTimeout
                0x08000f0c      0x1e0 CMakeFiles/sunBoard.dir/Drivers/STM32G0xx_HAL_Driver/Src/stm32g0xx_hal_i2c.c.obj
 .text.I2C_WaitOnFlagUntilTimeout
                0x080010ec      0x1f0 CMakeFiles/sunBoard.dir/Drivers/STM32G0xx_HAL_Driver/Src/stm32g0xx_hal_i2c.c.obj
 .text.I2C_WaitOnSTOPFlagUntilTimeout
                0x080012dc      0x1a4 CMakeFiles/sunBoard.dir/Drivers/STM32G0xx_HAL_Driver/Src/stm32g0xx_hal_i2c.c.obj
 .text.HAL_I2C_Init
                0x08001480       0xc0 CMakeFiles/sunBoard.dir/Drivers/STM32G0xx_HAL_Driver/Src/stm32g0xx_hal_i2c.c.obj
                0x08001480                HAL_I2C_Init
 .text.HAL_I2C_Master_Transmit
                0x08001540      0x34c CMakeFiles/sunBoard.dir/Drivers/STM32G0xx_HAL_Driver/Src/stm32g0xx_hal_i2c.c.obj
                0x08001540                HAL_I2C_Master_Transmit
 .text.HAL_I2C_Mem_Write
                0x0800188c      0x1f0 CMakeFiles/sunBoard.dir/Drivers/STM32G0xx_HAL_Driver/Src/stm32g0xx_hal_i2c.c.obj
                0x0800188c                HAL_I2C_Mem_Write
 .text.HAL_I2C_Mem_Read
                0x08001a7c      0x1fc CMakeFiles/sunBoard.dir/Drivers/STM32G0xx_HAL_Driver/Src/stm32g0xx_hal_i2c.c.obj
                0x08001a7c                HAL_I2C_Mem_Read
 .text.HAL_I2CEx_ConfigAnalogFilter
                0x08001c78       0x4c CMakeFiles/sunBoard.dir/Drivers/STM32G0xx_HAL_Driver/Src/stm32g0xx_hal_i2c_ex.c.obj
                0x08001c78                HAL_I2CEx_ConfigAnalogFilter
 .text.HAL_I2CEx_ConfigDigitalFilter
                0x08001cc4       0x5c CMakeFiles/sunBoard.dir/Drivers/STM32G0xx_HAL_Driver/Src/stm32g0xx_hal_i2c_ex.c.obj
                0x08001cc4                HAL_I2CEx_ConfigDigitalFilter
 .text.HAL_RCC_OscConfig
                0x08001d20      0x4bc CMakeFiles/sunBoard.dir/Drivers/STM32G0xx_HAL_Driver/Src/stm32g0xx_hal_rcc.c.obj
                0x08001d20                HAL_RCC_OscConfig
 .text.HAL_RCC_GetSysClockFreq
                0x080021dc       0x9c CMakeFiles/sunBoard.dir/Drivers/STM32G0xx_HAL_Driver/Src/stm32g0xx_hal_rcc.c.obj
                0x080021dc                HAL_RCC_GetSysClockFreq
 .text.HAL_RCC_ClockConfig
                0x08002278      0x190 CMakeFiles/sunBoard.dir/Drivers/STM32G0xx_HAL_Driver/Src/stm32g0xx_hal_rcc.c.obj
                0x08002278                HAL_RCC_ClockConfig
 .text.HAL_RCC_GetPCLK1Freq
                0x08002408       0x28 CMakeFiles/sunBoard.dir/Drivers/STM32G0xx_HAL_Driver/Src/stm32g0xx_hal_rcc.c.obj
                0x08002408                HAL_RCC_GetPCLK1Freq
 .text.HAL_RCCEx_PeriphCLKConfig
                0x08002430      0x180 CMakeFiles/sunBoard.dir/Drivers/STM32G0xx_HAL_Driver/Src/stm32g0xx_hal_rcc_ex.c.obj
                0x08002430                HAL_RCCEx_PeriphCLKConfig
 .text.HAL_GPIO_Init
                0x080025b0      0x1e4 CMakeFiles/sunBoard.dir/Drivers/STM32G0xx_HAL_Driver/Src/stm32g0xx_hal_gpio.c.obj
                0x080025b0                HAL_GPIO_Init
 .text.HAL_GPIO_ReadPin
                0x08002794        0xc CMakeFiles/sunBoard.dir/Drivers/STM32G0xx_HAL_Driver/Src/stm32g0xx_hal_gpio.c.obj
                0x08002794                HAL_GPIO_ReadPin
 .text.HAL_GPIO_WritePin
                0x080027a0        0xc CMakeFiles/sunBoard.dir/Drivers/STM32G0xx_HAL_Driver/Src/stm32g0xx_hal_gpio.c.obj
                0x080027a0                HAL_GPIO_WritePin
 .text.HAL_DMA_Init
                0x080027ac       0xec CMakeFiles/sunBoard.dir/Drivers/STM32G0xx_HAL_Driver/Src/stm32g0xx_hal_dma.c.obj
                0x080027ac                HAL_DMA_Init
 .text.HAL_DMA_IRQHandler
                0x08002898       0xb8 CMakeFiles/sunBoard.dir/Drivers/STM32G0xx_HAL_Driver/Src/stm32g0xx_hal_dma.c.obj
                0x08002898                HAL_DMA_IRQHandler
 .text.HAL_PWREx_ControlVoltageScaling
                0x08002950       0x60 CMakeFiles/sunBoard.dir/Drivers/STM32G0xx_HAL_Driver/Src/stm32g0xx_hal_pwr_ex.c.obj
                0x08002950                HAL_PWREx_ControlVoltageScaling
 .text.HAL_NVIC_SetPriority
                0x080029b0       0x54 CMakeFiles/sunBoard.dir/Drivers/STM32G0xx_HAL_Driver/Src/stm32g0xx_hal_cortex.c.obj
                0x080029b0                HAL_NVIC_SetPriority
 .text.HAL_NVIC_EnableIRQ
                0x08002a04       0x18 CMakeFiles/sunBoard.dir/Drivers/STM32G0xx_HAL_Driver/Src/stm32g0xx_hal_cortex.c.obj
                0x08002a04                HAL_NVIC_EnableIRQ
 .text.HAL_NVIC_SystemReset
                0x08002a1c       0x1c CMakeFiles/sunBoard.dir/Drivers/STM32G0xx_HAL_Driver/Src/stm32g0xx_hal_cortex.c.obj
                0x08002a1c                HAL_NVIC_SystemReset
 .text.HAL_SYSTICK_Config
                0x08002a38       0x34 CMakeFiles/sunBoard.dir/Drivers/STM32G0xx_HAL_Driver/Src/stm32g0xx_hal_cortex.c.obj
                0x08002a38                HAL_SYSTICK_Config
 .text.HAL_InitTick
                0x08002a6c       0x4c CMakeFiles/sunBoard.dir/Drivers/STM32G0xx_HAL_Driver/Src/stm32g0xx_hal.c.obj
                0x08002a6c                HAL_InitTick
 .text.HAL_Init
                0x08002ab8       0x28 CMakeFiles/sunBoard.dir/Drivers/STM32G0xx_HAL_Driver/Src/stm32g0xx_hal.c.obj
                0x08002ab8                HAL_Init
 .text.HAL_IncTick
                0x08002ae0       0x18 CMakeFiles/sunBoard.dir/Drivers/STM32G0xx_HAL_Driver/Src/stm32g0xx_hal.c.obj
                0x08002ae0                HAL_IncTick
 .text.HAL_GetTick
                0x08002af8        0xc CMakeFiles/sunBoard.dir/Drivers/STM32G0xx_HAL_Driver/Src/stm32g0xx_hal.c.obj
                0x08002af8                HAL_GetTick
 .text.HAL_Delay
                0x08002b04       0x24 CMakeFiles/sunBoard.dir/Drivers/STM32G0xx_HAL_Driver/Src/stm32g0xx_hal.c.obj
                0x08002b04                HAL_Delay
 .text.HAL_TIM_Base_Init
                0x08002b28      0x100 CMakeFiles/sunBoard.dir/Drivers/STM32G0xx_HAL_Driver/Src/stm32g0xx_hal_tim.c.obj
                0x08002b28                HAL_TIM_Base_Init
 .text.HAL_TIM_Base_Start_IT
                0x08002c28       0x5c CMakeFiles/sunBoard.dir/Drivers/STM32G0xx_HAL_Driver/Src/stm32g0xx_hal_tim.c.obj
                0x08002c28                HAL_TIM_Base_Start_IT
 .text.HAL_TIM_Base_Stop_IT
                0x08002c84       0x34 CMakeFiles/sunBoard.dir/Drivers/STM32G0xx_HAL_Driver/Src/stm32g0xx_hal_tim.c.obj
                0x08002c84                HAL_TIM_Base_Stop_IT
 .text.HAL_TIM_ConfigClockSource
                0x08002cb8      0x170 CMakeFiles/sunBoard.dir/Drivers/STM32G0xx_HAL_Driver/Src/stm32g0xx_hal_tim.c.obj
                0x08002cb8                HAL_TIM_ConfigClockSource
 .text.HAL_TIM_OC_DelayElapsedCallback
                0x08002e28        0x4 CMakeFiles/sunBoard.dir/Drivers/STM32G0xx_HAL_Driver/Src/stm32g0xx_hal_tim.c.obj
                0x08002e28                HAL_TIM_OC_DelayElapsedCallback
 .text.HAL_TIM_IC_CaptureCallback
                0x08002e2c        0x4 CMakeFiles/sunBoard.dir/Drivers/STM32G0xx_HAL_Driver/Src/stm32g0xx_hal_tim.c.obj
                0x08002e2c                HAL_TIM_IC_CaptureCallback
 .text.HAL_TIM_PWM_PulseFinishedCallback
                0x08002e30        0x4 CMakeFiles/sunBoard.dir/Drivers/STM32G0xx_HAL_Driver/Src/stm32g0xx_hal_tim.c.obj
                0x08002e30                HAL_TIM_PWM_PulseFinishedCallback
 .text.HAL_TIM_TriggerCallback
                0x08002e34        0x4 CMakeFiles/sunBoard.dir/Drivers/STM32G0xx_HAL_Driver/Src/stm32g0xx_hal_tim.c.obj
                0x08002e34                HAL_TIM_TriggerCallback
 .text.HAL_TIM_IRQHandler
                0x08002e38      0x174 CMakeFiles/sunBoard.dir/Drivers/STM32G0xx_HAL_Driver/Src/stm32g0xx_hal_tim.c.obj
                0x08002e38                HAL_TIM_IRQHandler
 .text.HAL_TIMEx_MasterConfigSynchronization
                0x08002fac       0x68 CMakeFiles/sunBoard.dir/Drivers/STM32G0xx_HAL_Driver/Src/stm32g0xx_hal_tim_ex.c.obj
                0x08002fac                HAL_TIMEx_MasterConfigSynchronization
 .text.HAL_TIMEx_CommutCallback
                0x08003014        0x4 CMakeFiles/sunBoard.dir/Drivers/STM32G0xx_HAL_Driver/Src/stm32g0xx_hal_tim_ex.c.obj
                0x08003014                HAL_TIMEx_CommutCallback
 .text.HAL_TIMEx_BreakCallback
                0x08003018        0x4 CMakeFiles/sunBoard.dir/Drivers/STM32G0xx_HAL_Driver/Src/stm32g0xx_hal_tim_ex.c.obj
                0x08003018                HAL_TIMEx_BreakCallback
 .text.HAL_TIMEx_Break2Callback
                0x0800301c        0x4 CMakeFiles/sunBoard.dir/Drivers/STM32G0xx_HAL_Driver/Src/stm32g0xx_hal_tim_ex.c.obj
                0x0800301c                HAL_TIMEx_Break2Callback
 .text.HAL_UART_Transmit
                0x08003020      0x128 CMakeFiles/sunBoard.dir/Drivers/STM32G0xx_HAL_Driver/Src/stm32g0xx_hal_uart.c.obj
                0x08003020                HAL_UART_Transmit
 .text.UART_AdvFeatureConfig
                0x08003148       0xd0 CMakeFiles/sunBoard.dir/Drivers/STM32G0xx_HAL_Driver/Src/stm32g0xx_hal_uart.c.obj
                0x08003148                UART_AdvFeatureConfig
 .text.UART_CheckIdleState
                0x08003218      0x2ac CMakeFiles/sunBoard.dir/Drivers/STM32G0xx_HAL_Driver/Src/stm32g0xx_hal_uart.c.obj
                0x08003218                UART_CheckIdleState
 .text.HAL_UART_Init
                0x080034c4      0x1cc CMakeFiles/sunBoard.dir/Drivers/STM32G0xx_HAL_Driver/Src/stm32g0xx_hal_uart.c.obj
                0x080034c4                HAL_UART_Init
 .text.SystemInit
                0x08003690        0x4 CMakeFiles/sunBoard.dir/Core/Src/system_stm32g0xx.c.obj
                0x08003690                SystemInit
 .text._sbrk    0x08003694       0x44 CMakeFiles/sunBoard.dir/Core/Src/sysmem.c.obj
                0x08003694                _sbrk
 .text.Reset_Handler
                0x080036d8       0x50 CMakeFiles/sunBoard.dir/startup_stm32g030xx.s.obj
                0x080036d8                Reset_Handler
 .text.Default_Handler
                0x08003728        0x2 CMakeFiles/sunBoard.dir/startup_stm32g030xx.s.obj
                0x08003728                TIM1_CC_IRQHandler
                0x08003728                I2C1_IRQHandler
                0x08003728                RTC_TAMP_IRQHandler
                0x08003728                SPI1_IRQHandler
                0x08003728                DMA1_Ch4_5_DMAMUX1_OVR_IRQHandler
                0x08003728                EXTI2_3_IRQHandler
                0x08003728                ADC1_IRQHandler
                0x08003728                I2C2_IRQHandler
                0x08003728                EXTI4_15_IRQHandler
                0x08003728                RCC_IRQHandler
                0x08003728                Default_Handler
                0x08003728                EXTI0_1_IRQHandler
                0x08003728                SPI2_IRQHandler
                0x08003728                WWDG_IRQHandler
                0x08003728                USART2_IRQHandler
                0x08003728                FLASH_IRQHandler
                0x08003728                USART1_IRQHandler
 *fill*         0x0800372a        0x2 
 .text.time_updata
                0x0800372c      0x10c CMakeFiles/sunBoard.dir/User/src/PCF8563.c.obj
 .text.PCF8563_set_time
                0x08003838      0x104 CMakeFiles/sunBoard.dir/User/src/PCF8563.c.obj
                0x08003838                PCF8563_set_time
 .text.newPCF8563
                0x0800393c       0x8c CMakeFiles/sunBoard.dir/User/src/PCF8563.c.obj
                0x0800393c                newPCF8563
 .text.cursorMove
                0x080039c8       0x44 CMakeFiles/sunBoard.dir/User/src/TM1650.c.obj
 .text.cursor_value_set
                0x08003a0c       0x6c CMakeFiles/sunBoard.dir/User/src/TM1650.c.obj
 .text.writeCursor
                0x08003a78       0x80 CMakeFiles/sunBoard.dir/User/src/TM1650.c.obj
 .text.displayOnOff
                0x08003af8       0x78 CMakeFiles/sunBoard.dir/User/src/TM1650.c.obj
 .text.cursorOnOff
                0x08003b70       0x2c CMakeFiles/sunBoard.dir/User/src/TM1650.c.obj
 .text.cursor_flash_ctrl
                0x08003b9c       0x8c CMakeFiles/sunBoard.dir/User/src/TM1650.c.obj
                0x08003b9c                cursor_flash_ctrl
 .text.TM1650_show_time
                0x08003c28       0xdc CMakeFiles/sunBoard.dir/User/src/TM1650.c.obj
 .text.TM1650_clear
                0x08003d04       0xbc CMakeFiles/sunBoard.dir/User/src/TM1650.c.obj
                0x08003d04                TM1650_clear
 .text.newTM1650
                0x08003dc0       0xfc CMakeFiles/sunBoard.dir/User/src/TM1650.c.obj
                0x08003dc0                newTM1650
 .text.singleClickedCallback
                0x08003ebc       0x84 CMakeFiles/sunBoard.dir/User/src/key.c.obj
 .text.doubleClickCallback
                0x08003f40       0x4c CMakeFiles/sunBoard.dir/User/src/key.c.obj
 .text.longlongPressCallback
                0x08003f8c       0x5c CMakeFiles/sunBoard.dir/User/src/key.c.obj
 .text.longPressCallback
                0x08003fe8      0x148 CMakeFiles/sunBoard.dir/User/src/key.c.obj
 .text.keyRespnse
                0x08004130       0x30 CMakeFiles/sunBoard.dir/User/src/key.c.obj
 .text.keyActionScan
                0x08004160       0xc4 CMakeFiles/sunBoard.dir/User/src/key.c.obj
                0x08004160                keyActionScan
 .text.keyDoubleClickCheck
                0x08004224       0x10 CMakeFiles/sunBoard.dir/User/src/key.c.obj
                0x08004224                keyDoubleClickCheck
 .text.newKey   0x08004234       0x48 CMakeFiles/sunBoard.dir/User/src/key.c.obj
                0x08004234                newKey
 .text.set_current_angle
                0x0800427c       0x18 CMakeFiles/sunBoard.dir/User/src/motor.c.obj
 .text.set_total_angle
                0x08004294        0xc CMakeFiles/sunBoard.dir/User/src/motor.c.obj
 .text.get_current_angle
                0x080042a0       0x10 CMakeFiles/sunBoard.dir/User/src/motor.c.obj
 .text.motor_left_correct
                0x080042b0       0x1c CMakeFiles/sunBoard.dir/User/src/motor.c.obj
 .text.motor_right_correct
                0x080042cc       0x1c CMakeFiles/sunBoard.dir/User/src/motor.c.obj
 .text.motor_status_led_ctrl
                0x080042e8       0x14 CMakeFiles/sunBoard.dir/User/src/motor.c.obj
 .text.motor_wave_control
                0x080042fc      0x160 CMakeFiles/sunBoard.dir/User/src/motor.c.obj
 .text.motor_stop
                0x0800445c       0x1c CMakeFiles/sunBoard.dir/User/src/motor.c.obj
 .text.motor_reset
                0x08004478       0x28 CMakeFiles/sunBoard.dir/User/src/motor.c.obj
 .text.set_target_angle
                0x080044a0       0x24 CMakeFiles/sunBoard.dir/User/src/motor.c.obj
 .text.newMotorCtrl
                0x080044c4       0xb0 CMakeFiles/sunBoard.dir/User/src/motor.c.obj
                0x080044c4                newMotorCtrl
 .text.malloc   0x08004574       0x14 I:/cubeclt/cube/STM32CubeCLT_1.16.0/GNU-tools-for-STM32/bin/../lib/gcc/arm-none-eabi/12.3.1/../../../../arm-none-eabi/lib/thumb/v6-m/nofp\libg_nano.a(libc_a-malloc.o)
                0x08004574                malloc
 .text.__errno  0x08004588        0xc I:/cubeclt/cube/STM32CubeCLT_1.16.0/GNU-tools-for-STM32/bin/../lib/gcc/arm-none-eabi/12.3.1/../../../../arm-none-eabi/lib/thumb/v6-m/nofp\libg_nano.a(libc_a-errno.o)
                0x08004588                __errno
 *(.glue_7)
 .glue_7        0x08004594        0x0 linker stubs
 *(.glue_7t)
 .glue_7t       0x08004594        0x0 linker stubs
 *(.eh_frame)
 .eh_frame      0x08004594        0x0 I:/cubeclt/cube/STM32CubeCLT_1.16.0/GNU-tools-for-STM32/bin/../lib/gcc/arm-none-eabi/12.3.1/thumb/v6-m/nofp/crtbegin.o
 *(.init)
 .init          0x08004594        0x4 I:/cubeclt/cube/STM32CubeCLT_1.16.0/GNU-tools-for-STM32/bin/../lib/gcc/arm-none-eabi/12.3.1/thumb/v6-m/nofp/crti.o
                0x08004594                _init
 .init          0x08004598        0x8 I:/cubeclt/cube/STM32CubeCLT_1.16.0/GNU-tools-for-STM32/bin/../lib/gcc/arm-none-eabi/12.3.1/thumb/v6-m/nofp/crtn.o
 *(.fini)
 .fini          0x080045a0        0x4 I:/cubeclt/cube/STM32CubeCLT_1.16.0/GNU-tools-for-STM32/bin/../lib/gcc/arm-none-eabi/12.3.1/thumb/v6-m/nofp/crti.o
                0x080045a0                _fini
 .fini          0x080045a4        0x8 I:/cubeclt/cube/STM32CubeCLT_1.16.0/GNU-tools-for-STM32/bin/../lib/gcc/arm-none-eabi/12.3.1/thumb/v6-m/nofp/crtn.o
                0x080045ac                        . = ALIGN (0x4)
                0x080045ac                        _etext = .

.vfp11_veneer   0x080045ac        0x0
 .vfp11_veneer  0x080045ac        0x0 linker stubs

.v4_bx          0x080045ac        0x0
 .v4_bx         0x080045ac        0x0 linker stubs

.iplt           0x080045ac        0x0
 .iplt          0x080045ac        0x0 I:/cubeclt/cube/STM32CubeCLT_1.16.0/GNU-tools-for-STM32/bin/../lib/gcc/arm-none-eabi/12.3.1/thumb/v6-m/nofp/crtbegin.o

.rodata         0x080045ac       0xc8
                0x080045ac                        . = ALIGN (0x4)
 *(.rodata)
 *(.rodata*)
 .rodata.CSWTCH.66
                0x080045ac        0x3 CMakeFiles/sunBoard.dir/Drivers/STM32G0xx_HAL_Driver/Src/stm32g0xx_hal_uart.c.obj
 *fill*         0x080045af        0x1 
 .rodata.UARTPrescTable
                0x080045b0       0x18 CMakeFiles/sunBoard.dir/Drivers/STM32G0xx_HAL_Driver/Src/stm32g0xx_hal_uart.c.obj
                0x080045b0                UARTPrescTable
 .rodata.APBPrescTable
                0x080045c8       0x20 CMakeFiles/sunBoard.dir/Core/Src/system_stm32g0xx.c.obj
                0x080045c8                APBPrescTable
 .rodata.AHBPrescTable
                0x080045e8       0x40 CMakeFiles/sunBoard.dir/Core/Src/system_stm32g0xx.c.obj
                0x080045e8                AHBPrescTable
 .rodata.LedCode
                0x08004628        0xa CMakeFiles/sunBoard.dir/User/src/TM1650.c.obj
 *fill*         0x08004632        0x2 
 .rodata.motor_wave_control
                0x08004634       0x40 CMakeFiles/sunBoard.dir/User/src/motor.c.obj
                0x08004674                        . = ALIGN (0x4)

.rel.dyn        0x08004674        0x0
 .rel.iplt      0x08004674        0x0 I:/cubeclt/cube/STM32CubeCLT_1.16.0/GNU-tools-for-STM32/bin/../lib/gcc/arm-none-eabi/12.3.1/thumb/v6-m/nofp/crtbegin.o

.ARM.extab
 *(.ARM.extab* .gnu.linkonce.armextab.*)

.ARM            0x08004674        0x0
                0x08004674                        __exidx_start = .
 *(.ARM.exidx*)
                0x08004674                        __exidx_end = .

.preinit_array  0x08004674        0x0
                0x08004674                        PROVIDE (__preinit_array_start = .)
 *(.preinit_array*)
                0x08004674                        PROVIDE (__preinit_array_end = .)

.init_array     0x08004674        0x4
                0x08004674                        PROVIDE (__init_array_start = .)
 *(SORT_BY_NAME(.init_array.*))
 *(.init_array*)
 .init_array    0x08004674        0x4 I:/cubeclt/cube/STM32CubeCLT_1.16.0/GNU-tools-for-STM32/bin/../lib/gcc/arm-none-eabi/12.3.1/thumb/v6-m/nofp/crtbegin.o
                0x08004678                        PROVIDE (__init_array_end = .)

.fini_array     0x08004678        0x4
                [!provide]                        PROVIDE (__fini_array_start = .)
 *(SORT_BY_NAME(.fini_array.*))
 *(.fini_array*)
 .fini_array    0x08004678        0x4 I:/cubeclt/cube/STM32CubeCLT_1.16.0/GNU-tools-for-STM32/bin/../lib/gcc/arm-none-eabi/12.3.1/thumb/v6-m/nofp/crtbegin.o
                [!provide]                        PROVIDE (__fini_array_end = .)
                0x0800467c                        _sidata = LOADADDR (.data)

.data           0x20000000       0x5c load address 0x0800467c
                0x20000000                        . = ALIGN (0x4)
                0x20000000                        _sdata = .
 *(.data)
 *(.data*)
 .data._impure_ptr
                0x20000000        0x4 I:/cubeclt/cube/STM32CubeCLT_1.16.0/GNU-tools-for-STM32/bin/../lib/gcc/arm-none-eabi/12.3.1/../../../../arm-none-eabi/lib/thumb/v6-m/nofp\libc_nano.a(libc_a-impure.o)
                0x20000000                _impure_ptr
 .data._impure_data
                0x20000004       0x4c I:/cubeclt/cube/STM32CubeCLT_1.16.0/GNU-tools-for-STM32/bin/../lib/gcc/arm-none-eabi/12.3.1/../../../../arm-none-eabi/lib/thumb/v6-m/nofp\libc_nano.a(libc_a-impure.o)
                0x20000004                _impure_data
 .data.uwTickFreq
                0x20000050        0x1 CMakeFiles/sunBoard.dir/Drivers/STM32G0xx_HAL_Driver/Src/stm32g0xx_hal.c.obj
                0x20000050                uwTickFreq
 *fill*         0x20000051        0x3 
 .data.uwTickPrio
                0x20000054        0x4 CMakeFiles/sunBoard.dir/Drivers/STM32G0xx_HAL_Driver/Src/stm32g0xx_hal.c.obj
                0x20000054                uwTickPrio
 .data.SystemCoreClock
                0x20000058        0x4 CMakeFiles/sunBoard.dir/Core/Src/system_stm32g0xx.c.obj
                0x20000058                SystemCoreClock
                0x2000005c                        . = ALIGN (0x4)
                0x2000005c                        _edata = .

.igot.plt       0x2000005c        0x0 load address 0x080046d8
 .igot.plt      0x2000005c        0x0 I:/cubeclt/cube/STM32CubeCLT_1.16.0/GNU-tools-for-STM32/bin/../lib/gcc/arm-none-eabi/12.3.1/thumb/v6-m/nofp/crtbegin.o
                0x2000005c                        . = ALIGN (0x4)

.bss            0x2000005c      0x57c load address 0x080046d8
                0x2000005c                        _sbss = .
                0x2000005c                        __bss_start__ = _sbss
 *(.bss)
 .bss           0x2000005c       0x1c I:/cubeclt/cube/STM32CubeCLT_1.16.0/GNU-tools-for-STM32/bin/../lib/gcc/arm-none-eabi/12.3.1/thumb/v6-m/nofp/crtbegin.o
 *(.bss*)
 .bss.__sf      0x20000078      0x138 I:/cubeclt/cube/STM32CubeCLT_1.16.0/GNU-tools-for-STM32/bin/../lib/gcc/arm-none-eabi/12.3.1/../../../../arm-none-eabi/lib/thumb/v6-m/nofp\libc_nano.a(libc_a-findfp.o)
                0x20000078                __sf
 .bss.errno     0x200001b0        0x4 I:/cubeclt/cube/STM32CubeCLT_1.16.0/GNU-tools-for-STM32/bin/../lib/gcc/arm-none-eabi/12.3.1/../../../../arm-none-eabi/lib/thumb/v6-m/nofp\libc_nano.a(libc_a-reent.o)
                0x200001b0                errno
 .bss.__lock___malloc_recursive_mutex
                0x200001b4        0x1 I:/cubeclt/cube/STM32CubeCLT_1.16.0/GNU-tools-for-STM32/bin/../lib/gcc/arm-none-eabi/12.3.1/../../../../arm-none-eabi/lib/thumb/v6-m/nofp\libc_nano.a(libc_a-lock.o)
                0x200001b4                __lock___malloc_recursive_mutex
 *fill*         0x200001b5        0x3 
 .bss.__malloc_sbrk_start
                0x200001b8        0x4 I:/cubeclt/cube/STM32CubeCLT_1.16.0/GNU-tools-for-STM32/bin/../lib/gcc/arm-none-eabi/12.3.1/../../../../arm-none-eabi/lib/thumb/v6-m/nofp\libc_nano.a(libc_a-mallocr.o)
                0x200001b8                __malloc_sbrk_start
 .bss.__malloc_free_list
                0x200001bc        0x4 I:/cubeclt/cube/STM32CubeCLT_1.16.0/GNU-tools-for-STM32/bin/../lib/gcc/arm-none-eabi/12.3.1/../../../../arm-none-eabi/lib/thumb/v6-m/nofp\libc_nano.a(libc_a-mallocr.o)
                0x200001bc                __malloc_free_list
 .bss.Motor_Ctrl
                0x200001c0        0x4 CMakeFiles/sunBoard.dir/Core/Src/main.c.obj
                0x200001c0                Motor_Ctrl
 .bss.Pcf8563_ctrl
                0x200001c4        0x4 CMakeFiles/sunBoard.dir/Core/Src/main.c.obj
                0x200001c4                Pcf8563_ctrl
 .bss.TM1650    0x200001c8        0x4 CMakeFiles/sunBoard.dir/Core/Src/main.c.obj
                0x200001c8                TM1650
 .bss.key2      0x200001cc        0x4 CMakeFiles/sunBoard.dir/Core/Src/main.c.obj
                0x200001cc                key2
 .bss.key1      0x200001d0        0x4 CMakeFiles/sunBoard.dir/Core/Src/main.c.obj
                0x200001d0                key1
 .bss.key0      0x200001d4        0x4 CMakeFiles/sunBoard.dir/Core/Src/main.c.obj
                0x200001d4                key0
 .bss.hi2c2     0x200001d8       0x54 CMakeFiles/sunBoard.dir/Core/Src/i2c.c.obj
                0x200001d8                hi2c2
 .bss.hi2c1     0x2000022c       0x54 CMakeFiles/sunBoard.dir/Core/Src/i2c.c.obj
                0x2000022c                hi2c1
 .bss.htim17    0x20000280       0x4c CMakeFiles/sunBoard.dir/Core/Src/tim.c.obj
                0x20000280                htim17
 .bss.htim16    0x200002cc       0x4c CMakeFiles/sunBoard.dir/Core/Src/tim.c.obj
                0x200002cc                htim16
 .bss.htim14    0x20000318       0x4c CMakeFiles/sunBoard.dir/Core/Src/tim.c.obj
                0x20000318                htim14
 .bss.htim3     0x20000364       0x4c CMakeFiles/sunBoard.dir/Core/Src/tim.c.obj
                0x20000364                htim3
 .bss.htim1     0x200003b0       0x4c CMakeFiles/sunBoard.dir/Core/Src/tim.c.obj
                0x200003b0                htim1
 .bss.hdma_usart2_rx
                0x200003fc       0x5c CMakeFiles/sunBoard.dir/Core/Src/usart.c.obj
                0x200003fc                hdma_usart2_rx
 .bss.hdma_usart2_tx
                0x20000458       0x5c CMakeFiles/sunBoard.dir/Core/Src/usart.c.obj
                0x20000458                hdma_usart2_tx
 .bss.huart2    0x200004b4       0x94 CMakeFiles/sunBoard.dir/Core/Src/usart.c.obj
                0x200004b4                huart2
 .bss.receive_buffer
                0x20000548       0x32 CMakeFiles/sunBoard.dir/Core/Src/usart.c.obj
 *fill*         0x2000057a        0x2 
 .bss.send_buffer
                0x2000057c       0x32 CMakeFiles/sunBoard.dir/Core/Src/usart.c.obj
 *fill*         0x200005ae        0x2 
 .bss.myuart    0x200005b0       0x18 CMakeFiles/sunBoard.dir/Core/Src/usart.c.obj
                0x200005b0                myuart
 .bss.uwTick    0x200005c8        0x4 CMakeFiles/sunBoard.dir/Drivers/STM32G0xx_HAL_Driver/Src/stm32g0xx_hal.c.obj
                0x200005c8                uwTick
 .bss.__sbrk_heap_end
                0x200005cc        0x4 CMakeFiles/sunBoard.dir/Core/Src/sysmem.c.obj
 .bss.current_hour.0
                0x200005d0        0x1 CMakeFiles/sunBoard.dir/User/src/PCF8563.c.obj
 .bss.last_hour.1
                0x200005d1        0x1 CMakeFiles/sunBoard.dir/User/src/PCF8563.c.obj
 *fill*         0x200005d2        0x2 
 .bss.write_buffer
                0x200005d4        0x4 CMakeFiles/sunBoard.dir/User/src/TM1650.c.obj
 *(COMMON)
                0x200005d8                        . = ALIGN (0x4)
                0x200005d8                        _ebss = .
                0x200005d8                        __bss_end__ = _ebss

._user_heap_stack
                0x200005d8      0x600 load address 0x080046d8
                0x200005d8                        . = ALIGN (0x8)
                [!provide]                        PROVIDE (end = .)
                0x200005d8                        PROVIDE (_end = .)
                0x200007d8                        . = (. + _Min_Heap_Size)
 *fill*         0x200005d8      0x200 
                0x20000bd8                        . = (. + _Min_Stack_Size)
 *fill*         0x200007d8      0x400 
                0x20000bd8                        . = ALIGN (0x8)

/DISCARD/
 libc.a(*)
 libm.a(*)
 libgcc.a(*)

.ARM.attributes
                0x00000000       0x28
 *(.ARM.attributes)
 .ARM.attributes
                0x00000000       0x1e I:/cubeclt/cube/STM32CubeCLT_1.16.0/GNU-tools-for-STM32/bin/../lib/gcc/arm-none-eabi/12.3.1/thumb/v6-m/nofp/crti.o
 .ARM.attributes
                0x0000001e       0x2c I:/cubeclt/cube/STM32CubeCLT_1.16.0/GNU-tools-for-STM32/bin/../lib/gcc/arm-none-eabi/12.3.1/thumb/v6-m/nofp/crtbegin.o
 .ARM.attributes
                0x0000004a       0x2c I:/cubeclt/cube/STM32CubeCLT_1.16.0/GNU-tools-for-STM32/bin/../lib/gcc/arm-none-eabi/12.3.1/../../../../arm-none-eabi/lib/thumb/v6-m/nofp\libc_nano.a(libc_a-findfp.o)
 .ARM.attributes
                0x00000076       0x2c I:/cubeclt/cube/STM32CubeCLT_1.16.0/GNU-tools-for-STM32/bin/../lib/gcc/arm-none-eabi/12.3.1/../../../../arm-none-eabi/lib/thumb/v6-m/nofp\libc_nano.a(libc_a-memset.o)
 .ARM.attributes
                0x000000a2       0x2c I:/cubeclt/cube/STM32CubeCLT_1.16.0/GNU-tools-for-STM32/bin/../lib/gcc/arm-none-eabi/12.3.1/../../../../arm-none-eabi/lib/thumb/v6-m/nofp\libc_nano.a(libc_a-reent.o)
 .ARM.attributes
                0x000000ce       0x2c I:/cubeclt/cube/STM32CubeCLT_1.16.0/GNU-tools-for-STM32/bin/../lib/gcc/arm-none-eabi/12.3.1/../../../../arm-none-eabi/lib/thumb/v6-m/nofp\libc_nano.a(libc_a-impure.o)
 .ARM.attributes
                0x000000fa       0x2c I:/cubeclt/cube/STM32CubeCLT_1.16.0/GNU-tools-for-STM32/bin/../lib/gcc/arm-none-eabi/12.3.1/../../../../arm-none-eabi/lib/thumb/v6-m/nofp\libc_nano.a(libc_a-init.o)
 .ARM.attributes
                0x00000126       0x2c I:/cubeclt/cube/STM32CubeCLT_1.16.0/GNU-tools-for-STM32/bin/../lib/gcc/arm-none-eabi/12.3.1/../../../../arm-none-eabi/lib/thumb/v6-m/nofp\libc_nano.a(libc_a-lock.o)
 .ARM.attributes
                0x00000152       0x2c I:/cubeclt/cube/STM32CubeCLT_1.16.0/GNU-tools-for-STM32/bin/../lib/gcc/arm-none-eabi/12.3.1/../../../../arm-none-eabi/lib/thumb/v6-m/nofp\libc_nano.a(libc_a-mallocr.o)
 .ARM.attributes
                0x0000017e       0x2c I:/cubeclt/cube/STM32CubeCLT_1.16.0/GNU-tools-for-STM32/bin/../lib/gcc/arm-none-eabi/12.3.1/../../../../arm-none-eabi/lib/thumb/v6-m/nofp\libc_nano.a(libc_a-mlock.o)
 .ARM.attributes
                0x000001aa       0x2c I:/cubeclt/cube/STM32CubeCLT_1.16.0/GNU-tools-for-STM32/bin/../lib/gcc/arm-none-eabi/12.3.1/../../../../arm-none-eabi/lib/thumb/v6-m/nofp\libc_nano.a(libc_a-sbrkr.o)
 .ARM.attributes
                0x000001d6       0x2c CMakeFiles/sunBoard.dir/Core/Src/main.c.obj
 .ARM.attributes
                0x00000202       0x2c CMakeFiles/sunBoard.dir/Core/Src/gpio.c.obj
 .ARM.attributes
                0x0000022e       0x2c CMakeFiles/sunBoard.dir/Core/Src/dma.c.obj
 .ARM.attributes
                0x0000025a       0x2c CMakeFiles/sunBoard.dir/Core/Src/i2c.c.obj
 .ARM.attributes
                0x00000286       0x2c CMakeFiles/sunBoard.dir/Core/Src/tim.c.obj
 .ARM.attributes
                0x000002b2       0x2c CMakeFiles/sunBoard.dir/Core/Src/usart.c.obj
 .ARM.attributes
                0x000002de       0x2c CMakeFiles/sunBoard.dir/Core/Src/stm32g0xx_it.c.obj
 .ARM.attributes
                0x0000030a       0x2c CMakeFiles/sunBoard.dir/Core/Src/stm32g0xx_hal_msp.c.obj
 .ARM.attributes
                0x00000336       0x2c CMakeFiles/sunBoard.dir/Drivers/STM32G0xx_HAL_Driver/Src/stm32g0xx_hal_i2c.c.obj
 .ARM.attributes
                0x00000362       0x2c CMakeFiles/sunBoard.dir/Drivers/STM32G0xx_HAL_Driver/Src/stm32g0xx_hal_i2c_ex.c.obj
 .ARM.attributes
                0x0000038e       0x2c CMakeFiles/sunBoard.dir/Drivers/STM32G0xx_HAL_Driver/Src/stm32g0xx_hal_rcc.c.obj
 .ARM.attributes
                0x000003ba       0x2c CMakeFiles/sunBoard.dir/Drivers/STM32G0xx_HAL_Driver/Src/stm32g0xx_hal_rcc_ex.c.obj
 .ARM.attributes
                0x000003e6       0x2c CMakeFiles/sunBoard.dir/Drivers/STM32G0xx_HAL_Driver/Src/stm32g0xx_hal_gpio.c.obj
 .ARM.attributes
                0x00000412       0x2c CMakeFiles/sunBoard.dir/Drivers/STM32G0xx_HAL_Driver/Src/stm32g0xx_hal_dma.c.obj
 .ARM.attributes
                0x0000043e       0x2c CMakeFiles/sunBoard.dir/Drivers/STM32G0xx_HAL_Driver/Src/stm32g0xx_hal_pwr_ex.c.obj
 .ARM.attributes
                0x0000046a       0x2c CMakeFiles/sunBoard.dir/Drivers/STM32G0xx_HAL_Driver/Src/stm32g0xx_hal_cortex.c.obj
 .ARM.attributes
                0x00000496       0x2c CMakeFiles/sunBoard.dir/Drivers/STM32G0xx_HAL_Driver/Src/stm32g0xx_hal.c.obj
 .ARM.attributes
                0x000004c2       0x2c CMakeFiles/sunBoard.dir/Drivers/STM32G0xx_HAL_Driver/Src/stm32g0xx_hal_tim.c.obj
 .ARM.attributes
                0x000004ee       0x2c CMakeFiles/sunBoard.dir/Drivers/STM32G0xx_HAL_Driver/Src/stm32g0xx_hal_tim_ex.c.obj
 .ARM.attributes
                0x0000051a       0x2c CMakeFiles/sunBoard.dir/Drivers/STM32G0xx_HAL_Driver/Src/stm32g0xx_hal_uart.c.obj
 .ARM.attributes
                0x00000546       0x2c CMakeFiles/sunBoard.dir/Core/Src/system_stm32g0xx.c.obj
 .ARM.attributes
                0x00000572       0x2c CMakeFiles/sunBoard.dir/Core/Src/sysmem.c.obj
 .ARM.attributes
                0x0000059e       0x22 CMakeFiles/sunBoard.dir/startup_stm32g030xx.s.obj
 .ARM.attributes
                0x000005c0       0x2c CMakeFiles/sunBoard.dir/User/src/PCF8563.c.obj
 .ARM.attributes
                0x000005ec       0x2c CMakeFiles/sunBoard.dir/User/src/TM1650.c.obj
 .ARM.attributes
                0x00000618       0x2c CMakeFiles/sunBoard.dir/User/src/key.c.obj
 .ARM.attributes
                0x00000644       0x2c CMakeFiles/sunBoard.dir/User/src/motor.c.obj
 .ARM.attributes
                0x00000670       0x1e I:/cubeclt/cube/STM32CubeCLT_1.16.0/GNU-tools-for-STM32/bin/../lib/gcc/arm-none-eabi/12.3.1/thumb/v6-m/nofp\libgcc.a(_udivsi3.o)
 .ARM.attributes
                0x0000068e       0x1e I:/cubeclt/cube/STM32CubeCLT_1.16.0/GNU-tools-for-STM32/bin/../lib/gcc/arm-none-eabi/12.3.1/thumb/v6-m/nofp\libgcc.a(_dvmd_tls.o)
 .ARM.attributes
                0x000006ac       0x2c I:/cubeclt/cube/STM32CubeCLT_1.16.0/GNU-tools-for-STM32/bin/../lib/gcc/arm-none-eabi/12.3.1/../../../../arm-none-eabi/lib/thumb/v6-m/nofp\libg_nano.a(libc_a-malloc.o)
 .ARM.attributes
                0x000006d8       0x2c I:/cubeclt/cube/STM32CubeCLT_1.16.0/GNU-tools-for-STM32/bin/../lib/gcc/arm-none-eabi/12.3.1/../../../../arm-none-eabi/lib/thumb/v6-m/nofp\libg_nano.a(libc_a-errno.o)
 .ARM.attributes
                0x00000704       0x1e I:/cubeclt/cube/STM32CubeCLT_1.16.0/GNU-tools-for-STM32/bin/../lib/gcc/arm-none-eabi/12.3.1/thumb/v6-m/nofp/crtn.o
OUTPUT(sunBoard.elf elf32-littlearm)
LOAD linker stubs
LOAD I:/cubeclt/cube/STM32CubeCLT_1.16.0/GNU-tools-for-STM32/bin/../lib/gcc/arm-none-eabi/12.3.1/../../../../arm-none-eabi/lib/thumb/v6-m/nofp\libc.a
LOAD I:/cubeclt/cube/STM32CubeCLT_1.16.0/GNU-tools-for-STM32/bin/../lib/gcc/arm-none-eabi/12.3.1/../../../../arm-none-eabi/lib/thumb/v6-m/nofp\libm.a
LOAD I:/cubeclt/cube/STM32CubeCLT_1.16.0/GNU-tools-for-STM32/bin/../lib/gcc/arm-none-eabi/12.3.1/thumb/v6-m/nofp\libgcc.a

.debug_frame    0x00000000      0x39c
 .debug_frame   0x00000000      0x138 I:/cubeclt/cube/STM32CubeCLT_1.16.0/GNU-tools-for-STM32/bin/../lib/gcc/arm-none-eabi/12.3.1/../../../../arm-none-eabi/lib/thumb/v6-m/nofp\libc_nano.a(libc_a-findfp.o)
 .debug_frame   0x00000138       0x20 I:/cubeclt/cube/STM32CubeCLT_1.16.0/GNU-tools-for-STM32/bin/../lib/gcc/arm-none-eabi/12.3.1/../../../../arm-none-eabi/lib/thumb/v6-m/nofp\libc_nano.a(libc_a-memset.o)
 .debug_frame   0x00000158       0x2c I:/cubeclt/cube/STM32CubeCLT_1.16.0/GNU-tools-for-STM32/bin/../lib/gcc/arm-none-eabi/12.3.1/../../../../arm-none-eabi/lib/thumb/v6-m/nofp\libc_nano.a(libc_a-reent.o)
 .debug_frame   0x00000184       0x2c I:/cubeclt/cube/STM32CubeCLT_1.16.0/GNU-tools-for-STM32/bin/../lib/gcc/arm-none-eabi/12.3.1/../../../../arm-none-eabi/lib/thumb/v6-m/nofp\libc_nano.a(libc_a-init.o)
 .debug_frame   0x000001b0       0xb0 I:/cubeclt/cube/STM32CubeCLT_1.16.0/GNU-tools-for-STM32/bin/../lib/gcc/arm-none-eabi/12.3.1/../../../../arm-none-eabi/lib/thumb/v6-m/nofp\libc_nano.a(libc_a-lock.o)
 .debug_frame   0x00000260       0x50 I:/cubeclt/cube/STM32CubeCLT_1.16.0/GNU-tools-for-STM32/bin/../lib/gcc/arm-none-eabi/12.3.1/../../../../arm-none-eabi/lib/thumb/v6-m/nofp\libc_nano.a(libc_a-mallocr.o)
 .debug_frame   0x000002b0       0x40 I:/cubeclt/cube/STM32CubeCLT_1.16.0/GNU-tools-for-STM32/bin/../lib/gcc/arm-none-eabi/12.3.1/../../../../arm-none-eabi/lib/thumb/v6-m/nofp\libc_nano.a(libc_a-mlock.o)
 .debug_frame   0x000002f0       0x2c I:/cubeclt/cube/STM32CubeCLT_1.16.0/GNU-tools-for-STM32/bin/../lib/gcc/arm-none-eabi/12.3.1/../../../../arm-none-eabi/lib/thumb/v6-m/nofp\libc_nano.a(libc_a-sbrkr.o)
 .debug_frame   0x0000031c       0x20 I:/cubeclt/cube/STM32CubeCLT_1.16.0/GNU-tools-for-STM32/bin/../lib/gcc/arm-none-eabi/12.3.1/thumb/v6-m/nofp\libgcc.a(_udivsi3.o)
 .debug_frame   0x0000033c       0x40 I:/cubeclt/cube/STM32CubeCLT_1.16.0/GNU-tools-for-STM32/bin/../lib/gcc/arm-none-eabi/12.3.1/../../../../arm-none-eabi/lib/thumb/v6-m/nofp\libg_nano.a(libc_a-malloc.o)
 .debug_frame   0x0000037c       0x20 I:/cubeclt/cube/STM32CubeCLT_1.16.0/GNU-tools-for-STM32/bin/../lib/gcc/arm-none-eabi/12.3.1/../../../../arm-none-eabi/lib/thumb/v6-m/nofp\libg_nano.a(libc_a-errno.o)

.comment        0x00000000       0x43
 .comment       0x00000000       0x43 CMakeFiles/sunBoard.dir/Core/Src/main.c.obj
                                 0x44 (size before relaxing)
 .comment       0x00000043       0x44 CMakeFiles/sunBoard.dir/Core/Src/gpio.c.obj
 .comment       0x00000043       0x44 CMakeFiles/sunBoard.dir/Core/Src/dma.c.obj
 .comment       0x00000043       0x44 CMakeFiles/sunBoard.dir/Core/Src/i2c.c.obj
 .comment       0x00000043       0x44 CMakeFiles/sunBoard.dir/Core/Src/tim.c.obj
 .comment       0x00000043       0x44 CMakeFiles/sunBoard.dir/Core/Src/usart.c.obj
 .comment       0x00000043       0x44 CMakeFiles/sunBoard.dir/Core/Src/stm32g0xx_it.c.obj
 .comment       0x00000043       0x44 CMakeFiles/sunBoard.dir/Core/Src/stm32g0xx_hal_msp.c.obj
 .comment       0x00000043       0x44 CMakeFiles/sunBoard.dir/Drivers/STM32G0xx_HAL_Driver/Src/stm32g0xx_hal_i2c.c.obj
 .comment       0x00000043       0x44 CMakeFiles/sunBoard.dir/Drivers/STM32G0xx_HAL_Driver/Src/stm32g0xx_hal_i2c_ex.c.obj
 .comment       0x00000043       0x44 CMakeFiles/sunBoard.dir/Drivers/STM32G0xx_HAL_Driver/Src/stm32g0xx_hal_rcc.c.obj
 .comment       0x00000043       0x44 CMakeFiles/sunBoard.dir/Drivers/STM32G0xx_HAL_Driver/Src/stm32g0xx_hal_rcc_ex.c.obj
 .comment       0x00000043       0x44 CMakeFiles/sunBoard.dir/Drivers/STM32G0xx_HAL_Driver/Src/stm32g0xx_hal_gpio.c.obj
 .comment       0x00000043       0x44 CMakeFiles/sunBoard.dir/Drivers/STM32G0xx_HAL_Driver/Src/stm32g0xx_hal_dma.c.obj
 .comment       0x00000043       0x44 CMakeFiles/sunBoard.dir/Drivers/STM32G0xx_HAL_Driver/Src/stm32g0xx_hal_pwr_ex.c.obj
 .comment       0x00000043       0x44 CMakeFiles/sunBoard.dir/Drivers/STM32G0xx_HAL_Driver/Src/stm32g0xx_hal_cortex.c.obj
 .comment       0x00000043       0x44 CMakeFiles/sunBoard.dir/Drivers/STM32G0xx_HAL_Driver/Src/stm32g0xx_hal.c.obj
 .comment       0x00000043       0x44 CMakeFiles/sunBoard.dir/Drivers/STM32G0xx_HAL_Driver/Src/stm32g0xx_hal_tim.c.obj
 .comment       0x00000043       0x44 CMakeFiles/sunBoard.dir/Drivers/STM32G0xx_HAL_Driver/Src/stm32g0xx_hal_tim_ex.c.obj
 .comment       0x00000043       0x44 CMakeFiles/sunBoard.dir/Drivers/STM32G0xx_HAL_Driver/Src/stm32g0xx_hal_uart.c.obj
 .comment       0x00000043       0x44 CMakeFiles/sunBoard.dir/Core/Src/system_stm32g0xx.c.obj
 .comment       0x00000043       0x44 CMakeFiles/sunBoard.dir/Core/Src/sysmem.c.obj
 .comment       0x00000043       0x44 CMakeFiles/sunBoard.dir/User/src/PCF8563.c.obj
 .comment       0x00000043       0x44 CMakeFiles/sunBoard.dir/User/src/TM1650.c.obj
 .comment       0x00000043       0x44 CMakeFiles/sunBoard.dir/User/src/key.c.obj
 .comment       0x00000043       0x44 CMakeFiles/sunBoard.dir/User/src/motor.c.obj
 .comment       0x00000043       0x44 I:/cubeclt/cube/STM32CubeCLT_1.16.0/GNU-tools-for-STM32/bin/../lib/gcc/arm-none-eabi/12.3.1/../../../../arm-none-eabi/lib/thumb/v6-m/nofp\libg_nano.a(libc_a-malloc.o)
 .comment       0x00000043       0x44 I:/cubeclt/cube/STM32CubeCLT_1.16.0/GNU-tools-for-STM32/bin/../lib/gcc/arm-none-eabi/12.3.1/../../../../arm-none-eabi/lib/thumb/v6-m/nofp\libg_nano.a(libc_a-errno.o)

.debug_info     0x00000000      0xe8f
 .debug_info    0x00000000      0x794 I:/cubeclt/cube/STM32CubeCLT_1.16.0/GNU-tools-for-STM32/bin/../lib/gcc/arm-none-eabi/12.3.1/../../../../arm-none-eabi/lib/thumb/v6-m/nofp\libg_nano.a(libc_a-malloc.o)
 .debug_info    0x00000794      0x6fb I:/cubeclt/cube/STM32CubeCLT_1.16.0/GNU-tools-for-STM32/bin/../lib/gcc/arm-none-eabi/12.3.1/../../../../arm-none-eabi/lib/thumb/v6-m/nofp\libg_nano.a(libc_a-errno.o)

.debug_abbrev   0x00000000      0x32a
 .debug_abbrev  0x00000000      0x1cc I:/cubeclt/cube/STM32CubeCLT_1.16.0/GNU-tools-for-STM32/bin/../lib/gcc/arm-none-eabi/12.3.1/../../../../arm-none-eabi/lib/thumb/v6-m/nofp\libg_nano.a(libc_a-malloc.o)
 .debug_abbrev  0x000001cc      0x15e I:/cubeclt/cube/STM32CubeCLT_1.16.0/GNU-tools-for-STM32/bin/../lib/gcc/arm-none-eabi/12.3.1/../../../../arm-none-eabi/lib/thumb/v6-m/nofp\libg_nano.a(libc_a-errno.o)

.debug_loclists
                0x00000000       0x48
 .debug_loclists
                0x00000000       0x48 I:/cubeclt/cube/STM32CubeCLT_1.16.0/GNU-tools-for-STM32/bin/../lib/gcc/arm-none-eabi/12.3.1/../../../../arm-none-eabi/lib/thumb/v6-m/nofp\libg_nano.a(libc_a-malloc.o)

.debug_aranges  0x00000000       0x48
 .debug_aranges
                0x00000000       0x28 I:/cubeclt/cube/STM32CubeCLT_1.16.0/GNU-tools-for-STM32/bin/../lib/gcc/arm-none-eabi/12.3.1/../../../../arm-none-eabi/lib/thumb/v6-m/nofp\libg_nano.a(libc_a-malloc.o)
 .debug_aranges
                0x00000028       0x20 I:/cubeclt/cube/STM32CubeCLT_1.16.0/GNU-tools-for-STM32/bin/../lib/gcc/arm-none-eabi/12.3.1/../../../../arm-none-eabi/lib/thumb/v6-m/nofp\libg_nano.a(libc_a-errno.o)

.debug_rnglists
                0x00000000       0x2c
 .debug_rnglists
                0x00000000       0x19 I:/cubeclt/cube/STM32CubeCLT_1.16.0/GNU-tools-for-STM32/bin/../lib/gcc/arm-none-eabi/12.3.1/../../../../arm-none-eabi/lib/thumb/v6-m/nofp\libg_nano.a(libc_a-malloc.o)
 .debug_rnglists
                0x00000019       0x13 I:/cubeclt/cube/STM32CubeCLT_1.16.0/GNU-tools-for-STM32/bin/../lib/gcc/arm-none-eabi/12.3.1/../../../../arm-none-eabi/lib/thumb/v6-m/nofp\libg_nano.a(libc_a-errno.o)

.debug_line     0x00000000      0x39e
 .debug_line    0x00000000      0x210 I:/cubeclt/cube/STM32CubeCLT_1.16.0/GNU-tools-for-STM32/bin/../lib/gcc/arm-none-eabi/12.3.1/../../../../arm-none-eabi/lib/thumb/v6-m/nofp\libg_nano.a(libc_a-malloc.o)
 .debug_line    0x00000210      0x18e I:/cubeclt/cube/STM32CubeCLT_1.16.0/GNU-tools-for-STM32/bin/../lib/gcc/arm-none-eabi/12.3.1/../../../../arm-none-eabi/lib/thumb/v6-m/nofp\libg_nano.a(libc_a-errno.o)

.debug_str      0x00000000      0x55c
 .debug_str     0x00000000      0x4fc I:/cubeclt/cube/STM32CubeCLT_1.16.0/GNU-tools-for-STM32/bin/../lib/gcc/arm-none-eabi/12.3.1/../../../../arm-none-eabi/lib/thumb/v6-m/nofp\libg_nano.a(libc_a-malloc.o)
                                0x54f (size before relaxing)
 .debug_str     0x000004fc       0x60 I:/cubeclt/cube/STM32CubeCLT_1.16.0/GNU-tools-for-STM32/bin/../lib/gcc/arm-none-eabi/12.3.1/../../../../arm-none-eabi/lib/thumb/v6-m/nofp\libg_nano.a(libc_a-errno.o)
                                0x524 (size before relaxing)
